Archive member included to satisfy reference by file (symbol)

c:/st/stm32cubeide_1.10.1/stm32cubeide/plugins/com.st.stm32cube.ide.mcu.externaltools.gnu-tools-for-stm32.10.3-2021.10.win32_1.0.0.202111181127/tools/bin/../lib/gcc/arm-none-eabi/10.3.1/../../../../arm-none-eabi/lib/thumb/v7e-m+fp/hard\libc_nano.a(lib_a-ctype_.o)
                              ./Src/MorseConversionLayer.o (_ctype_)
c:/st/stm32cubeide_1.10.1/stm32cubeide/plugins/com.st.stm32cube.ide.mcu.externaltools.gnu-tools-for-stm32.10.3-2021.10.win32_1.0.0.202111181127/tools/bin/../lib/gcc/arm-none-eabi/10.3.1/../../../../arm-none-eabi/lib/thumb/v7e-m+fp/hard\libc_nano.a(lib_a-errno.o)
                              ./Src/syscalls.o (__errno)
c:/st/stm32cubeide_1.10.1/stm32cubeide/plugins/com.st.stm32cube.ide.mcu.externaltools.gnu-tools-for-stm32.10.3-2021.10.win32_1.0.0.202111181127/tools/bin/../lib/gcc/arm-none-eabi/10.3.1/../../../../arm-none-eabi/lib/thumb/v7e-m+fp/hard\libc_nano.a(lib_a-exit.o)
                              c:/st/stm32cubeide_1.10.1/stm32cubeide/plugins/com.st.stm32cube.ide.mcu.externaltools.gnu-tools-for-stm32.10.3-2021.10.win32_1.0.0.202111181127/tools/bin/../lib/gcc/arm-none-eabi/10.3.1/../../../../arm-none-eabi/lib/thumb/v7e-m+fp/hard/crt0.o (exit)
c:/st/stm32cubeide_1.10.1/stm32cubeide/plugins/com.st.stm32cube.ide.mcu.externaltools.gnu-tools-for-stm32.10.3-2021.10.win32_1.0.0.202111181127/tools/bin/../lib/gcc/arm-none-eabi/10.3.1/../../../../arm-none-eabi/lib/thumb/v7e-m+fp/hard\libc_nano.a(lib_a-impure.o)
                              c:/st/stm32cubeide_1.10.1/stm32cubeide/plugins/com.st.stm32cube.ide.mcu.externaltools.gnu-tools-for-stm32.10.3-2021.10.win32_1.0.0.202111181127/tools/bin/../lib/gcc/arm-none-eabi/10.3.1/../../../../arm-none-eabi/lib/thumb/v7e-m+fp/hard\libc_nano.a(lib_a-exit.o) (_global_impure_ptr)
c:/st/stm32cubeide_1.10.1/stm32cubeide/plugins/com.st.stm32cube.ide.mcu.externaltools.gnu-tools-for-stm32.10.3-2021.10.win32_1.0.0.202111181127/tools/bin/../lib/gcc/arm-none-eabi/10.3.1/../../../../arm-none-eabi/lib/thumb/v7e-m+fp/hard\libc_nano.a(lib_a-init.o)
                              c:/st/stm32cubeide_1.10.1/stm32cubeide/plugins/com.st.stm32cube.ide.mcu.externaltools.gnu-tools-for-stm32.10.3-2021.10.win32_1.0.0.202111181127/tools/bin/../lib/gcc/arm-none-eabi/10.3.1/../../../../arm-none-eabi/lib/thumb/v7e-m+fp/hard/crt0.o (__libc_init_array)
c:/st/stm32cubeide_1.10.1/stm32cubeide/plugins/com.st.stm32cube.ide.mcu.externaltools.gnu-tools-for-stm32.10.3-2021.10.win32_1.0.0.202111181127/tools/bin/../lib/gcc/arm-none-eabi/10.3.1/../../../../arm-none-eabi/lib/thumb/v7e-m+fp/hard\libc_nano.a(lib_a-memcpy-stub.o)
                              ./Src/vl53l0x_api.o (memcpy)
c:/st/stm32cubeide_1.10.1/stm32cubeide/plugins/com.st.stm32cube.ide.mcu.externaltools.gnu-tools-for-stm32.10.3-2021.10.win32_1.0.0.202111181127/tools/bin/../lib/gcc/arm-none-eabi/10.3.1/../../../../arm-none-eabi/lib/thumb/v7e-m+fp/hard\libc_nano.a(lib_a-memset.o)
                              c:/st/stm32cubeide_1.10.1/stm32cubeide/plugins/com.st.stm32cube.ide.mcu.externaltools.gnu-tools-for-stm32.10.3-2021.10.win32_1.0.0.202111181127/tools/bin/../lib/gcc/arm-none-eabi/10.3.1/../../../../arm-none-eabi/lib/thumb/v7e-m+fp/hard/crt0.o (memset)
c:/st/stm32cubeide_1.10.1/stm32cubeide/plugins/com.st.stm32cube.ide.mcu.externaltools.gnu-tools-for-stm32.10.3-2021.10.win32_1.0.0.202111181127/tools/bin/../lib/gcc/arm-none-eabi/10.3.1/../../../../arm-none-eabi/lib/thumb/v7e-m+fp/hard\libc_nano.a(lib_a-printf.o)
                              ./Src/main.o (printf)
c:/st/stm32cubeide_1.10.1/stm32cubeide/plugins/com.st.stm32cube.ide.mcu.externaltools.gnu-tools-for-stm32.10.3-2021.10.win32_1.0.0.202111181127/tools/bin/../lib/gcc/arm-none-eabi/10.3.1/../../../../arm-none-eabi/lib/thumb/v7e-m+fp/hard\libc_nano.a(lib_a-snprintf.o)
                              ./Src/main.o (snprintf)
c:/st/stm32cubeide_1.10.1/stm32cubeide/plugins/com.st.stm32cube.ide.mcu.externaltools.gnu-tools-for-stm32.10.3-2021.10.win32_1.0.0.202111181127/tools/bin/../lib/gcc/arm-none-eabi/10.3.1/../../../../arm-none-eabi/lib/thumb/v7e-m+fp/hard\libc_nano.a(lib_a-strcmp.o)
                              ./Src/MorseConversionLayer.o (strcmp)
c:/st/stm32cubeide_1.10.1/stm32cubeide/plugins/com.st.stm32cube.ide.mcu.externaltools.gnu-tools-for-stm32.10.3-2021.10.win32_1.0.0.202111181127/tools/bin/../lib/gcc/arm-none-eabi/10.3.1/../../../../arm-none-eabi/lib/thumb/v7e-m+fp/hard\libc_nano.a(lib_a-strcpy.o)
                              ./Src/vl53l0x_api_core.o (strcpy)
c:/st/stm32cubeide_1.10.1/stm32cubeide/plugins/com.st.stm32cube.ide.mcu.externaltools.gnu-tools-for-stm32.10.3-2021.10.win32_1.0.0.202111181127/tools/bin/../lib/gcc/arm-none-eabi/10.3.1/../../../../arm-none-eabi/lib/thumb/v7e-m+fp/hard\libc_nano.a(lib_a-strlen.o)
                              ./Src/main.o (strlen)
[...]
Memory Configuration

Name             Origin             Length             Attributes
RAM              0x0000000020000000 0x00000000000a0000 xrw
RAM2             0x0000000010000000 0x0000000000010000 xrw
RAM3             0x0000000020040000 0x0000000000060000 xrw
FLASH            0x0000000008000000 0x0000000000200000 xr
*default*        0x0000000000000000 0xffffffffffffffff

Linker script and memory map

LOAD c:/st/stm32cubeide_1.10.1/stm32cubeide/plugins/com.st.stm32cube.ide.mcu.externaltools.gnu-tools-for-stm32.10.3-2021.10.win32_1.0.0.202111181127/tools/bin/../lib/gcc/arm-none-eabi/10.3.1/thumb/v7e-m+fp/hard/crti.o
LOAD c:/st/stm32cubeide_1.10.1/stm32cubeide/plugins/com.st.stm32cube.ide.mcu.externaltools.gnu-tools-for-stm32.10.3-2021.10.win32_1.0.0.202111181127/tools/bin/../lib/gcc/arm-none-eabi/10.3.1/thumb/v7e-m+fp/hard/crtbegin.o
LOAD c:/st/stm32cubeide_1.10.1/stm32cubeide/plugins/com.st.stm32cube.ide.mcu.externaltools.gnu-tools-for-stm32.10.3-2021.10.win32_1.0.0.202111181127/tools/bin/../lib/gcc/arm-none-eabi/10.3.1/../../../../arm-none-eabi/lib/thumb/v7e-m+fp/hard/crt0.o
LOAD ./Drivers/STM32L4xx_HAL_Driver/Src/stm32l4xx_hal.o
LOAD ./Drivers/STM32L4xx_HAL_Driver/Src/stm32l4xx_hal_cortex.o
LOAD ./Drivers/STM32L4xx_HAL_Driver/Src/stm32l4xx_hal_dma.o
LOAD ./Drivers/STM32L4xx_HAL_Driver/Src/stm32l4xx_hal_dma_ex.o
LOAD ./Drivers/STM32L4xx_HAL_Driver/Src/stm32l4xx_hal_exti.o
LOAD ./Drivers/STM32L4xx_HAL_Driver/Src/stm32l4xx_hal_flash.o
LOAD ./Drivers/STM32L4xx_HAL_Driver/Src/stm32l4xx_hal_flash_ex.o
LOAD ./Drivers/STM32L4xx_HAL_Driver/Src/stm32l4xx_hal_flash_ramfunc.o
LOAD ./Drivers/STM32L4xx_HAL_Driver/Src/stm32l4xx_hal_gpio.o
LOAD ./Drivers/STM32L4xx_HAL_Driver/Src/stm32l4xx_hal_i2c.o
LOAD ./Drivers/STM32L4xx_HAL_Driver/Src/stm32l4xx_hal_i2c_ex.o
LOAD ./Drivers/STM32L4xx_HAL_Driver/Src/stm32l4xx_hal_pwr.o
LOAD ./Drivers/STM32L4xx_HAL_Driver/Src/stm32l4xx_hal_pwr_ex.o
LOAD ./Drivers/STM32L4xx_HAL_Driver/Src/stm32l4xx_hal_rcc.o
LOAD ./Drivers/STM32L4xx_HAL_Driver/Src/stm32l4xx_hal_rcc_ex.o
LOAD ./Drivers/STM32L4xx_HAL_Driver/Src/stm32l4xx_hal_tim.o
LOAD ./Drivers/STM32L4xx_HAL_Driver/Src/stm32l4xx_hal_tim_ex.o
LOAD ./Drivers/STM32L4xx_HAL_Driver/Src/stm32l4xx_hal_uart.o
LOAD ./Drivers/STM32L4xx_HAL_Driver/Src/stm32l4xx_hal_uart_ex.o
LOAD ./Src/MorseConversionLayer.o
LOAD ./Src/main.o
LOAD ./Src/stm32l4xx_hal_msp.o
LOAD ./Src/stm32l4xx_it.o
LOAD ./Src/syscalls.o
LOAD ./Src/sysmem.o
LOAD ./Src/system_stm32l4xx.o
LOAD ./Src/vl53l0x_api.o
LOAD ./Src/vl53l0x_api_calibration.o
LOAD ./Src/vl53l0x_api_core.o
LOAD ./Src/vl53l0x_api_ranging.o
LOAD ./Src/vl53l0x_api_strings.o
LOAD ./Src/vl53l0x_platform.o
LOAD ./Startup/startup_stm32l4s5vitx.o
START GROUP
LOAD c:/st/stm32cubeide_1.10.1/stm32cubeide/plugins/com.st.stm32cube.ide.mcu.externaltools.gnu-tools-for-stm32.10.3-2021.10.win32_1.0.0.202111181127/tools/bin/../lib/gcc/arm-none-eabi/10.3.1/../../../../arm-none-eabi/lib/thumb/v7e-m+fp/hard\libc_nano.a
LOAD c:/st/stm32cubeide_1.10.1/stm32cubeide/plugins/com.st.stm32cube.ide.mcu.externaltools.gnu-tools-for-stm32.10.3-2021.10.win32_1.0.0.202111181127/tools/bin/../lib/gcc/arm-none-eabi/10.3.1/../../../../arm-none-eabi/lib/thumb/v7e-m+fp/hard\libm.a
END GROUP
START GROUP
LOAD c:/st/stm32cubeide_1.10.1/stm32cubeide/plugins/com.st.stm32cube.ide.mcu.externaltools.gnu-tools-for-stm32.10.3-2021.10.win32_1.0.0.202111181127/tools/bin/../lib/gcc/arm-none-eabi/10.3.1/thumb/v7e-m+fp/hard\libgcc.a
LOAD c:/st/stm32cubeide_1.10.1/stm32cubeide/plugins/com.st.stm32cube.ide.mcu.externaltools.gnu-tools-for-stm32.10.3-2021.10.win32_1.0.0.202111181127/tools/bin/../lib/gcc/arm-none-eabi/10.3.1/../../../../arm-none-eabi/lib/thumb/v7e-m+fp/hard\libc_nano.a
END GROUP
START GROUP
LOAD c:/st/stm32cubeide_1.10.1/stm32cubeide/plugins/com.st.stm32cube.ide.mcu.externaltools.gnu-tools-for-stm32.10.3-2021.10.win32_1.0.0.202111181127/tools/bin/../lib/gcc/arm-none-eabi/10.3.1/thumb/v7e-m+fp/hard\libgcc.a
LOAD c:/st/stm32cubeide_1.10.1/stm32cubeide/plugins/com.st.stm32cube.ide.mcu.externaltools.gnu-tools-for-stm32.10.3-2021.10.win32_1.0.0.202111181127/tools/bin/../lib/gcc/arm-none-eabi/10.3.1/../../../../arm-none-eabi/lib/thumb/v7e-m+fp/hard\libc_nano.a
LOAD c:/st/stm32cubeide_1.10.1/stm32cubeide/plugins/com.st.stm32cube.ide.mcu.externaltools.gnu-tools-for-stm32.10.3-2021.10.win32_1.0.0.202111181127/tools/bin/../lib/gcc/arm-none-eabi/10.3.1/../../../../arm-none-eabi/lib/thumb/v7e-m+fp/hard\libnosys.a
END GROUP
START GROUP
LOAD c:/st/stm32cubeide_1.10.1/stm32cubeide/plugins/com.st.stm32cube.ide.mcu.externaltools.gnu-tools-for-stm32.10.3-2021.10.win32_1.0.0.202111181127/tools/bin/../lib/gcc/arm-none-eabi/10.3.1/thumb/v7e-m+fp/hard\libgcc.a
LOAD c:/st/stm32cubeide_1.10.1/stm32cubeide/plugins/com.st.stm32cube.ide.mcu.externaltools.gnu-tools-for-stm32.10.3-2021.10.win32_1.0.0.202111181127/tools/bin/../lib/gcc/arm-none-eabi/10.3.1/../../../../arm-none-eabi/lib/thumb/v7e-m+fp/hard\libc_nano.a
LOAD c:/st/stm32cubeide_1.10.1/stm32cubeide/plugins/com.st.stm32cube.ide.mcu.externaltools.gnu-tools-for-stm32.10.3-2021.10.win32_1.0.0.202111181127/tools/bin/../lib/gcc/arm-none-eabi/10.3.1/../../../../arm-none-eabi/lib/thumb/v7e-m+fp/hard\libnosys.a
END GROUP
LOAD c:/st/stm32cubeide_1.10.1/stm32cubeide/plugins/com.st.stm32cube.ide.mcu.externaltools.gnu-tools-for-stm32.10.3-2021.10.win32_1.0.0.202111181127/tools/bin/../lib/gcc/arm-none-eabi/10.3.1/thumb/v7e-m+fp/hard/crtend.o
LOAD c:/st/stm32cubeide_1.10.1/stm32cubeide/plugins/com.st.stm32cube.ide.mcu.externaltools.gnu-tools-for-stm32.10.3-2021.10.win32_1.0.0.202111181127/tools/bin/../lib/gcc/arm-none-eabi/10.3.1/thumb/v7e-m+fp/hard/crtn.o
                0x00000000200a0000                _estack = (ORIGIN (RAM) + LENGTH (RAM))
                0x0000000000000200                _Min_Heap_Size = 0x200
                0x0000000000000400                _Min_Stack_Size = 0x400

.isr_vector     0x0000000008000000      0x1bc
                0x0000000008000000                . = ALIGN (0x4)
 *(.isr_vector)
 .isr_vector    0x0000000008000000      0x1bc ./Startup/startup_stm32l4s5vitx.o
                0x0000000008000000                g_pfnVectors
                0x00000000080001bc                . = ALIGN (0x4)

.text           0x00000000080001c0     0x99ac
                0x00000000080001c0                . = ALIGN (0x4)
 *(.text)
 .text          0x00000000080001c0       0x40 c:/st/stm32cubeide_1.10.1/stm32cubeide/plugins/com.st.stm32cube.ide.mcu.externaltools.gnu-tools-for-stm32.10.3-2021.10.win32_1.0.0.202111181127/tools/bin/../lib/gcc/arm-none-eabi/10.3.1/thumb/v7e-m+fp/hard/crtbegin.o
 .text          0x0000000008000200       0x14 c:/st/stm32cubeide_1.10.1/stm32cubeide/plugins/com.st.stm32cube.ide.mcu.externaltools.gnu-tools-for-stm32.10.3-2021.10.win32_1.0.0.202111181127/tools/bin/../lib/gcc/arm-none-eabi/10.3.1/../../../../arm-none-eabi/lib/thumb/v7e-m+fp/hard\libc_nano.a(lib_a-strcmp.o)
                0x0000000008000200                strcmp
 .text          0x0000000008000214       0x10 c:/st/stm32cubeide_1.10.1/stm32cubeide/plugins/com.st.stm32cube.ide.mcu.externaltools.gnu-tools-for-stm32.10.3-2021.10.win32_1.0.0.202111181127/tools/bin/../lib/gcc/arm-none-eabi/10.3.1/../../../../arm-none-eabi/lib/thumb/v7e-m+fp/hard\libc_nano.a(lib_a-strlen.o)
                0x0000000008000214                strlen
 *fill*         0x0000000008000224        0xc 
 .text          0x0000000008000230       0xa0 c:/st/stm32cubeide_1.10.1/stm32cubeide/plugins/com.st.stm32cube.ide.mcu.externaltools.gnu-tools-for-stm32.10.3-2021.10.win32_1.0.0.202111181127/tools/bin/../lib/gcc/arm-none-eabi/10.3.1/../../../../arm-none-eabi/lib/thumb/v7e-m+fp/hard\libc_nano.a(lib_a-memchr.o)
                0x0000000008000230                memchr
 .text          0x00000000080002d0       0x30 c:/st/stm32cubeide_1.10.1/stm32cubeide/plugins/com.st.stm32cube.ide.mcu.externaltools.gnu-tools-for-stm32.10.3-2021.10.win32_1.0.0.202111181127/tools/bin/../lib/gcc/arm-none-eabi/10.3.1/thumb/v7e-m+fp/hard\libgcc.a(_aeabi_uldivmod.o)
                0x00000000080002d0                __aeabi_uldivmod
 .text          0x0000000008000300      0x2d0 c:/st/stm32cubeide_1.10.1/stm32cubeide/plugins/com.st.stm32cube.ide.mcu.externaltools.gnu-tools-for-stm32.10.3-2021.10.win32_1.0.0.202111181127/tools/bin/../lib/gcc/arm-none-eabi/10.3.1/thumb/v7e-m+fp/hard\libgcc.a(_udivmoddi4.o)
                0x0000000008000300                __udivmoddi4
 .text          0x00000000080005d0        0x4 c:/st/stm32cubeide_1.10.1/stm32cubeide/plugins/com.st.stm32cube.ide.mcu.externaltools.gnu-tools-for-stm32.10.3-2021.10.win32_1.0.0.202111181127/tools/bin/../lib/gcc/arm-none-eabi/10.3.1/thumb/v7e-m+fp/hard\libgcc.a(_dvmd_tls.o)
                0x00000000080005d0                __aeabi_idiv0
                0x00000000080005d0                __aeabi_ldiv0
 *(.text*)
 .text.HAL_Init
                0x00000000080005d4       0x30 ./Drivers/STM32L4xx_HAL_Driver/Src/stm32l4xx_hal.o
                0x00000000080005d4                HAL_Init
 .text.HAL_InitTick
                0x0000000008000604       0x78 ./Drivers/STM32L4xx_HAL_Driver/Src/stm32l4xx_hal.o
                0x0000000008000604                HAL_InitTick
 .text.HAL_IncTick
                0x000000000800067c       0x28 ./Drivers/STM32L4xx_HAL_Driver/Src/stm32l4xx_hal.o
                0x000000000800067c                HAL_IncTick
 .text.HAL_GetTick
                0x00000000080006a4       0x18 ./Drivers/STM32L4xx_HAL_Driver/Src/stm32l4xx_hal.o
                0x00000000080006a4                HAL_GetTick
 .text.HAL_Delay
                0x00000000080006bc       0x48 ./Drivers/STM32L4xx_HAL_Driver/Src/stm32l4xx_hal.o
                0x00000000080006bc                HAL_Delay
 .text.__NVIC_SetPriorityGrouping
                0x0000000008000704       0x48 ./Drivers/STM32L4xx_HAL_Driver/Src/stm32l4xx_hal_cortex.o
 .text.__NVIC_GetPriorityGrouping
                0x000000000800074c       0x1c ./Drivers/STM32L4xx_HAL_Driver/Src/stm32l4xx_hal_cortex.o
 .text.__NVIC_SetPriority
                0x0000000008000768       0x54 ./Drivers/STM32L4xx_HAL_Driver/Src/stm32l4xx_hal_cortex.o
 .text.NVIC_EncodePriority
                0x00000000080007bc       0x66 ./Drivers/STM32L4xx_HAL_Driver/Src/stm32l4xx_hal_cortex.o
 *fill*         0x0000000008000822        0x2 
 .text.SysTick_Config
                0x0000000008000824       0x44 ./Drivers/STM32L4xx_HAL_Driver/Src/stm32l4xx_hal_cortex.o
 .text.HAL_NVIC_SetPriorityGrouping
                0x0000000008000868       0x16 ./Drivers/STM32L4xx_HAL_Driver/Src/stm32l4xx_hal_cortex.o
                0x0000000008000868                HAL_NVIC_SetPriorityGrouping
 .text.HAL_NVIC_SetPriority
                0x000000000800087e       0x38 ./Drivers/STM32L4xx_HAL_Driver/Src/stm32l4xx_hal_cortex.o
                0x000000000800087e                HAL_NVIC_SetPriority
 .text.HAL_SYSTICK_Config
                0x00000000080008b6       0x18 ./Drivers/STM32L4xx_HAL_Driver/Src/stm32l4xx_hal_cortex.o
                0x00000000080008b6                HAL_SYSTICK_Config
 *fill*         0x00000000080008ce        0x2 
 .text.HAL_GPIO_Init
                0x00000000080008d0      0x324 ./Drivers/STM32L4xx_HAL_Driver/Src/stm32l4xx_hal_gpio.o
                0x00000000080008d0                HAL_GPIO_Init
 .text.HAL_I2C_Init
                0x0000000008000bf4      0x11e ./Drivers/STM32L4xx_HAL_Driver/Src/stm32l4xx_hal_i2c.o
                0x0000000008000bf4                HAL_I2C_Init
 *fill*         0x0000000008000d12        0x2 
 .text.HAL_I2C_Master_Transmit
                0x0000000008000d14      0x1e8 ./Drivers/STM32L4xx_HAL_Driver/Src/stm32l4xx_hal_i2c.o
                0x0000000008000d14                HAL_I2C_Master_Transmit
 .text.HAL_I2C_Master_Receive
                0x0000000008000efc      0x1ec ./Drivers/STM32L4xx_HAL_Driver/Src/stm32l4xx_hal_i2c.o
                0x0000000008000efc                HAL_I2C_Master_Receive
 .text.I2C_Flush_TXDR
                0x00000000080010e8       0x48 ./Drivers/STM32L4xx_HAL_Driver/Src/stm32l4xx_hal_i2c.o
 .text.I2C_WaitOnFlagUntilTimeout
                0x0000000008001130       0x80 ./Drivers/STM32L4xx_HAL_Driver/Src/stm32l4xx_hal_i2c.o
 .text.I2C_WaitOnTXISFlagUntilTimeout
                0x00000000080011b0       0x80 ./Drivers/STM32L4xx_HAL_Driver/Src/stm32l4xx_hal_i2c.o
 .text.I2C_WaitOnSTOPFlagUntilTimeout
                0x0000000008001230       0x78 ./Drivers/STM32L4xx_HAL_Driver/Src/stm32l4xx_hal_i2c.o
 .text.I2C_WaitOnRXNEFlagUntilTimeout
                0x00000000080012a8       0xf4 ./Drivers/STM32L4xx_HAL_Driver/Src/stm32l4xx_hal_i2c.o
 .text.I2C_IsErrorOccurred
                0x000000000800139c      0x1d8 ./Drivers/STM32L4xx_HAL_Driver/Src/stm32l4xx_hal_i2c.o
 .text.I2C_TransferConfig
                0x0000000008001574       0x64 ./Drivers/STM32L4xx_HAL_Driver/Src/stm32l4xx_hal_i2c.o
 .text.HAL_I2CEx_ConfigAnalogFilter
                0x00000000080015d8       0x96 ./Drivers/STM32L4xx_HAL_Driver/Src/stm32l4xx_hal_i2c_ex.o
                0x00000000080015d8                HAL_I2CEx_ConfigAnalogFilter
 .text.HAL_I2CEx_ConfigDigitalFilter
                0x000000000800166e       0x98 ./Drivers/STM32L4xx_HAL_Driver/Src/stm32l4xx_hal_i2c_ex.o
                0x000000000800166e                HAL_I2CEx_ConfigDigitalFilter
 *fill*         0x0000000008001706        0x2 
 .text.HAL_PWREx_GetVoltageRange
                0x0000000008001708       0x40 ./Drivers/STM32L4xx_HAL_Driver/Src/stm32l4xx_hal_pwr_ex.o
                0x0000000008001708                HAL_PWREx_GetVoltageRange
 .text.HAL_PWREx_ControlVoltageScaling
                0x0000000008001748      0x148 ./Drivers/STM32L4xx_HAL_Driver/Src/stm32l4xx_hal_pwr_ex.o
                0x0000000008001748                HAL_PWREx_ControlVoltageScaling
 .text.HAL_RCC_OscConfig
                0x0000000008001890      0x834 ./Drivers/STM32L4xx_HAL_Driver/Src/stm32l4xx_hal_rcc.o
                0x0000000008001890                HAL_RCC_OscConfig
 .text.HAL_RCC_ClockConfig
                0x00000000080020c4      0x274 ./Drivers/STM32L4xx_HAL_Driver/Src/stm32l4xx_hal_rcc.o
                0x00000000080020c4                HAL_RCC_ClockConfig
 .text.HAL_RCC_GetSysClockFreq
                0x0000000008002338      0x118 ./Drivers/STM32L4xx_HAL_Driver/Src/stm32l4xx_hal_rcc.o
                0x0000000008002338                HAL_RCC_GetSysClockFreq
 .text.HAL_RCC_GetHCLKFreq
                0x0000000008002450       0x18 ./Drivers/STM32L4xx_HAL_Driver/Src/stm32l4xx_hal_rcc.o
                0x0000000008002450                HAL_RCC_GetHCLKFreq
 .text.HAL_RCC_GetPCLK1Freq
                0x0000000008002468       0x2c ./Drivers/STM32L4xx_HAL_Driver/Src/stm32l4xx_hal_rcc.o
                0x0000000008002468                HAL_RCC_GetPCLK1Freq
 .text.HAL_RCC_GetPCLK2Freq
                0x0000000008002494       0x2c ./Drivers/STM32L4xx_HAL_Driver/Src/stm32l4xx_hal_rcc.o
                0x0000000008002494                HAL_RCC_GetPCLK2Freq
 .text.RCC_SetFlashLatencyFromMSIRange
                0x00000000080024c0       0xb4 ./Drivers/STM32L4xx_HAL_Driver/Src/stm32l4xx_hal_rcc.o
 .text.RCC_GetSysClockFreqFromPLLSource
                0x0000000008002574       0xcc ./Drivers/STM32L4xx_HAL_Driver/Src/stm32l4xx_hal_rcc.o
 .text.HAL_RCCEx_PeriphCLKConfig
                0x0000000008002640      0x660 ./Drivers/STM32L4xx_HAL_Driver/Src/stm32l4xx_hal_rcc_ex.o
                0x0000000008002640                HAL_RCCEx_PeriphCLKConfig
 .text.RCCEx_PLLSAI1_Config
                0x0000000008002ca0      0x1e8 ./Drivers/STM32L4xx_HAL_Driver/Src/stm32l4xx_hal_rcc_ex.o
 .text.RCCEx_PLLSAI2_Config
                0x0000000008002e88      0x1e8 ./Drivers/STM32L4xx_HAL_Driver/Src/stm32l4xx_hal_rcc_ex.o
 .text.HAL_UART_Init
                0x0000000008003070       0xa0 ./Drivers/STM32L4xx_HAL_Driver/Src/stm32l4xx_hal_uart.o
                0x0000000008003070                HAL_UART_Init
 .text.HAL_UART_Transmit
                0x0000000008003110      0x12e ./Drivers/STM32L4xx_HAL_Driver/Src/stm32l4xx_hal_uart.o
                0x0000000008003110                HAL_UART_Transmit
 *fill*         0x000000000800323e        0x2 
 .text.UART_SetConfig
                0x0000000008003240      0x5f8 ./Drivers/STM32L4xx_HAL_Driver/Src/stm32l4xx_hal_uart.o
                0x0000000008003240                UART_SetConfig
 .text.UART_AdvFeatureConfig
                0x0000000008003838      0x144 ./Drivers/STM32L4xx_HAL_Driver/Src/stm32l4xx_hal_uart.o
                0x0000000008003838                UART_AdvFeatureConfig
 .text.UART_CheckIdleState
                0x000000000800397c       0x96 ./Drivers/STM32L4xx_HAL_Driver/Src/stm32l4xx_hal_uart.o
                0x000000000800397c                UART_CheckIdleState
 .text.UART_WaitOnFlagUntilTimeout
                0x0000000008003a12      0x190 ./Drivers/STM32L4xx_HAL_Driver/Src/stm32l4xx_hal_uart.o
                0x0000000008003a12                UART_WaitOnFlagUntilTimeout
 .text.HAL_UARTEx_DisableFifoMode
                0x0000000008003ba2       0x72 ./Drivers/STM32L4xx_HAL_Driver/Src/stm32l4xx_hal_uart_ex.o
                0x0000000008003ba2                HAL_UARTEx_DisableFifoMode
 .text.HAL_UARTEx_SetTxFifoThreshold
                0x0000000008003c14       0x7c ./Drivers/STM32L4xx_HAL_Driver/Src/stm32l4xx_hal_uart_ex.o
                0x0000000008003c14                HAL_UARTEx_SetTxFifoThreshold
 .text.HAL_UARTEx_SetRxFifoThreshold
                0x0000000008003c90       0x7c ./Drivers/STM32L4xx_HAL_Driver/Src/stm32l4xx_hal_uart_ex.o
                0x0000000008003c90                HAL_UARTEx_SetRxFifoThreshold
 .text.UARTEx_SetNbDataToProcess
                0x0000000008003d0c       0x9c ./Drivers/STM32L4xx_HAL_Driver/Src/stm32l4xx_hal_uart_ex.o
 .text.findIndexByElement
                0x0000000008003da8       0x4e ./Src/MorseConversionLayer.o
                0x0000000008003da8                findIndexByElement
 *fill*         0x0000000008003df6        0x2 
 .text.convertMorseToText
                0x0000000008003df8       0x88 ./Src/MorseConversionLayer.o
                0x0000000008003df8                convertMorseToText
 .text.main     0x0000000008003e80      0x134 ./Src/main.o
                0x0000000008003e80                main
 .text.SystemClock_Config
                0x0000000008003fb4       0xa4 ./Src/main.o
                0x0000000008003fb4                SystemClock_Config
 .text.MX_I2C2_Init
                0x0000000008004058       0x80 ./Src/main.o
 .text.MX_USART1_UART_Init
                0x00000000080040d8       0x98 ./Src/main.o
 .text.MX_GPIO_Init
                0x0000000008004170       0x74 ./Src/main.o
 .text.read_char_morse
                0x00000000080041e4       0xe0 ./Src/main.o
                0x00000000080041e4                read_char_morse
 .text.Error_Handler
                0x00000000080042c4        0xa ./Src/main.o
                0x00000000080042c4                Error_Handler
 *fill*         0x00000000080042ce        0x2 
 .text.HAL_MspInit
                0x00000000080042d0       0x48 ./Src/stm32l4xx_hal_msp.o
                0x00000000080042d0                HAL_MspInit
 .text.HAL_I2C_MspInit
                0x0000000008004318       0xbc ./Src/stm32l4xx_hal_msp.o
                0x0000000008004318                HAL_I2C_MspInit
 .text.HAL_UART_MspInit
                0x00000000080043d4       0xbc ./Src/stm32l4xx_hal_msp.o
                0x00000000080043d4                HAL_UART_MspInit
 .text.NMI_Handler
                0x0000000008004490        0x6 ./Src/stm32l4xx_it.o
                0x0000000008004490                NMI_Handler
 .text.HardFault_Handler
                0x0000000008004496        0x6 ./Src/stm32l4xx_it.o
                0x0000000008004496                HardFault_Handler
 .text.MemManage_Handler
                0x000000000800449c        0x6 ./Src/stm32l4xx_it.o
                0x000000000800449c                MemManage_Handler
 .text.BusFault_Handler
                0x00000000080044a2        0x6 ./Src/stm32l4xx_it.o
                0x00000000080044a2                BusFault_Handler
 .text.UsageFault_Handler
                0x00000000080044a8        0x6 ./Src/stm32l4xx_it.o
                0x00000000080044a8                UsageFault_Handler
 .text.SVC_Handler
                0x00000000080044ae        0xe ./Src/stm32l4xx_it.o
                0x00000000080044ae                SVC_Handler
 .text.DebugMon_Handler
                0x00000000080044bc        0xe ./Src/stm32l4xx_it.o
                0x00000000080044bc                DebugMon_Handler
 .text.PendSV_Handler
                0x00000000080044ca        0xe ./Src/stm32l4xx_it.o
                0x00000000080044ca                PendSV_Handler
 .text.SysTick_Handler
                0x00000000080044d8        0xc ./Src/stm32l4xx_it.o
                0x00000000080044d8                SysTick_Handler
 .text._sbrk    0x00000000080044e4       0x6c ./Src/sysmem.o
                0x00000000080044e4                _sbrk
 .text.SystemInit
                0x0000000008004550       0x24 ./Src/system_stm32l4xx.o
                0x0000000008004550                SystemInit
 .text.VL53L0X_GetOffsetCalibrationDataMicroMeter
                0x0000000008004574       0x26 ./Src/vl53l0x_api.o
                0x0000000008004574                VL53L0X_GetOffsetCalibrationDataMicroMeter
 *fill*         0x000000000800459a        0x2 
 .text.VL53L0X_DataInit
                0x000000000800459c      0x30c ./Src/vl53l0x_api.o
                0x000000000800459c                VL53L0X_DataInit
 .text.VL53L0X_StaticInit
                0x00000000080048a8      0x308 ./Src/vl53l0x_api.o
                0x00000000080048a8                VL53L0X_StaticInit
 .text.VL53L0X_ResetDevice
                0x0000000008004bb0       0x90 ./Src/vl53l0x_api.o
                0x0000000008004bb0                VL53L0X_ResetDevice
 .text.VL53L0X_GetDeviceParameters
                0x0000000008004c40      0x16a ./Src/vl53l0x_api.o
                0x0000000008004c40                VL53L0X_GetDeviceParameters
 *fill*         0x0000000008004daa        0x2 
 .text.VL53L0X_SetDeviceMode
                0x0000000008004dac       0x58 ./Src/vl53l0x_api.o
                0x0000000008004dac                VL53L0X_SetDeviceMode
 .text.VL53L0X_GetDeviceMode
                0x0000000008004e04       0x26 ./Src/vl53l0x_api.o
                0x0000000008004e04                VL53L0X_GetDeviceMode
 .text.VL53L0X_GetFractionEnable
                0x0000000008004e2a       0x3e ./Src/vl53l0x_api.o
                0x0000000008004e2a                VL53L0X_GetFractionEnable
 .text.VL53L0X_SetMeasurementTimingBudgetMicroSeconds
                0x0000000008004e68       0x26 ./Src/vl53l0x_api.o
                0x0000000008004e68                VL53L0X_SetMeasurementTimingBudgetMicroSeconds
 .text.VL53L0X_GetMeasurementTimingBudgetMicroSeconds
                0x0000000008004e8e       0x26 ./Src/vl53l0x_api.o
                0x0000000008004e8e                VL53L0X_GetMeasurementTimingBudgetMicroSeconds
 .text.VL53L0X_GetVcselPulsePeriod
                0x0000000008004eb4       0x2e ./Src/vl53l0x_api.o
                0x0000000008004eb4                VL53L0X_GetVcselPulsePeriod
 *fill*         0x0000000008004ee2        0x2 
 .text.VL53L0X_SetSequenceStepEnable
                0x0000000008004ee4      0x144 ./Src/vl53l0x_api.o
                0x0000000008004ee4                VL53L0X_SetSequenceStepEnable
 .text.sequence_step_enabled
                0x0000000008005028       0xa4 ./Src/vl53l0x_api.o
                0x0000000008005028                sequence_step_enabled
 .text.VL53L0X_GetSequenceStepEnables
                0x00000000080050cc       0xb0 ./Src/vl53l0x_api.o
                0x00000000080050cc                VL53L0X_GetSequenceStepEnables
 .text.VL53L0X_GetInterMeasurementPeriodMilliSeconds
                0x000000000800517c       0x68 ./Src/vl53l0x_api.o
                0x000000000800517c                VL53L0X_GetInterMeasurementPeriodMilliSeconds
 .text.VL53L0X_GetXTalkCompensationEnable
                0x00000000080051e4       0x2a ./Src/vl53l0x_api.o
                0x00000000080051e4                VL53L0X_GetXTalkCompensationEnable
 .text.VL53L0X_GetXTalkCompensationRateMegaCps
                0x000000000800520e       0x66 ./Src/vl53l0x_api.o
                0x000000000800520e                VL53L0X_GetXTalkCompensationRateMegaCps
 .text.VL53L0X_SetLimitCheckEnable
                0x0000000008005274      0x118 ./Src/vl53l0x_api.o
                0x0000000008005274                VL53L0X_SetLimitCheckEnable
 .text.VL53L0X_GetLimitCheckEnable
                0x000000000800538c       0x46 ./Src/vl53l0x_api.o
                0x000000000800538c                VL53L0X_GetLimitCheckEnable
 *fill*         0x00000000080053d2        0x2 
 .text.VL53L0X_SetLimitCheckValue
                0x00000000080053d4       0xc4 ./Src/vl53l0x_api.o
                0x00000000080053d4                VL53L0X_SetLimitCheckValue
 .text.VL53L0X_GetLimitCheckValue
                0x0000000008005498      0x11c ./Src/vl53l0x_api.o
                0x0000000008005498                VL53L0X_GetLimitCheckValue
 .text.VL53L0X_GetWrapAroundCheckEnable
                0x00000000080055b4       0x64 ./Src/vl53l0x_api.o
                0x00000000080055b4                VL53L0X_GetWrapAroundCheckEnable
 .text.VL53L0X_PerformSingleMeasurement
                0x0000000008005618       0x68 ./Src/vl53l0x_api.o
                0x0000000008005618                VL53L0X_PerformSingleMeasurement
 .text.VL53L0X_PerformRefCalibration
                0x0000000008005680       0x2c ./Src/vl53l0x_api.o
                0x0000000008005680                VL53L0X_PerformRefCalibration
 .text.VL53L0X_CheckAndLoadInterruptSettings
                0x00000000080056ac      0x1e4 ./Src/vl53l0x_api.o
                0x00000000080056ac                VL53L0X_CheckAndLoadInterruptSettings
 .text.VL53L0X_StartMeasurement
                0x0000000008005890      0x184 ./Src/vl53l0x_api.o
                0x0000000008005890                VL53L0X_StartMeasurement
 .text.VL53L0X_GetMeasurementDataReady
                0x0000000008005a14       0x80 ./Src/vl53l0x_api.o
                0x0000000008005a14                VL53L0X_GetMeasurementDataReady
 .text.VL53L0X_GetRangingMeasurementData
                0x0000000008005a94      0x248 ./Src/vl53l0x_api.o
                0x0000000008005a94                VL53L0X_GetRangingMeasurementData
 .text.VL53L0X_PerformSingleRangingMeasurement
                0x0000000008005cdc       0x60 ./Src/vl53l0x_api.o
                0x0000000008005cdc                VL53L0X_PerformSingleRangingMeasurement
 .text.VL53L0X_SetGpioConfig
                0x0000000008005d3c      0x248 ./Src/vl53l0x_api.o
                0x0000000008005d3c                VL53L0X_SetGpioConfig
 .text.VL53L0X_GetInterruptThresholds
                0x0000000008005f84       0x6c ./Src/vl53l0x_api.o
                0x0000000008005f84                VL53L0X_GetInterruptThresholds
 .text.VL53L0X_ClearInterruptMask
                0x0000000008005ff0       0x80 ./Src/vl53l0x_api.o
                0x0000000008005ff0                VL53L0X_ClearInterruptMask
 .text.VL53L0X_GetInterruptMaskStatus
                0x0000000008006070       0x44 ./Src/vl53l0x_api.o
                0x0000000008006070                VL53L0X_GetInterruptMaskStatus
 .text.VL53L0X_PerformRefSpadManagement
                0x00000000080060b4       0x2a ./Src/vl53l0x_api.o
                0x00000000080060b4                VL53L0X_PerformRefSpadManagement
 .text.VL53L0X_get_offset_calibration_data_micro_meter
                0x00000000080060de       0x7e ./Src/vl53l0x_api_calibration.o
                0x00000000080060de                VL53L0X_get_offset_calibration_data_micro_meter
 .text.get_next_good_spad
                0x000000000800615c       0xbc ./Src/vl53l0x_api_calibration.o
                0x000000000800615c                get_next_good_spad
 .text.is_aperture
                0x0000000008006218       0x34 ./Src/vl53l0x_api_calibration.o
                0x0000000008006218                is_aperture
 .text.enable_spad_bit
                0x000000000800624c       0x70 ./Src/vl53l0x_api_calibration.o
                0x000000000800624c                enable_spad_bit
 .text.set_ref_spad_map
                0x00000000080062bc       0x26 ./Src/vl53l0x_api_calibration.o
                0x00000000080062bc                set_ref_spad_map
 .text.get_ref_spad_map
                0x00000000080062e2       0x26 ./Src/vl53l0x_api_calibration.o
                0x00000000080062e2                get_ref_spad_map
 .text.enable_ref_spads
                0x0000000008006308       0xf8 ./Src/vl53l0x_api_calibration.o
                0x0000000008006308                enable_ref_spads
 .text.perform_ref_signal_measurement
                0x0000000008006400       0xd4 ./Src/vl53l0x_api_calibration.o
                0x0000000008006400                perform_ref_signal_measurement
 .text.VL53L0X_perform_ref_spad_management
                0x00000000080064d4      0x418 ./Src/vl53l0x_api_calibration.o
                0x00000000080064d4                VL53L0X_perform_ref_spad_management
 .text.VL53L0X_set_reference_spads
                0x00000000080068ec      0x14a ./Src/vl53l0x_api_calibration.o
                0x00000000080068ec                VL53L0X_set_reference_spads
 .text.VL53L0X_perform_single_ref_calibration
                0x0000000008006a36       0x76 ./Src/vl53l0x_api_calibration.o
                0x0000000008006a36                VL53L0X_perform_single_ref_calibration
 .text.VL53L0X_ref_calibration_io
                0x0000000008006aac      0x132 ./Src/vl53l0x_api_calibration.o
                0x0000000008006aac                VL53L0X_ref_calibration_io
 .text.VL53L0X_perform_vhv_calibration
                0x0000000008006bde       0xce ./Src/vl53l0x_api_calibration.o
                0x0000000008006bde                VL53L0X_perform_vhv_calibration
 .text.VL53L0X_perform_phase_calibration
                0x0000000008006cac       0xca ./Src/vl53l0x_api_calibration.o
                0x0000000008006cac                VL53L0X_perform_phase_calibration
 .text.VL53L0X_perform_ref_calibration
                0x0000000008006d76       0x7a ./Src/vl53l0x_api_calibration.o
                0x0000000008006d76                VL53L0X_perform_ref_calibration
 .text.VL53L0X_measurement_poll_for_completion
                0x0000000008006df0       0x60 ./Src/vl53l0x_api_core.o
                0x0000000008006df0                VL53L0X_measurement_poll_for_completion
 .text.VL53L0X_decode_vcsel_period
                0x0000000008006e50       0x26 ./Src/vl53l0x_api_core.o
                0x0000000008006e50                VL53L0X_decode_vcsel_period
 .text.VL53L0X_isqrt
                0x0000000008006e76       0x68 ./Src/vl53l0x_api_core.o
                0x0000000008006e76                VL53L0X_isqrt
 .text.VL53L0X_device_read_strobe
                0x0000000008006ede       0x86 ./Src/vl53l0x_api_core.o
                0x0000000008006ede                VL53L0X_device_read_strobe
 .text.VL53L0X_get_info_from_device
                0x0000000008006f64      0x99c ./Src/vl53l0x_api_core.o
                0x0000000008006f64                VL53L0X_get_info_from_device
 .text.VL53L0X_calc_macro_period_ps
                0x0000000008007900       0x3c ./Src/vl53l0x_api_core.o
                0x0000000008007900                VL53L0X_calc_macro_period_ps
 .text.VL53L0X_encode_timeout
                0x000000000800793c       0x58 ./Src/vl53l0x_api_core.o
                0x000000000800793c                VL53L0X_encode_timeout
 .text.VL53L0X_decode_timeout
                0x0000000008007994       0x2c ./Src/vl53l0x_api_core.o
                0x0000000008007994                VL53L0X_decode_timeout
 .text.VL53L0X_calc_timeout_mclks
                0x00000000080079c0       0x54 ./Src/vl53l0x_api_core.o
                0x00000000080079c0                VL53L0X_calc_timeout_mclks
 .text.VL53L0X_calc_timeout_us
                0x0000000008007a14       0x54 ./Src/vl53l0x_api_core.o
                0x0000000008007a14                VL53L0X_calc_timeout_us
 .text.get_sequence_step_timeout
                0x0000000008007a68      0x1c2 ./Src/vl53l0x_api_core.o
                0x0000000008007a68                get_sequence_step_timeout
 .text.set_sequence_step_timeout
                0x0000000008007c2a      0x1e4 ./Src/vl53l0x_api_core.o
                0x0000000008007c2a                set_sequence_step_timeout
 .text.VL53L0X_get_vcsel_pulse_period
                0x0000000008007e0e       0x6e ./Src/vl53l0x_api_core.o
                0x0000000008007e0e                VL53L0X_get_vcsel_pulse_period
 .text.VL53L0X_set_measurement_timing_budget_micro_seconds
                0x0000000008007e7c      0x1a6 ./Src/vl53l0x_api_core.o
                0x0000000008007e7c                VL53L0X_set_measurement_timing_budget_micro_seconds
 .text.VL53L0X_get_measurement_timing_budget_micro_seconds
                0x0000000008008022      0x162 ./Src/vl53l0x_api_core.o
                0x0000000008008022                VL53L0X_get_measurement_timing_budget_micro_seconds
 .text.VL53L0X_load_tuning_settings
                0x0000000008008184      0x1c4 ./Src/vl53l0x_api_core.o
                0x0000000008008184                VL53L0X_load_tuning_settings
 .text.VL53L0X_get_total_xtalk_rate
                0x0000000008008348       0x5e ./Src/vl53l0x_api_core.o
                0x0000000008008348                VL53L0X_get_total_xtalk_rate
 .text.VL53L0X_get_total_signal_rate
                0x00000000080083a6       0x4a ./Src/vl53l0x_api_core.o
                0x00000000080083a6                VL53L0X_get_total_signal_rate
 .text.get_dmax_lut_points
                0x00000000080083f0       0x8e ./Src/vl53l0x_api_core.o
                0x00000000080083f0                get_dmax_lut_points
 .text.VL53L0X_calc_dmax
                0x000000000800847e      0x14c ./Src/vl53l0x_api_core.o
                0x000000000800847e                VL53L0X_calc_dmax
 *fill*         0x00000000080085ca        0x2 
 .text.VL53L0X_calc_sigma_estimate
                0x00000000080085cc      0x45c ./Src/vl53l0x_api_core.o
                0x00000000080085cc                VL53L0X_calc_sigma_estimate
 .text.VL53L0X_get_pal_range_status
                0x0000000008008a28      0x3c4 ./Src/vl53l0x_api_core.o
                0x0000000008008a28                VL53L0X_get_pal_range_status
 .text._I2CWrite
                0x0000000008008dec       0x3e ./Src/vl53l0x_platform.o
                0x0000000008008dec                _I2CWrite
 .text._I2CRead
                0x0000000008008e2a       0x44 ./Src/vl53l0x_platform.o
                0x0000000008008e2a                _I2CRead
 *fill*         0x0000000008008e6e        0x2 
 .text.VL53L0X_WriteMulti
                0x0000000008008e70       0x60 ./Src/vl53l0x_platform.o
                0x0000000008008e70                VL53L0X_WriteMulti
 .text.VL53L0X_ReadMulti
                0x0000000008008ed0       0x56 ./Src/vl53l0x_platform.o
                0x0000000008008ed0                VL53L0X_ReadMulti
 *fill*         0x0000000008008f26        0x2 
 .text.VL53L0X_WrByte
                0x0000000008008f28       0x48 ./Src/vl53l0x_platform.o
                0x0000000008008f28                VL53L0X_WrByte
 .text.VL53L0X_WrWord
                0x0000000008008f70       0x54 ./Src/vl53l0x_platform.o
                0x0000000008008f70                VL53L0X_WrWord
 .text.VL53L0X_UpdateByte
                0x0000000008008fc4       0x68 ./Src/vl53l0x_platform.o
                0x0000000008008fc4                VL53L0X_UpdateByte
 .text.VL53L0X_RdByte
                0x000000000800902c       0x54 ./Src/vl53l0x_platform.o
                0x000000000800902c                VL53L0X_RdByte
 .text.VL53L0X_RdWord
                0x0000000008009080       0x70 ./Src/vl53l0x_platform.o
                0x0000000008009080                VL53L0X_RdWord
 .text.VL53L0X_RdDWord
                0x00000000080090f0       0x78 ./Src/vl53l0x_platform.o
                0x00000000080090f0                VL53L0X_RdDWord
 .text.VL53L0X_PollingDelay
                0x0000000008009168       0x1e ./Src/vl53l0x_platform.o
                0x0000000008009168                VL53L0X_PollingDelay
 *fill*         0x0000000008009186        0x2 
 .text.Reset_Handler
                0x0000000008009188       0x50 ./Startup/startup_stm32l4s5vitx.o
                0x0000000008009188                Reset_Handler
 .text.Default_Handler
                0x00000000080091d8        0x2 ./Startup/startup_stm32l4s5vitx.o
                0x00000000080091d8                RTC_Alarm_IRQHandler
                0x00000000080091d8                EXTI2_IRQHandler
                0x00000000080091d8                TIM8_TRG_COM_IRQHandler
                0x00000000080091d8                TIM8_CC_IRQHandler
                0x00000000080091d8                TIM1_CC_IRQHandler
                0x00000000080091d8                TSC_IRQHandler
                0x00000000080091d8                TAMP_STAMP_IRQHandler
                0x00000000080091d8                EXTI3_IRQHandler
                0x00000000080091d8                LPTIM2_IRQHandler
                0x00000000080091d8                DFSDM1_FLT1_IRQHandler
                0x00000000080091d8                GFXMMU_IRQHandler
                0x00000000080091d8                I2C3_ER_IRQHandler
                0x00000000080091d8                DFSDM1_FLT2_IRQHandler
                0x00000000080091d8                EXTI0_IRQHandler
                0x00000000080091d8                I2C2_EV_IRQHandler
                0x00000000080091d8                CAN1_RX0_IRQHandler
                0x00000000080091d8                FPU_IRQHandler
                0x00000000080091d8                TIM1_UP_TIM16_IRQHandler
                0x00000000080091d8                LTDC_ER_IRQHandler
                0x00000000080091d8                SPI1_IRQHandler
                0x00000000080091d8                OCTOSPI1_IRQHandler
                0x00000000080091d8                TIM6_DAC_IRQHandler
                0x00000000080091d8                DCMI_IRQHandler
                0x00000000080091d8                TIM8_UP_IRQHandler
                0x00000000080091d8                OCTOSPI2_IRQHandler
                0x00000000080091d8                DMA2_Channel2_IRQHandler
                0x00000000080091d8                DMA1_Channel4_IRQHandler
                0x00000000080091d8                SAI2_IRQHandler
                0x00000000080091d8                ADC1_IRQHandler
                0x00000000080091d8                DFSDM1_FLT3_IRQHandler
                0x00000000080091d8                USART3_IRQHandler
                0x00000000080091d8                DMA1_Channel7_IRQHandler
                0x00000000080091d8                CAN1_RX1_IRQHandler
                0x00000000080091d8                UART5_IRQHandler
                0x00000000080091d8                TIM4_IRQHandler
                0x00000000080091d8                DMA2_Channel1_IRQHandler
                0x00000000080091d8                I2C1_EV_IRQHandler
                0x00000000080091d8                DMAMUX1_OVR_IRQHandler
                0x00000000080091d8                DMA1_Channel6_IRQHandler
                0x00000000080091d8                UART4_IRQHandler
                0x00000000080091d8                DMA2_Channel4_IRQHandler
                0x00000000080091d8                TIM3_IRQHandler
                0x00000000080091d8                RCC_IRQHandler
                0x00000000080091d8                DMA1_Channel1_IRQHandler
                0x00000000080091d8                Default_Handler
                0x00000000080091d8                DMA2_Channel7_IRQHandler
                0x00000000080091d8                EXTI15_10_IRQHandler
                0x00000000080091d8                TIM7_IRQHandler
                0x00000000080091d8                SDMMC1_IRQHandler
                0x00000000080091d8                TIM5_IRQHandler
                0x00000000080091d8                I2C3_EV_IRQHandler
                0x00000000080091d8                EXTI9_5_IRQHandler
                0x00000000080091d8                RTC_WKUP_IRQHandler
                0x00000000080091d8                LTDC_IRQHandler
                0x00000000080091d8                PVD_PVM_IRQHandler
                0x00000000080091d8                SPI2_IRQHandler
                0x00000000080091d8                CAN1_TX_IRQHandler
                0x00000000080091d8                DMA2_Channel5_IRQHandler
                0x00000000080091d8                DMA1_Channel5_IRQHandler
                0x00000000080091d8                EXTI4_IRQHandler
                0x00000000080091d8                RNG_IRQHandler
                0x00000000080091d8                TIM1_TRG_COM_TIM17_IRQHandler
                0x00000000080091d8                DMA1_Channel3_IRQHandler
                0x00000000080091d8                COMP_IRQHandler
                0x00000000080091d8                HASH_CRS_IRQHandler
                0x00000000080091d8                WWDG_IRQHandler
                0x00000000080091d8                I2C4_EV_IRQHandler
                0x00000000080091d8                LPUART1_IRQHandler
                0x00000000080091d8                DMA2_Channel6_IRQHandler
                0x00000000080091d8                TIM2_IRQHandler
                0x00000000080091d8                DMA2D_IRQHandler
                0x00000000080091d8                EXTI1_IRQHandler
                0x00000000080091d8                AES_IRQHandler
                0x00000000080091d8                USART2_IRQHandler
                0x00000000080091d8                DFSDM1_FLT0_IRQHandler
                0x00000000080091d8                I2C2_ER_IRQHandler
                0x00000000080091d8                DMA1_Channel2_IRQHandler
                0x00000000080091d8                TIM8_BRK_IRQHandler
                0x00000000080091d8                CAN1_SCE_IRQHandler
                0x00000000080091d8                FLASH_IRQHandler
                0x00000000080091d8                USART1_IRQHandler
                0x00000000080091d8                OTG_FS_IRQHandler
                0x00000000080091d8                SPI3_IRQHandler
                0x00000000080091d8                I2C1_ER_IRQHandler
                0x00000000080091d8                FMC_IRQHandler
                0x00000000080091d8                LPTIM1_IRQHandler
                0x00000000080091d8                I2C4_ER_IRQHandler
                0x00000000080091d8                SAI1_IRQHandler
                0x00000000080091d8                DMA2_Channel3_IRQHandler
                0x00000000080091d8                TIM1_BRK_TIM15_IRQHandler
 *fill*         0x00000000080091da        0x2 
 .text.__errno  0x00000000080091dc        0xc c:/st/stm32cubeide_1.10.1/stm32cubeide/plugins/com.st.stm32cube.ide.mcu.externaltools.gnu-tools-for-stm32.10.3-2021.10.win32_1.0.0.202111181127/tools/bin/../lib/gcc/arm-none-eabi/10.3.1/../../../../arm-none-eabi/lib/thumb/v7e-m+fp/hard\libc_nano.a(lib_a-errno.o)
                0x00000000080091dc                __errno
 .text.__libc_init_array
                0x00000000080091e8       0x48 c:/st/stm32cubeide_1.10.1/stm32cubeide/plugins/com.st.stm32cube.ide.mcu.externaltools.gnu-tools-for-stm32.10.3-2021.10.win32_1.0.0.202111181127/tools/bin/../lib/gcc/arm-none-eabi/10.3.1/../../../../arm-none-eabi/lib/thumb/v7e-m+fp/hard\libc_nano.a(lib_a-init.o)
                0x00000000080091e8                __libc_init_array
 .text.memcpy   0x0000000008009230       0x1c c:/st/stm32cubeide_1.10.1/stm32cubeide/plugins/com.st.stm32cube.ide.mcu.externaltools.gnu-tools-for-stm32.10.3-2021.10.win32_1.0.0.202111181127/tools/bin/../lib/gcc/arm-none-eabi/10.3.1/../../../../arm-none-eabi/lib/thumb/v7e-m+fp/hard\libc_nano.a(lib_a-memcpy-stub.o)
                0x0000000008009230                memcpy
 .text.memset   0x000000000800924c       0x10 c:/st/stm32cubeide_1.10.1/stm32cubeide/plugins/com.st.stm32cube.ide.mcu.externaltools.gnu-tools-for-stm32.10.3-2021.10.win32_1.0.0.202111181127/tools/bin/../lib/gcc/arm-none-eabi/10.3.1/../../../../arm-none-eabi/lib/thumb/v7e-m+fp/hard\libc_nano.a(lib_a-memset.o)
                0x000000000800924c                memset
 .text.snprintf
                0x000000000800925c       0x68 c:/st/stm32cubeide_1.10.1/stm32cubeide/plugins/com.st.stm32cube.ide.mcu.externaltools.gnu-tools-for-stm32.10.3-2021.10.win32_1.0.0.202111181127/tools/bin/../lib/gcc/arm-none-eabi/10.3.1/../../../../arm-none-eabi/lib/thumb/v7e-m+fp/hard\libc_nano.a(lib_a-snprintf.o)
                0x000000000800925c                sniprintf
                0x000000000800925c                snprintf
 .text.strcpy   0x00000000080092c4       0x10 c:/st/stm32cubeide_1.10.1/stm32cubeide/plugins/com.st.stm32cube.ide.mcu.externaltools.gnu-tools-for-stm32.10.3-2021.10.win32_1.0.0.202111181127/tools/bin/../lib/gcc/arm-none-eabi/10.3.1/../../../../arm-none-eabi/lib/thumb/v7e-m+fp/hard\libc_nano.a(lib_a-strcpy.o)
                0x00000000080092c4                strcpy
 .text.__retarget_lock_acquire_recursive
                0x00000000080092d4        0x2 c:/st/stm32cubeide_1.10.1/stm32cubeide/plugins/com.st.stm32cube.ide.mcu.externaltools.gnu-tools-for-stm32.10.3-2021.10.win32_1.0.0.202111181127/tools/bin/../lib/gcc/arm-none-eabi/10.3.1/../../../../arm-none-eabi/lib/thumb/v7e-m+fp/hard\libc_nano.a(lib_a-lock.o)
                0x00000000080092d4                __retarget_lock_acquire_recursive
 .text.__retarget_lock_release_recursive
                0x00000000080092d6        0x2 c:/st/stm32cubeide_1.10.1/stm32cubeide/plugins/com.st.stm32cube.ide.mcu.externaltools.gnu-tools-for-stm32.10.3-2021.10.win32_1.0.0.202111181127/tools/bin/../lib/gcc/arm-none-eabi/10.3.1/../../../../arm-none-eabi/lib/thumb/v7e-m+fp/hard\libc_nano.a(lib_a-lock.o)
                0x00000000080092d6                __retarget_lock_release_recursive
 .text.sbrk_aligned
                0x00000000080092d8       0x40 c:/st/stm32cubeide_1.10.1/stm32cubeide/plugins/com.st.stm32cube.ide.mcu.externaltools.gnu-tools-for-stm32.10.3-2021.10.win32_1.0.0.202111181127/tools/bin/../lib/gcc/arm-none-eabi/10.3.1/../../../../arm-none-eabi/lib/thumb/v7e-m+fp/hard\libc_nano.a(lib_a-nano-mallocr.o)
 .text._malloc_r
                0x0000000008009318       0xe8 c:/st/stm32cubeide_1.10.1/stm32cubeide/plugins/com.st.stm32cube.ide.mcu.externaltools.gnu-tools-for-stm32.10.3-2021.10.win32_1.0.0.202111181127/tools/bin/../lib/gcc/arm-none-eabi/10.3.1/../../../../arm-none-eabi/lib/thumb/v7e-m+fp/hard\libc_nano.a(lib_a-nano-mallocr.o)
                0x0000000008009318                _malloc_r
 .text.__ssputs_r
                0x0000000008009400       0xb6 c:/st/stm32cubeide_1.10.1/stm32cubeide/plugins/com.st.stm32cube.ide.mcu.externaltools.gnu-tools-for-stm32.10.3-2021.10.win32_1.0.0.202111181127/tools/bin/../lib/gcc/arm-none-eabi/10.3.1/../../../../arm-none-eabi/lib/thumb/v7e-m+fp/hard\libc_nano.a(lib_a-nano-svfprintf.o)
                0x0000000008009400                __ssputs_r
 *fill*         0x00000000080094b6        0x2 
 .text._svfprintf_r
                0x00000000080094b8      0x200 c:/st/stm32cubeide_1.10.1/stm32cubeide/plugins/com.st.stm32cube.ide.mcu.externaltools.gnu-tools-for-stm32.10.3-2021.10.win32_1.0.0.202111181127/tools/bin/../lib/gcc/arm-none-eabi/10.3.1/../../../../arm-none-eabi/lib/thumb/v7e-m+fp/hard\libc_nano.a(lib_a-nano-svfprintf.o)
                0x00000000080094b8                _svfiprintf_r
                0x00000000080094b8                _svfprintf_r
 .text._printf_common
                0x00000000080096b8       0xda c:/st/stm32cubeide_1.10.1/stm32cubeide/plugins/com.st.stm32cube.ide.mcu.externaltools.gnu-tools-for-stm32.10.3-2021.10.win32_1.0.0.202111181127/tools/bin/../lib/gcc/arm-none-eabi/10.3.1/../../../../arm-none-eabi/lib/thumb/v7e-m+fp/hard\libc_nano.a(lib_a-nano-vfprintf_i.o)
                0x00000000080096b8                _printf_common
 *fill*         0x0000000008009792        0x2 
 .text._printf_i
                0x0000000008009794      0x24c c:/st/stm32cubeide_1.10.1/stm32cubeide/plugins/com.st.stm32cube.ide.mcu.externaltools.gnu-tools-for-stm32.10.3-2021.10.win32_1.0.0.202111181127/tools/bin/../lib/gcc/arm-none-eabi/10.3.1/../../../../arm-none-eabi/lib/thumb/v7e-m+fp/hard\libc_nano.a(lib_a-nano-vfprintf_i.o)
                0x0000000008009794                _printf_i
 .text._sbrk_r  0x00000000080099e0       0x20 c:/st/stm32cubeide_1.10.1/stm32cubeide/plugins/com.st.stm32cube.ide.mcu.externaltools.gnu-tools-for-stm32.10.3-2021.10.win32_1.0.0.202111181127/tools/bin/../lib/gcc/arm-none-eabi/10.3.1/../../../../arm-none-eabi/lib/thumb/v7e-m+fp/hard\libc_nano.a(lib_a-sbrkr.o)
                0x00000000080099e0                _sbrk_r
 .text.memmove  0x0000000008009a00       0x34 c:/st/stm32cubeide_1.10.1/stm32cubeide/plugins/com.st.stm32cube.ide.mcu.externaltools.gnu-tools-for-stm32.10.3-2021.10.win32_1.0.0.202111181127/tools/bin/../lib/gcc/arm-none-eabi/10.3.1/../../../../arm-none-eabi/lib/thumb/v7e-m+fp/hard\libc_nano.a(lib_a-memmove.o)
                0x0000000008009a00                memmove
 .text.__malloc_lock
                0x0000000008009a34        0xc c:/st/stm32cubeide_1.10.1/stm32cubeide/plugins/com.st.stm32cube.ide.mcu.externaltools.gnu-tools-for-stm32.10.3-2021.10.win32_1.0.0.202111181127/tools/bin/../lib/gcc/arm-none-eabi/10.3.1/../../../../arm-none-eabi/lib/thumb/v7e-m+fp/hard\libc_nano.a(lib_a-mlock.o)
                0x0000000008009a34                __malloc_lock
 .text.__malloc_unlock
                0x0000000008009a40        0xc c:/st/stm32cubeide_1.10.1/stm32cubeide/plugins/com.st.stm32cube.ide.mcu.externaltools.gnu-tools-for-stm32.10.3-2021.10.win32_1.0.0.202111181127/tools/bin/../lib/gcc/arm-none-eabi/10.3.1/../../../../arm-none-eabi/lib/thumb/v7e-m+fp/hard\libc_nano.a(lib_a-mlock.o)
                0x0000000008009a40                __malloc_unlock
 .text._free_r  0x0000000008009a4c       0x98 c:/st/stm32cubeide_1.10.1/stm32cubeide/plugins/com.st.stm32cube.ide.mcu.externaltools.gnu-tools-for-stm32.10.3-2021.10.win32_1.0.0.202111181127/tools/bin/../lib/gcc/arm-none-eabi/10.3.1/../../../../arm-none-eabi/lib/thumb/v7e-m+fp/hard\libc_nano.a(lib_a-nano-freer.o)
                0x0000000008009a4c                _free_r
 .text._realloc_r
                0x0000000008009ae4       0x5e c:/st/stm32cubeide_1.10.1/stm32cubeide/plugins/com.st.stm32cube.ide.mcu.externaltools.gnu-tools-for-stm32.10.3-2021.10.win32_1.0.0.202111181127/tools/bin/../lib/gcc/arm-none-eabi/10.3.1/../../../../arm-none-eabi/lib/thumb/v7e-m+fp/hard\libc_nano.a(lib_a-nano-reallocr.o)
                0x0000000008009ae4                _realloc_r
 .text._malloc_usable_size_r
                0x0000000008009b42       0x10 c:/st/stm32cubeide_1.10.1/stm32cubeide/plugins/com.st.stm32cube.ide.mcu.externaltools.gnu-tools-for-stm32.10.3-2021.10.win32_1.0.0.202111181127/tools/bin/../lib/gcc/arm-none-eabi/10.3.1/../../../../arm-none-eabi/lib/thumb/v7e-m+fp/hard\libc_nano.a(lib_a-nano-msizer.o)
                0x0000000008009b42                _malloc_usable_size_r
 *(.glue_7)
 .glue_7        0x0000000008009b52        0x0 linker stubs
 *(.glue_7t)
 .glue_7t       0x0000000008009b52        0x0 linker stubs
 *(.eh_frame)
 *fill*         0x0000000008009b52        0x2 
 .eh_frame      0x0000000008009b54        0x0 c:/st/stm32cubeide_1.10.1/stm32cubeide/plugins/com.st.stm32cube.ide.mcu.externaltools.gnu-tools-for-stm32.10.3-2021.10.win32_1.0.0.202111181127/tools/bin/../lib/gcc/arm-none-eabi/10.3.1/thumb/v7e-m+fp/hard/crtbegin.o
 *(.init)
 .init          0x0000000008009b54        0x4 c:/st/stm32cubeide_1.10.1/stm32cubeide/plugins/com.st.stm32cube.ide.mcu.externaltools.gnu-tools-for-stm32.10.3-2021.10.win32_1.0.0.202111181127/tools/bin/../lib/gcc/arm-none-eabi/10.3.1/thumb/v7e-m+fp/hard/crti.o
                0x0000000008009b54                _init
 .init          0x0000000008009b58        0x8 c:/st/stm32cubeide_1.10.1/stm32cubeide/plugins/com.st.stm32cube.ide.mcu.externaltools.gnu-tools-for-stm32.10.3-2021.10.win32_1.0.0.202111181127/tools/bin/../lib/gcc/arm-none-eabi/10.3.1/thumb/v7e-m+fp/hard/crtn.o
 *(.fini)
 .fini          0x0000000008009b60        0x4 c:/st/stm32cubeide_1.10.1/stm32cubeide/plugins/com.st.stm32cube.ide.mcu.externaltools.gnu-tools-for-stm32.10.3-2021.10.win32_1.0.0.202111181127/tools/bin/../lib/gcc/arm-none-eabi/10.3.1/thumb/v7e-m+fp/hard/crti.o
                0x0000000008009b60                _fini
 .fini          0x0000000008009b64        0x8 c:/st/stm32cubeide_1.10.1/stm32cubeide/plugins/com.st.stm32cube.ide.mcu.externaltools.gnu-tools-for-stm32.10.3-2021.10.win32_1.0.0.202111181127/tools/bin/../lib/gcc/arm-none-eabi/10.3.1/thumb/v7e-m+fp/hard/crtn.o
                0x0000000008009b6c                . = ALIGN (0x4)
                0x0000000008009b6c                _etext = .

.vfp11_veneer   0x0000000008009b6c        0x0
 .vfp11_veneer  0x0000000008009b6c        0x0 linker stubs

.v4_bx          0x0000000008009b6c        0x0
 .v4_bx         0x0000000008009b6c        0x0 linker stubs

.iplt           0x0000000008009b6c        0x0
 .iplt          0x0000000008009b6c        0x0 c:/st/stm32cubeide_1.10.1/stm32cubeide/plugins/com.st.stm32cube.ide.mcu.externaltools.gnu-tools-for-stm32.10.3-2021.10.win32_1.0.0.202111181127/tools/bin/../lib/gcc/arm-none-eabi/10.3.1/thumb/v7e-m+fp/hard/crtbegin.o

.rodata         0x0000000008009b6c      0x208
                0x0000000008009b6c                . = ALIGN (0x4)
 *(.rodata)
 .rodata        0x0000000008009b6c       0xe6 ./Src/MorseConversionLayer.o
 *fill*         0x0000000008009c52        0x2 
 .rodata        0x0000000008009c54       0x19 ./Src/main.o
 *(.rodata*)
 *fill*         0x0000000008009c6d        0x3 
 .rodata.UARTPrescTable
                0x0000000008009c70       0x18 ./Drivers/STM32L4xx_HAL_Driver/Src/stm32l4xx_hal_uart.o
                0x0000000008009c70                UARTPrescTable
 .rodata.numerator.1
                0x0000000008009c88        0x8 ./Drivers/STM32L4xx_HAL_Driver/Src/stm32l4xx_hal_uart_ex.o
 .rodata.denominator.0
                0x0000000008009c90        0x8 ./Drivers/STM32L4xx_HAL_Driver/Src/stm32l4xx_hal_uart_ex.o
 .rodata.AHBPrescTable
                0x0000000008009c98       0x10 ./Src/system_stm32l4xx.o
                0x0000000008009c98                AHBPrescTable
 .rodata.APBPrescTable
                0x0000000008009ca8        0x8 ./Src/system_stm32l4xx.o
                0x0000000008009ca8                APBPrescTable
 .rodata.MSIRangeTable
                0x0000000008009cb0       0x30 ./Src/system_stm32l4xx.o
                0x0000000008009cb0                MSIRangeTable
 .rodata.__sf_fake_stderr
                0x0000000008009ce0       0x20 c:/st/stm32cubeide_1.10.1/stm32cubeide/plugins/com.st.stm32cube.ide.mcu.externaltools.gnu-tools-for-stm32.10.3-2021.10.win32_1.0.0.202111181127/tools/bin/../lib/gcc/arm-none-eabi/10.3.1/../../../../arm-none-eabi/lib/thumb/v7e-m+fp/hard\libc_nano.a(lib_a-findfp.o)
                0x0000000008009ce0                __sf_fake_stderr
 .rodata.__sf_fake_stdin
                0x0000000008009d00       0x20 c:/st/stm32cubeide_1.10.1/stm32cubeide/plugins/com.st.stm32cube.ide.mcu.externaltools.gnu-tools-for-stm32.10.3-2021.10.win32_1.0.0.202111181127/tools/bin/../lib/gcc/arm-none-eabi/10.3.1/../../../../arm-none-eabi/lib/thumb/v7e-m+fp/hard\libc_nano.a(lib_a-findfp.o)
                0x0000000008009d00                __sf_fake_stdin
 .rodata.__sf_fake_stdout
                0x0000000008009d20       0x20 c:/st/stm32cubeide_1.10.1/stm32cubeide/plugins/com.st.stm32cube.ide.mcu.externaltools.gnu-tools-for-stm32.10.3-2021.10.win32_1.0.0.202111181127/tools/bin/../lib/gcc/arm-none-eabi/10.3.1/../../../../arm-none-eabi/lib/thumb/v7e-m+fp/hard\libc_nano.a(lib_a-findfp.o)
                0x0000000008009d20                __sf_fake_stdout
 .rodata._svfprintf_r.str1.1
                0x0000000008009d40       0x11 c:/st/stm32cubeide_1.10.1/stm32cubeide/plugins/com.st.stm32cube.ide.mcu.externaltools.gnu-tools-for-stm32.10.3-2021.10.win32_1.0.0.202111181127/tools/bin/../lib/gcc/arm-none-eabi/10.3.1/../../../../arm-none-eabi/lib/thumb/v7e-m+fp/hard\libc_nano.a(lib_a-nano-svfprintf.o)
 .rodata._printf_i.str1.1
                0x0000000008009d51       0x22 c:/st/stm32cubeide_1.10.1/stm32cubeide/plugins/com.st.stm32cube.ide.mcu.externaltools.gnu-tools-for-stm32.10.3-2021.10.win32_1.0.0.202111181127/tools/bin/../lib/gcc/arm-none-eabi/10.3.1/../../../../arm-none-eabi/lib/thumb/v7e-m+fp/hard\libc_nano.a(lib_a-nano-vfprintf_i.o)
                0x0000000008009d74                . = ALIGN (0x4)
 *fill*         0x0000000008009d73        0x1 

.ARM.extab      0x0000000008009d74        0x0
                0x0000000008009d74                . = ALIGN (0x4)
 *(.ARM.extab* .gnu.linkonce.armextab.*)
                0x0000000008009d74                . = ALIGN (0x4)

.ARM            0x0000000008009d74        0x8
                0x0000000008009d74                . = ALIGN (0x4)
                0x0000000008009d74                __exidx_start = .
 *(.ARM.exidx*)
 .ARM.exidx     0x0000000008009d74        0x8 c:/st/stm32cubeide_1.10.1/stm32cubeide/plugins/com.st.stm32cube.ide.mcu.externaltools.gnu-tools-for-stm32.10.3-2021.10.win32_1.0.0.202111181127/tools/bin/../lib/gcc/arm-none-eabi/10.3.1/thumb/v7e-m+fp/hard\libgcc.a(_udivmoddi4.o)
                0x0000000008009d7c                __exidx_end = .
                0x0000000008009d7c                . = ALIGN (0x4)

.rel.dyn        0x0000000008009d7c        0x0
 .rel.iplt      0x0000000008009d7c        0x0 c:/st/stm32cubeide_1.10.1/stm32cubeide/plugins/com.st.stm32cube.ide.mcu.externaltools.gnu-tools-for-stm32.10.3-2021.10.win32_1.0.0.202111181127/tools/bin/../lib/gcc/arm-none-eabi/10.3.1/thumb/v7e-m+fp/hard/crtbegin.o

.preinit_array  0x0000000008009d7c        0x0
                0x0000000008009d7c                . = ALIGN (0x4)
                0x0000000008009d7c                PROVIDE (__preinit_array_start = .)
 *(.preinit_array*)
                0x0000000008009d7c                PROVIDE (__preinit_array_end = .)
                0x0000000008009d7c                . = ALIGN (0x4)

.init_array     0x0000000008009d7c        0x4
                0x0000000008009d7c                . = ALIGN (0x4)
                0x0000000008009d7c                PROVIDE (__init_array_start = .)
 *(SORT_BY_NAME(.init_array.*))
 *(.init_array*)
 .init_array    0x0000000008009d7c        0x4 c:/st/stm32cubeide_1.10.1/stm32cubeide/plugins/com.st.stm32cube.ide.mcu.externaltools.gnu-tools-for-stm32.10.3-2021.10.win32_1.0.0.202111181127/tools/bin/../lib/gcc/arm-none-eabi/10.3.1/thumb/v7e-m+fp/hard/crtbegin.o
                0x0000000008009d80                PROVIDE (__init_array_end = .)
                0x0000000008009d80                . = ALIGN (0x4)

.fini_array     0x0000000008009d80        0x4
                0x0000000008009d80                . = ALIGN (0x4)
                [!provide]                        PROVIDE (__fini_array_start = .)
 *(SORT_BY_NAME(.fini_array.*))
 *(.fini_array*)
 .fini_array    0x0000000008009d80        0x4 c:/st/stm32cubeide_1.10.1/stm32cubeide/plugins/com.st.stm32cube.ide.mcu.externaltools.gnu-tools-for-stm32.10.3-2021.10.win32_1.0.0.202111181127/tools/bin/../lib/gcc/arm-none-eabi/10.3.1/thumb/v7e-m+fp/hard/crtbegin.o
                [!provide]                        PROVIDE (__fini_array_end = .)
                0x0000000008009d84                . = ALIGN (0x4)
                0x0000000008009d84                _sidata = LOADADDR (.data)

.data           0x0000000020000000      0x3c8 load address 0x0000000008009d84
                0x0000000020000000                . = ALIGN (0x4)
                0x0000000020000000                _sdata = .
 *(.data)
 *(.data*)
 .data.uwTickPrio
                0x0000000020000000        0x4 ./Drivers/STM32L4xx_HAL_Driver/Src/stm32l4xx_hal.o
                0x0000000020000000                uwTickPrio
 .data.uwTickFreq
                0x0000000020000004        0x1 ./Drivers/STM32L4xx_HAL_Driver/Src/stm32l4xx_hal.o
                0x0000000020000004                uwTickFreq
 *fill*         0x0000000020000005        0x3 
 .data.alphabeticalMorse
                0x0000000020000008       0x68 ./Src/MorseConversionLayer.o
                0x0000000020000008                alphabeticalMorse
 .data.numericalMorse
                0x0000000020000070       0x28 ./Src/MorseConversionLayer.o
                0x0000000020000070                numericalMorse
 .data.pMyDevice
                0x0000000020000098        0x4 ./Src/main.o
                0x0000000020000098                pMyDevice
 .data.pRangeData
                0x000000002000009c        0x4 ./Src/main.o
                0x000000002000009c                pRangeData
 .data.distance_output
                0x00000000200000a0        0x2 ./Src/main.o
                0x00000000200000a0                distance_output
 *fill*         0x00000000200000a2        0x2 
 .data.SystemCoreClock
                0x00000000200000a4        0x4 ./Src/system_stm32l4xx.o
                0x00000000200000a4                SystemCoreClock
 .data.DefaultTuningSettings
                0x00000000200000a8       0xf3 ./Src/vl53l0x_api.o
                0x00000000200000a8                DefaultTuningSettings
 *fill*         0x000000002000019b        0x1 
 .data.InterruptThresholdSettings
                0x000000002000019c      0x1b6 ./Src/vl53l0x_api.o
                0x000000002000019c                InterruptThresholdSettings
 *fill*         0x0000000020000352        0x2 
 .data.refArrayQuadrants
                0x0000000020000354       0x10 ./Src/vl53l0x_api_calibration.o
                0x0000000020000354                refArrayQuadrants
 .data._impure_ptr
                0x0000000020000364        0x4 c:/st/stm32cubeide_1.10.1/stm32cubeide/plugins/com.st.stm32cube.ide.mcu.externaltools.gnu-tools-for-stm32.10.3-2021.10.win32_1.0.0.202111181127/tools/bin/../lib/gcc/arm-none-eabi/10.3.1/../../../../arm-none-eabi/lib/thumb/v7e-m+fp/hard\libc_nano.a(lib_a-impure.o)
                0x0000000020000364                _impure_ptr
 .data.impure_data
                0x0000000020000368       0x60 c:/st/stm32cubeide_1.10.1/stm32cubeide/plugins/com.st.stm32cube.ide.mcu.externaltools.gnu-tools-for-stm32.10.3-2021.10.win32_1.0.0.202111181127/tools/bin/../lib/gcc/arm-none-eabi/10.3.1/../../../../arm-none-eabi/lib/thumb/v7e-m+fp/hard\libc_nano.a(lib_a-impure.o)
 *(.RamFunc)
 *(.RamFunc*)
                0x00000000200003c8                . = ALIGN (0x4)
                0x00000000200003c8                _edata = .

.igot.plt       0x00000000200003c8        0x0 load address 0x000000000800a14c
 .igot.plt      0x00000000200003c8        0x0 c:/st/stm32cubeide_1.10.1/stm32cubeide/plugins/com.st.stm32cube.ide.mcu.externaltools.gnu-tools-for-stm32.10.3-2021.10.win32_1.0.0.202111181127/tools/bin/../lib/gcc/arm-none-eabi/10.3.1/thumb/v7e-m+fp/hard/crtbegin.o
                0x00000000200003c8                . = ALIGN (0x4)

.bss            0x00000000200003c8      0x370 load address 0x000000000800a14c
                0x00000000200003c8                _sbss = .
                0x00000000200003c8                __bss_start__ = _sbss
 *(.bss)
 .bss           0x00000000200003c8       0x1c c:/st/stm32cubeide_1.10.1/stm32cubeide/plugins/com.st.stm32cube.ide.mcu.externaltools.gnu-tools-for-stm32.10.3-2021.10.win32_1.0.0.202111181127/tools/bin/../lib/gcc/arm-none-eabi/10.3.1/thumb/v7e-m+fp/hard/crtbegin.o
 *(.bss*)
 .bss.uwTick    0x00000000200003e4        0x4 ./Drivers/STM32L4xx_HAL_Driver/Src/stm32l4xx_hal.o
                0x00000000200003e4                uwTick
 .bss.hi2c2     0x00000000200003e8       0x54 ./Src/main.o
                0x00000000200003e8                hi2c2
 .bss.huart1    0x000000002000043c       0x90 ./Src/main.o
                0x000000002000043c                huart1
 .bss.output    0x00000000200004cc       0x32 ./Src/main.o
                0x00000000200004cc                output
 *fill*         0x00000000200004fe        0x2 
 .bss.MyDevice  0x0000000020000500      0x1b4 ./Src/main.o
                0x0000000020000500                MyDevice
 .bss.status    0x00000000200006b4        0x1 ./Src/main.o
                0x00000000200006b4                status
 .bss.VhvSettings
                0x00000000200006b5        0x1 ./Src/main.o
                0x00000000200006b5                VhvSettings
 .bss.PhaseCal  0x00000000200006b6        0x1 ./Src/main.o
                0x00000000200006b6                PhaseCal
 *fill*         0x00000000200006b7        0x1 
 .bss.refSpadCount
                0x00000000200006b8        0x4 ./Src/main.o
                0x00000000200006b8                refSpadCount
 .bss.isApertureSpads
                0x00000000200006bc        0x1 ./Src/main.o
                0x00000000200006bc                isApertureSpads
 *fill*         0x00000000200006bd        0x3 
 .bss.rangeData
                0x00000000200006c0       0x1c ./Src/main.o
                0x00000000200006c0                rangeData
 .bss.morse     0x00000000200006dc        0x6 ./Src/main.o
                0x00000000200006dc                morse
 *fill*         0x00000000200006e2        0x2 
 .bss.__sbrk_heap_end
                0x00000000200006e4        0x4 ./Src/sysmem.o
 .bss._I2CBuffer
                0x00000000200006e8       0x40 ./Src/vl53l0x_platform.o
                0x00000000200006e8                _I2CBuffer
 .bss.__lock___malloc_recursive_mutex
                0x0000000020000728        0x1 c:/st/stm32cubeide_1.10.1/stm32cubeide/plugins/com.st.stm32cube.ide.mcu.externaltools.gnu-tools-for-stm32.10.3-2021.10.win32_1.0.0.202111181127/tools/bin/../lib/gcc/arm-none-eabi/10.3.1/../../../../arm-none-eabi/lib/thumb/v7e-m+fp/hard\libc_nano.a(lib_a-lock.o)
                0x0000000020000728                __lock___malloc_recursive_mutex
 *fill*         0x0000000020000729        0x3 
 .bss.__malloc_free_list
                0x000000002000072c        0x4 c:/st/stm32cubeide_1.10.1/stm32cubeide/plugins/com.st.stm32cube.ide.mcu.externaltools.gnu-tools-for-stm32.10.3-2021.10.win32_1.0.0.202111181127/tools/bin/../lib/gcc/arm-none-eabi/10.3.1/../../../../arm-none-eabi/lib/thumb/v7e-m+fp/hard\libc_nano.a(lib_a-nano-mallocr.o)
                0x000000002000072c                __malloc_free_list
 .bss.__malloc_sbrk_start
                0x0000000020000730        0x4 c:/st/stm32cubeide_1.10.1/stm32cubeide/plugins/com.st.stm32cube.ide.mcu.externaltools.gnu-tools-for-stm32.10.3-2021.10.win32_1.0.0.202111181127/tools/bin/../lib/gcc/arm-none-eabi/10.3.1/../../../../arm-none-eabi/lib/thumb/v7e-m+fp/hard\libc_nano.a(lib_a-nano-mallocr.o)
                0x0000000020000730                __malloc_sbrk_start
 .bss.errno     0x0000000020000734        0x4 c:/st/stm32cubeide_1.10.1/stm32cubeide/plugins/com.st.stm32cube.ide.mcu.externaltools.gnu-tools-for-stm32.10.3-2021.10.win32_1.0.0.202111181127/tools/bin/../lib/gcc/arm-none-eabi/10.3.1/../../../../arm-none-eabi/lib/thumb/v7e-m+fp/hard\libc_nano.a(lib_a-reent.o)
                0x0000000020000734                errno
 *(COMMON)
                0x0000000020000738                . = ALIGN (0x4)
                0x0000000020000738                _ebss = .
                0x0000000020000738                __bss_end__ = _ebss

._user_heap_stack
                0x0000000020000738      0x600 load address 0x000000000800a14c
                0x0000000020000738                . = ALIGN (0x8)
                [!provide]                        PROVIDE (end = .)
                0x0000000020000738                PROVIDE (_end = .)
                0x0000000020000938                . = (. + _Min_Heap_Size)
 *fill*         0x0000000020000738      0x200 
                0x0000000020000d38                . = (. + _Min_Stack_Size)
 *fill*         0x0000000020000938      0x400 
                0x0000000020000d38                . = ALIGN (0x8)

/DISCARD/
 libc.a(*)
 libm.a(*)
 libgcc.a(*)

.ARM.attributes
                0x0000000000000000       0x30
 *(.ARM.attributes)
 .ARM.attributes
                0x0000000000000000       0x1e c:/st/stm32cubeide_1.10.1/stm32cubeide/plugins/com.st.stm32cube.ide.mcu.externaltools.gnu-tools-for-stm32.10.3-2021.10.win32_1.0.0.202111181127/tools/bin/../lib/gcc/arm-none-eabi/10.3.1/thumb/v7e-m+fp/hard/crti.o
 .ARM.attributes
                0x000000000000001e       0x34 c:/st/stm32cubeide_1.10.1/stm32cubeide/plugins/com.st.stm32cube.ide.mcu.externaltools.gnu-tools-for-stm32.10.3-2021.10.win32_1.0.0.202111181127/tools/bin/../lib/gcc/arm-none-eabi/10.3.1/thumb/v7e-m+fp/hard/crtbegin.o
 .ARM.attributes
                0x0000000000000052       0x34 ./Drivers/STM32L4xx_HAL_Driver/Src/stm32l4xx_hal.o
 .ARM.attributes
                0x0000000000000086       0x34 ./Drivers/STM32L4xx_HAL_Driver/Src/stm32l4xx_hal_cortex.o
 .ARM.attributes
                0x00000000000000ba       0x34 ./Drivers/STM32L4xx_HAL_Driver/Src/stm32l4xx_hal_gpio.o
 .ARM.attributes
                0x00000000000000ee       0x34 ./Drivers/STM32L4xx_HAL_Driver/Src/stm32l4xx_hal_i2c.o
 .ARM.attributes
                0x0000000000000122       0x34 ./Drivers/STM32L4xx_HAL_Driver/Src/stm32l4xx_hal_i2c_ex.o
 .ARM.attributes
                0x0000000000000156       0x34 ./Drivers/STM32L4xx_HAL_Driver/Src/stm32l4xx_hal_pwr_ex.o
 .ARM.attributes
                0x000000000000018a       0x34 ./Drivers/STM32L4xx_HAL_Driver/Src/stm32l4xx_hal_rcc.o
 .ARM.attributes
                0x00000000000001be       0x34 ./Drivers/STM32L4xx_HAL_Driver/Src/stm32l4xx_hal_rcc_ex.o
 .ARM.attributes
                0x00000000000001f2       0x34 ./Drivers/STM32L4xx_HAL_Driver/Src/stm32l4xx_hal_uart.o
 .ARM.attributes
                0x0000000000000226       0x34 ./Drivers/STM32L4xx_HAL_Driver/Src/stm32l4xx_hal_uart_ex.o
 .ARM.attributes
                0x000000000000025a       0x34 ./Src/MorseConversionLayer.o
 .ARM.attributes
                0x000000000000028e       0x34 ./Src/main.o
 .ARM.attributes
                0x00000000000002c2       0x34 ./Src/stm32l4xx_hal_msp.o
 .ARM.attributes
                0x00000000000002f6       0x34 ./Src/stm32l4xx_it.o
 .ARM.attributes
                0x000000000000032a       0x34 ./Src/sysmem.o
 .ARM.attributes
                0x000000000000035e       0x34 ./Src/system_stm32l4xx.o
 .ARM.attributes
                0x0000000000000392       0x34 ./Src/vl53l0x_api.o
 .ARM.attributes
                0x00000000000003c6       0x34 ./Src/vl53l0x_api_calibration.o
 .ARM.attributes
                0x00000000000003fa       0x34 ./Src/vl53l0x_api_core.o
 .ARM.attributes
                0x000000000000042e       0x34 ./Src/vl53l0x_platform.o
 .ARM.attributes
                0x0000000000000462       0x21 ./Startup/startup_stm32l4s5vitx.o
 .ARM.attributes
                0x0000000000000483       0x34 c:/st/stm32cubeide_1.10.1/stm32cubeide/plugins/com.st.stm32cube.ide.mcu.externaltools.gnu-tools-for-stm32.10.3-2021.10.win32_1.0.0.202111181127/tools/bin/../lib/gcc/arm-none-eabi/10.3.1/../../../../arm-none-eabi/lib/thumb/v7e-m+fp/hard\libc_nano.a(lib_a-errno.o)
 .ARM.attributes
                0x00000000000004b7       0x34 c:/st/stm32cubeide_1.10.1/stm32cubeide/plugins/com.st.stm32cube.ide.mcu.externaltools.gnu-tools-for-stm32.10.3-2021.10.win32_1.0.0.202111181127/tools/bin/../lib/gcc/arm-none-eabi/10.3.1/../../../../arm-none-eabi/lib/thumb/v7e-m+fp/hard\libc_nano.a(lib_a-impure.o)
 .ARM.attributes
                0x00000000000004eb       0x34 c:/st/stm32cubeide_1.10.1/stm32cubeide/plugins/com.st.stm32cube.ide.mcu.externaltools.gnu-tools-for-stm32.10.3-2021.10.win32_1.0.0.202111181127/tools/bin/../lib/gcc/arm-none-eabi/10.3.1/../../../../arm-none-eabi/lib/thumb/v7e-m+fp/hard\libc_nano.a(lib_a-init.o)
 .ARM.attributes
                0x000000000000051f       0x34 c:/st/stm32cubeide_1.10.1/stm32cubeide/plugins/com.st.stm32cube.ide.mcu.externaltools.gnu-tools-for-stm32.10.3-2021.10.win32_1.0.0.202111181127/tools/bin/../lib/gcc/arm-none-eabi/10.3.1/../../../../arm-none-eabi/lib/thumb/v7e-m+fp/hard\libc_nano.a(lib_a-memcpy-stub.o)
 .ARM.attributes
                0x0000000000000553       0x34 c:/st/stm32cubeide_1.10.1/stm32cubeide/plugins/com.st.stm32cube.ide.mcu.externaltools.gnu-tools-for-stm32.10.3-2021.10.win32_1.0.0.202111181127/tools/bin/../lib/gcc/arm-none-eabi/10.3.1/../../../../arm-none-eabi/lib/thumb/v7e-m+fp/hard\libc_nano.a(lib_a-memset.o)
 .ARM.attributes
                0x0000000000000587       0x34 c:/st/stm32cubeide_1.10.1/stm32cubeide/plugins/com.st.stm32cube.ide.mcu.externaltools.gnu-tools-for-stm32.10.3-2021.10.win32_1.0.0.202111181127/tools/bin/../lib/gcc/arm-none-eabi/10.3.1/../../../../arm-none-eabi/lib/thumb/v7e-m+fp/hard\libc_nano.a(lib_a-snprintf.o)
 .ARM.attributes
                0x00000000000005bb       0x1c c:/st/stm32cubeide_1.10.1/stm32cubeide/plugins/com.st.stm32cube.ide.mcu.externaltools.gnu-tools-for-stm32.10.3-2021.10.win32_1.0.0.202111181127/tools/bin/../lib/gcc/arm-none-eabi/10.3.1/../../../../arm-none-eabi/lib/thumb/v7e-m+fp/hard\libc_nano.a(lib_a-strcmp.o)
 .ARM.attributes
                0x00000000000005d7       0x34 c:/st/stm32cubeide_1.10.1/stm32cubeide/plugins/com.st.stm32cube.ide.mcu.externaltools.gnu-tools-for-stm32.10.3-2021.10.win32_1.0.0.202111181127/tools/bin/../lib/gcc/arm-none-eabi/10.3.1/../../../../arm-none-eabi/lib/thumb/v7e-m+fp/hard\libc_nano.a(lib_a-strcpy.o)
 .ARM.attributes
                0x000000000000060b       0x17 c:/st/stm32cubeide_1.10.1/stm32cubeide/plugins/com.st.stm32cube.ide.mcu.externaltools.gnu-tools-for-stm32.10.3-2021.10.win32_1.0.0.202111181127/tools/bin/../lib/gcc/arm-none-eabi/10.3.1/../../../../arm-none-eabi/lib/thumb/v7e-m+fp/hard\libc_nano.a(lib_a-strlen.o)
 .ARM.attributes
                0x0000000000000622       0x34 c:/st/stm32cubeide_1.10.1/stm32cubeide/plugins/com.st.stm32cube.ide.mcu.externaltools.gnu-tools-for-stm32.10.3-2021.10.win32_1.0.0.202111181127/tools/bin/../lib/gcc/arm-none-eabi/10.3.1/../../../../arm-none-eabi/lib/thumb/v7e-m+fp/hard\libc_nano.a(lib_a-findfp.o)
 .ARM.attributes
                0x0000000000000656       0x34 c:/st/stm32cubeide_1.10.1/stm32cubeide/plugins/com.st.stm32cube.ide.mcu.externaltools.gnu-tools-for-stm32.10.3-2021.10.win32_1.0.0.202111181127/tools/bin/../lib/gcc/arm-none-eabi/10.3.1/../../../../arm-none-eabi/lib/thumb/v7e-m+fp/hard\libc_nano.a(lib_a-lock.o)
 .ARM.attributes
                0x000000000000068a       0x34 c:/st/stm32cubeide_1.10.1/stm32cubeide/plugins/com.st.stm32cube.ide.mcu.externaltools.gnu-tools-for-stm32.10.3-2021.10.win32_1.0.0.202111181127/tools/bin/../lib/gcc/arm-none-eabi/10.3.1/../../../../arm-none-eabi/lib/thumb/v7e-m+fp/hard\libc_nano.a(lib_a-nano-mallocr.o)
 .ARM.attributes
                0x00000000000006be       0x34 c:/st/stm32cubeide_1.10.1/stm32cubeide/plugins/com.st.stm32cube.ide.mcu.externaltools.gnu-tools-for-stm32.10.3-2021.10.win32_1.0.0.202111181127/tools/bin/../lib/gcc/arm-none-eabi/10.3.1/../../../../arm-none-eabi/lib/thumb/v7e-m+fp/hard\libc_nano.a(lib_a-nano-svfprintf.o)
 .ARM.attributes
                0x00000000000006f2       0x34 c:/st/stm32cubeide_1.10.1/stm32cubeide/plugins/com.st.stm32cube.ide.mcu.externaltools.gnu-tools-for-stm32.10.3-2021.10.win32_1.0.0.202111181127/tools/bin/../lib/gcc/arm-none-eabi/10.3.1/../../../../arm-none-eabi/lib/thumb/v7e-m+fp/hard\libc_nano.a(lib_a-nano-vfprintf_i.o)
 .ARM.attributes
                0x0000000000000726       0x34 c:/st/stm32cubeide_1.10.1/stm32cubeide/plugins/com.st.stm32cube.ide.mcu.externaltools.gnu-tools-for-stm32.10.3-2021.10.win32_1.0.0.202111181127/tools/bin/../lib/gcc/arm-none-eabi/10.3.1/../../../../arm-none-eabi/lib/thumb/v7e-m+fp/hard\libc_nano.a(lib_a-sbrkr.o)
 .ARM.attributes
                0x000000000000075a       0x1c c:/st/stm32cubeide_1.10.1/stm32cubeide/plugins/com.st.stm32cube.ide.mcu.externaltools.gnu-tools-for-stm32.10.3-2021.10.win32_1.0.0.202111181127/tools/bin/../lib/gcc/arm-none-eabi/10.3.1/../../../../arm-none-eabi/lib/thumb/v7e-m+fp/hard\libc_nano.a(lib_a-memchr.o)
 .ARM.attributes
                0x0000000000000776       0x34 c:/st/stm32cubeide_1.10.1/stm32cubeide/plugins/com.st.stm32cube.ide.mcu.externaltools.gnu-tools-for-stm32.10.3-2021.10.win32_1.0.0.202111181127/tools/bin/../lib/gcc/arm-none-eabi/10.3.1/../../../../arm-none-eabi/lib/thumb/v7e-m+fp/hard\libc_nano.a(lib_a-memmove.o)
 .ARM.attributes
                0x00000000000007aa       0x34 c:/st/stm32cubeide_1.10.1/stm32cubeide/plugins/com.st.stm32cube.ide.mcu.externaltools.gnu-tools-for-stm32.10.3-2021.10.win32_1.0.0.202111181127/tools/bin/../lib/gcc/arm-none-eabi/10.3.1/../../../../arm-none-eabi/lib/thumb/v7e-m+fp/hard\libc_nano.a(lib_a-mlock.o)
 .ARM.attributes
                0x00000000000007de       0x34 c:/st/stm32cubeide_1.10.1/stm32cubeide/plugins/com.st.stm32cube.ide.mcu.externaltools.gnu-tools-for-stm32.10.3-2021.10.win32_1.0.0.202111181127/tools/bin/../lib/gcc/arm-none-eabi/10.3.1/../../../../arm-none-eabi/lib/thumb/v7e-m+fp/hard\libc_nano.a(lib_a-nano-freer.o)
 .ARM.attributes
                0x0000000000000812       0x34 c:/st/stm32cubeide_1.10.1/stm32cubeide/plugins/com.st.stm32cube.ide.mcu.externaltools.gnu-tools-for-stm32.10.3-2021.10.win32_1.0.0.202111181127/tools/bin/../lib/gcc/arm-none-eabi/10.3.1/../../../../arm-none-eabi/lib/thumb/v7e-m+fp/hard\libc_nano.a(lib_a-nano-reallocr.o)
 .ARM.attributes
                0x0000000000000846       0x34 c:/st/stm32cubeide_1.10.1/stm32cubeide/plugins/com.st.stm32cube.ide.mcu.externaltools.gnu-tools-for-stm32.10.3-2021.10.win32_1.0.0.202111181127/tools/bin/../lib/gcc/arm-none-eabi/10.3.1/../../../../arm-none-eabi/lib/thumb/v7e-m+fp/hard\libc_nano.a(lib_a-reent.o)
 .ARM.attributes
                0x000000000000087a       0x34 c:/st/stm32cubeide_1.10.1/stm32cubeide/plugins/com.st.stm32cube.ide.mcu.externaltools.gnu-tools-for-stm32.10.3-2021.10.win32_1.0.0.202111181127/tools/bin/../lib/gcc/arm-none-eabi/10.3.1/../../../../arm-none-eabi/lib/thumb/v7e-m+fp/hard\libc_nano.a(lib_a-nano-msizer.o)
 .ARM.attributes
                0x00000000000008ae       0x1e c:/st/stm32cubeide_1.10.1/stm32cubeide/plugins/com.st.stm32cube.ide.mcu.externaltools.gnu-tools-for-stm32.10.3-2021.10.win32_1.0.0.202111181127/tools/bin/../lib/gcc/arm-none-eabi/10.3.1/thumb/v7e-m+fp/hard\libgcc.a(_aeabi_uldivmod.o)
 .ARM.attributes
                0x00000000000008cc       0x34 c:/st/stm32cubeide_1.10.1/stm32cubeide/plugins/com.st.stm32cube.ide.mcu.externaltools.gnu-tools-for-stm32.10.3-2021.10.win32_1.0.0.202111181127/tools/bin/../lib/gcc/arm-none-eabi/10.3.1/thumb/v7e-m+fp/hard\libgcc.a(_udivmoddi4.o)
 .ARM.attributes
                0x0000000000000900       0x1e c:/st/stm32cubeide_1.10.1/stm32cubeide/plugins/com.st.stm32cube.ide.mcu.externaltools.gnu-tools-for-stm32.10.3-2021.10.win32_1.0.0.202111181127/tools/bin/../lib/gcc/arm-none-eabi/10.3.1/thumb/v7e-m+fp/hard\libgcc.a(_dvmd_tls.o)
 .ARM.attributes
                0x000000000000091e       0x1e c:/st/stm32cubeide_1.10.1/stm32cubeide/plugins/com.st.stm32cube.ide.mcu.externaltools.gnu-tools-for-stm32.10.3-2021.10.win32_1.0.0.202111181127/tools/bin/../lib/gcc/arm-none-eabi/10.3.1/thumb/v7e-m+fp/hard/crtn.o
OUTPUT(final-project-444-new-board.elf elf32-littlearm)
LOAD linker stubs
LOAD c:/st/stm32cubeide_1.10.1/stm32cubeide/plugins/com.st.stm32cube.ide.mcu.externaltools.gnu-tools-for-stm32.10.3-2021.10.win32_1.0.0.202111181127/tools/bin/../lib/gcc/arm-none-eabi/10.3.1/../../../../arm-none-eabi/lib/thumb/v7e-m+fp/hard\libc.a
LOAD c:/st/stm32cubeide_1.10.1/stm32cubeide/plugins/com.st.stm32cube.ide.mcu.externaltools.gnu-tools-for-stm32.10.3-2021.10.win32_1.0.0.202111181127/tools/bin/../lib/gcc/arm-none-eabi/10.3.1/../../../../arm-none-eabi/lib/thumb/v7e-m+fp/hard\libm.a
LOAD c:/st/stm32cubeide_1.10.1/stm32cubeide/plugins/com.st.stm32cube.ide.mcu.externaltools.gnu-tools-for-stm32.10.3-2021.10.win32_1.0.0.202111181127/tools/bin/../lib/gcc/arm-none-eabi/10.3.1/thumb/v7e-m+fp/hard\libgcc.a

.debug_info     0x0000000000000000    0x1a06d
 .debug_info    0x0000000000000000      0xb99 ./Drivers/STM32L4xx_HAL_Driver/Src/stm32l4xx_hal.o
 .debug_info    0x0000000000000b99      0xe3f ./Drivers/STM32L4xx_HAL_Driver/Src/stm32l4xx_hal_cortex.o
 .debug_info    0x00000000000019d8      0x859 ./Drivers/STM32L4xx_HAL_Driver/Src/stm32l4xx_hal_gpio.o
 .debug_info    0x0000000000002231     0x234c ./Drivers/STM32L4xx_HAL_Driver/Src/stm32l4xx_hal_i2c.o
 .debug_info    0x000000000000457d      0xba5 ./Drivers/STM32L4xx_HAL_Driver/Src/stm32l4xx_hal_i2c_ex.o
 .debug_info    0x0000000000005122      0xa5e ./Drivers/STM32L4xx_HAL_Driver/Src/stm32l4xx_hal_pwr_ex.o
 .debug_info    0x0000000000005b80      0xe19 ./Drivers/STM32L4xx_HAL_Driver/Src/stm32l4xx_hal_rcc.o
 .debug_info    0x0000000000006999     0x11f3 ./Drivers/STM32L4xx_HAL_Driver/Src/stm32l4xx_hal_rcc_ex.o
 .debug_info    0x0000000000007b8c     0x4996 ./Drivers/STM32L4xx_HAL_Driver/Src/stm32l4xx_hal_uart.o
 .debug_info    0x000000000000c522     0x106a ./Drivers/STM32L4xx_HAL_Driver/Src/stm32l4xx_hal_uart_ex.o
 .debug_info    0x000000000000d58c      0x2ac ./Src/MorseConversionLayer.o
 .debug_info    0x000000000000d838     0x1c6f ./Src/main.o
 .debug_info    0x000000000000f4a7     0x129b ./Src/stm32l4xx_hal_msp.o
 .debug_info    0x0000000000010742      0x122 ./Src/stm32l4xx_it.o
 .debug_info    0x0000000000010864      0x171 ./Src/sysmem.o
 .debug_info    0x00000000000109d5      0x5fe ./Src/system_stm32l4xx.o
 .debug_info    0x0000000000010fd3     0x38c5 ./Src/vl53l0x_api.o
 .debug_info    0x0000000000014898     0x1fb0 ./Src/vl53l0x_api_calibration.o
 .debug_info    0x0000000000016848     0x242d ./Src/vl53l0x_api_core.o
 .debug_info    0x0000000000018c75     0x13d6 ./Src/vl53l0x_platform.o
 .debug_info    0x000000000001a04b       0x22 ./Startup/startup_stm32l4s5vitx.o

.debug_abbrev   0x0000000000000000     0x2b05
 .debug_abbrev  0x0000000000000000      0x23a ./Drivers/STM32L4xx_HAL_Driver/Src/stm32l4xx_hal.o
 .debug_abbrev  0x000000000000023a      0x316 ./Drivers/STM32L4xx_HAL_Driver/Src/stm32l4xx_hal_cortex.o
 .debug_abbrev  0x0000000000000550      0x1bb ./Drivers/STM32L4xx_HAL_Driver/Src/stm32l4xx_hal_gpio.o
 .debug_abbrev  0x000000000000070b      0x243 ./Drivers/STM32L4xx_HAL_Driver/Src/stm32l4xx_hal_i2c.o
 .debug_abbrev  0x000000000000094e      0x1b0 ./Drivers/STM32L4xx_HAL_Driver/Src/stm32l4xx_hal_i2c_ex.o
 .debug_abbrev  0x0000000000000afe      0x1f3 ./Drivers/STM32L4xx_HAL_Driver/Src/stm32l4xx_hal_pwr_ex.o
 .debug_abbrev  0x0000000000000cf1      0x2f9 ./Drivers/STM32L4xx_HAL_Driver/Src/stm32l4xx_hal_rcc.o
 .debug_abbrev  0x0000000000000fea      0x299 ./Drivers/STM32L4xx_HAL_Driver/Src/stm32l4xx_hal_rcc_ex.o
 .debug_abbrev  0x0000000000001283      0x2f0 ./Drivers/STM32L4xx_HAL_Driver/Src/stm32l4xx_hal_uart.o
 .debug_abbrev  0x0000000000001573      0x2bd ./Drivers/STM32L4xx_HAL_Driver/Src/stm32l4xx_hal_uart_ex.o
 .debug_abbrev  0x0000000000001830      0x131 ./Src/MorseConversionLayer.o
 .debug_abbrev  0x0000000000001961      0x35e ./Src/main.o
 .debug_abbrev  0x0000000000001cbf      0x1d0 ./Src/stm32l4xx_hal_msp.o
 .debug_abbrev  0x0000000000001e8f       0x74 ./Src/stm32l4xx_it.o
 .debug_abbrev  0x0000000000001f03       0xbb ./Src/sysmem.o
 .debug_abbrev  0x0000000000001fbe      0x116 ./Src/system_stm32l4xx.o
 .debug_abbrev  0x00000000000020d4      0x2a3 ./Src/vl53l0x_api.o
 .debug_abbrev  0x0000000000002377      0x298 ./Src/vl53l0x_api_calibration.o
 .debug_abbrev  0x000000000000260f      0x2af ./Src/vl53l0x_api_core.o
 .debug_abbrev  0x00000000000028be      0x235 ./Src/vl53l0x_platform.o
 .debug_abbrev  0x0000000000002af3       0x12 ./Startup/startup_stm32l4s5vitx.o

.debug_aranges  0x0000000000000000     0x1270
 .debug_aranges
                0x0000000000000000      0x130 ./Drivers/STM32L4xx_HAL_Driver/Src/stm32l4xx_hal.o
 .debug_aranges
                0x0000000000000130      0x118 ./Drivers/STM32L4xx_HAL_Driver/Src/stm32l4xx_hal_cortex.o
 .debug_aranges
                0x0000000000000248       0x58 ./Drivers/STM32L4xx_HAL_Driver/Src/stm32l4xx_hal_gpio.o
 .debug_aranges
                0x00000000000002a0      0x2a0 ./Drivers/STM32L4xx_HAL_Driver/Src/stm32l4xx_hal_i2c.o
 .debug_aranges
                0x0000000000000540       0x48 ./Drivers/STM32L4xx_HAL_Driver/Src/stm32l4xx_hal_i2c_ex.o
 .debug_aranges
                0x0000000000000588      0x170 ./Drivers/STM32L4xx_HAL_Driver/Src/stm32l4xx_hal_pwr_ex.o
 .debug_aranges
                0x00000000000006f8       0x98 ./Drivers/STM32L4xx_HAL_Driver/Src/stm32l4xx_hal_rcc.o
 .debug_aranges
                0x0000000000000790      0x110 ./Drivers/STM32L4xx_HAL_Driver/Src/stm32l4xx_hal_rcc_ex.o
 .debug_aranges
                0x00000000000008a0      0x248 ./Drivers/STM32L4xx_HAL_Driver/Src/stm32l4xx_hal_uart.o
 .debug_aranges
                0x0000000000000ae8       0xa0 ./Drivers/STM32L4xx_HAL_Driver/Src/stm32l4xx_hal_uart_ex.o
 .debug_aranges
                0x0000000000000b88       0x30 ./Src/MorseConversionLayer.o
 .debug_aranges
                0x0000000000000bb8       0x58 ./Src/main.o
 .debug_aranges
                0x0000000000000c10       0x40 ./Src/stm32l4xx_hal_msp.o
 .debug_aranges
                0x0000000000000c50       0x60 ./Src/stm32l4xx_it.o
 .debug_aranges
                0x0000000000000cb0       0x20 ./Src/sysmem.o
 .debug_aranges
                0x0000000000000cd0       0x28 ./Src/system_stm32l4xx.o
 .debug_aranges
                0x0000000000000cf8      0x320 ./Src/vl53l0x_api.o
 .debug_aranges
                0x0000000000001018       0xd0 ./Src/vl53l0x_api_calibration.o
 .debug_aranges
                0x00000000000010e8       0xe8 ./Src/vl53l0x_api_core.o
 .debug_aranges
                0x00000000000011d0       0x78 ./Src/vl53l0x_platform.o
 .debug_aranges
                0x0000000000001248       0x28 ./Startup/startup_stm32l4s5vitx.o

.debug_ranges   0x0000000000000000     0x1158
 .debug_ranges  0x0000000000000000      0x120 ./Drivers/STM32L4xx_HAL_Driver/Src/stm32l4xx_hal.o
 .debug_ranges  0x0000000000000120      0x108 ./Drivers/STM32L4xx_HAL_Driver/Src/stm32l4xx_hal_cortex.o
 .debug_ranges  0x0000000000000228       0x48 ./Drivers/STM32L4xx_HAL_Driver/Src/stm32l4xx_hal_gpio.o
 .debug_ranges  0x0000000000000270      0x290 ./Drivers/STM32L4xx_HAL_Driver/Src/stm32l4xx_hal_i2c.o
 .debug_ranges  0x0000000000000500       0x38 ./Drivers/STM32L4xx_HAL_Driver/Src/stm32l4xx_hal_i2c_ex.o
 .debug_ranges  0x0000000000000538      0x160 ./Drivers/STM32L4xx_HAL_Driver/Src/stm32l4xx_hal_pwr_ex.o
 .debug_ranges  0x0000000000000698       0x88 ./Drivers/STM32L4xx_HAL_Driver/Src/stm32l4xx_hal_rcc.o
 .debug_ranges  0x0000000000000720      0x100 ./Drivers/STM32L4xx_HAL_Driver/Src/stm32l4xx_hal_rcc_ex.o
 .debug_ranges  0x0000000000000820      0x268 ./Drivers/STM32L4xx_HAL_Driver/Src/stm32l4xx_hal_uart.o
 .debug_ranges  0x0000000000000a88       0x90 ./Drivers/STM32L4xx_HAL_Driver/Src/stm32l4xx_hal_uart_ex.o
 .debug_ranges  0x0000000000000b18       0x20 ./Src/MorseConversionLayer.o
 .debug_ranges  0x0000000000000b38       0x48 ./Src/main.o
 .debug_ranges  0x0000000000000b80       0x30 ./Src/stm32l4xx_hal_msp.o
 .debug_ranges  0x0000000000000bb0       0x50 ./Src/stm32l4xx_it.o
 .debug_ranges  0x0000000000000c00       0x10 ./Src/sysmem.o
 .debug_ranges  0x0000000000000c10       0x18 ./Src/system_stm32l4xx.o
 .debug_ranges  0x0000000000000c28      0x310 ./Src/vl53l0x_api.o
 .debug_ranges  0x0000000000000f38       0xc0 ./Src/vl53l0x_api_calibration.o
 .debug_ranges  0x0000000000000ff8       0xd8 ./Src/vl53l0x_api_core.o
 .debug_ranges  0x00000000000010d0       0x68 ./Src/vl53l0x_platform.o
 .debug_ranges  0x0000000000001138       0x20 ./Startup/startup_stm32l4s5vitx.o

.debug_macro    0x0000000000000000    0x2c324
 .debug_macro   0x0000000000000000      0x221 ./Drivers/STM32L4xx_HAL_Driver/Src/stm32l4xx_hal.o
 .debug_macro   0x0000000000000221      0xa78 ./Drivers/STM32L4xx_HAL_Driver/Src/stm32l4xx_hal.o
 .debug_macro   0x0000000000000c99      0x1a7 ./Drivers/STM32L4xx_HAL_Driver/Src/stm32l4xx_hal.o
 .debug_macro   0x0000000000000e40       0x2e ./Drivers/STM32L4xx_HAL_Driver/Src/stm32l4xx_hal.o
 .debug_macro   0x0000000000000e6e       0x28 ./Drivers/STM32L4xx_HAL_Driver/Src/stm32l4xx_hal.o
 .debug_macro   0x0000000000000e96       0x22 ./Drivers/STM32L4xx_HAL_Driver/Src/stm32l4xx_hal.o
 .debug_macro   0x0000000000000eb8       0x8e ./Drivers/STM32L4xx_HAL_Driver/Src/stm32l4xx_hal.o
 .debug_macro   0x0000000000000f46       0x51 ./Drivers/STM32L4xx_HAL_Driver/Src/stm32l4xx_hal.o
 .debug_macro   0x0000000000000f97      0x103 ./Drivers/STM32L4xx_HAL_Driver/Src/stm32l4xx_hal.o
 .debug_macro   0x000000000000109a       0x6a ./Drivers/STM32L4xx_HAL_Driver/Src/stm32l4xx_hal.o
 .debug_macro   0x0000000000001104      0x1df ./Drivers/STM32L4xx_HAL_Driver/Src/stm32l4xx_hal.o
 .debug_macro   0x00000000000012e3       0x1c ./Drivers/STM32L4xx_HAL_Driver/Src/stm32l4xx_hal.o
 .debug_macro   0x00000000000012ff       0x22 ./Drivers/STM32L4xx_HAL_Driver/Src/stm32l4xx_hal.o
 .debug_macro   0x0000000000001321       0xfb ./Drivers/STM32L4xx_HAL_Driver/Src/stm32l4xx_hal.o
 .debug_macro   0x000000000000141c     0x1011 ./Drivers/STM32L4xx_HAL_Driver/Src/stm32l4xx_hal.o
 .debug_macro   0x000000000000242d      0x11f ./Drivers/STM32L4xx_HAL_Driver/Src/stm32l4xx_hal.o
 .debug_macro   0x000000000000254c    0x1d292 ./Drivers/STM32L4xx_HAL_Driver/Src/stm32l4xx_hal.o
 .debug_macro   0x000000000001f7de       0x6d ./Drivers/STM32L4xx_HAL_Driver/Src/stm32l4xx_hal.o
 .debug_macro   0x000000000001f84b     0x38ed ./Drivers/STM32L4xx_HAL_Driver/Src/stm32l4xx_hal.o
 .debug_macro   0x0000000000023138      0x174 ./Drivers/STM32L4xx_HAL_Driver/Src/stm32l4xx_hal.o
 .debug_macro   0x00000000000232ac       0x5c ./Drivers/STM32L4xx_HAL_Driver/Src/stm32l4xx_hal.o
 .debug_macro   0x0000000000023308     0x1910 ./Drivers/STM32L4xx_HAL_Driver/Src/stm32l4xx_hal.o
 .debug_macro   0x0000000000024c18      0x7dc ./Drivers/STM32L4xx_HAL_Driver/Src/stm32l4xx_hal.o
 .debug_macro   0x00000000000253f4      0x1b9 ./Drivers/STM32L4xx_HAL_Driver/Src/stm32l4xx_hal.o
 .debug_macro   0x00000000000255ad      0x225 ./Drivers/STM32L4xx_HAL_Driver/Src/stm32l4xx_hal.o
 .debug_macro   0x00000000000257d2      0x486 ./Drivers/STM32L4xx_HAL_Driver/Src/stm32l4xx_hal.o
 .debug_macro   0x0000000000025c58      0x1ce ./Drivers/STM32L4xx_HAL_Driver/Src/stm32l4xx_hal.o
 .debug_macro   0x0000000000025e26       0x43 ./Drivers/STM32L4xx_HAL_Driver/Src/stm32l4xx_hal.o
 .debug_macro   0x0000000000025e69      0x23d ./Drivers/STM32L4xx_HAL_Driver/Src/stm32l4xx_hal.o
 .debug_macro   0x00000000000260a6      0x241 ./Drivers/STM32L4xx_HAL_Driver/Src/stm32l4xx_hal.o
 .debug_macro   0x00000000000262e7      0x416 ./Drivers/STM32L4xx_HAL_Driver/Src/stm32l4xx_hal.o
 .debug_macro   0x00000000000266fd       0x1c ./Drivers/STM32L4xx_HAL_Driver/Src/stm32l4xx_hal.o
 .debug_macro   0x0000000000026719       0xf2 ./Drivers/STM32L4xx_HAL_Driver/Src/stm32l4xx_hal.o
 .debug_macro   0x000000000002680b      0x22c ./Drivers/STM32L4xx_HAL_Driver/Src/stm32l4xx_hal.o
 .debug_macro   0x0000000000026a37       0x61 ./Drivers/STM32L4xx_HAL_Driver/Src/stm32l4xx_hal.o
 .debug_macro   0x0000000000026a98       0xa5 ./Drivers/STM32L4xx_HAL_Driver/Src/stm32l4xx_hal.o
 .debug_macro   0x0000000000026b3d      0x122 ./Drivers/STM32L4xx_HAL_Driver/Src/stm32l4xx_hal.o
 .debug_macro   0x0000000000026c5f      0x3f6 ./Drivers/STM32L4xx_HAL_Driver/Src/stm32l4xx_hal.o
 .debug_macro   0x0000000000027055      0x67e ./Drivers/STM32L4xx_HAL_Driver/Src/stm32l4xx_hal.o
 .debug_macro   0x00000000000276d3       0xa6 ./Drivers/STM32L4xx_HAL_Driver/Src/stm32l4xx_hal.o
 .debug_macro   0x0000000000027779      0x432 ./Drivers/STM32L4xx_HAL_Driver/Src/stm32l4xx_hal.o
 .debug_macro   0x0000000000027bab      0x1d3 ./Drivers/STM32L4xx_HAL_Driver/Src/stm32l4xx_hal_cortex.o
 .debug_macro   0x0000000000027d7e      0x1da ./Drivers/STM32L4xx_HAL_Driver/Src/stm32l4xx_hal_gpio.o
 .debug_macro   0x0000000000027f58      0x29f ./Drivers/STM32L4xx_HAL_Driver/Src/stm32l4xx_hal_i2c.o
 .debug_macro   0x00000000000281f7      0x1d3 ./Drivers/STM32L4xx_HAL_Driver/Src/stm32l4xx_hal_i2c_ex.o
 .debug_macro   0x00000000000283ca      0x1fd ./Drivers/STM32L4xx_HAL_Driver/Src/stm32l4xx_hal_pwr_ex.o
 .debug_macro   0x00000000000285c7      0x215 ./Drivers/STM32L4xx_HAL_Driver/Src/stm32l4xx_hal_rcc.o
 .debug_macro   0x00000000000287dc      0x209 ./Drivers/STM32L4xx_HAL_Driver/Src/stm32l4xx_hal_rcc_ex.o
 .debug_macro   0x00000000000289e5      0x1fe ./Drivers/STM32L4xx_HAL_Driver/Src/stm32l4xx_hal_uart.o
 .debug_macro   0x0000000000028be3      0x1df ./Drivers/STM32L4xx_HAL_Driver/Src/stm32l4xx_hal_uart_ex.o
 .debug_macro   0x0000000000028dc2      0x1b8 ./Src/MorseConversionLayer.o
 .debug_macro   0x0000000000028f7a       0x4c ./Src/MorseConversionLayer.o
 .debug_macro   0x0000000000028fc6       0x1e ./Src/MorseConversionLayer.o
 .debug_macro   0x0000000000028fe4       0x94 ./Src/MorseConversionLayer.o
 .debug_macro   0x0000000000029078       0x3c ./Src/MorseConversionLayer.o
 .debug_macro   0x00000000000290b4       0x34 ./Src/MorseConversionLayer.o
 .debug_macro   0x00000000000290e8       0x16 ./Src/MorseConversionLayer.o
 .debug_macro   0x00000000000290fe       0x57 ./Src/MorseConversionLayer.o
 .debug_macro   0x0000000000029155       0x97 ./Src/MorseConversionLayer.o
 .debug_macro   0x00000000000291ec      0x341 ./Src/MorseConversionLayer.o
 .debug_macro   0x000000000002952d       0xfd ./Src/MorseConversionLayer.o
 .debug_macro   0x000000000002962a       0x10 ./Src/MorseConversionLayer.o
 .debug_macro   0x000000000002963a       0x16 ./Src/MorseConversionLayer.o
 .debug_macro   0x0000000000029650       0x43 ./Src/MorseConversionLayer.o
 .debug_macro   0x0000000000029693       0x34 ./Src/MorseConversionLayer.o
 .debug_macro   0x00000000000296c7       0x10 ./Src/MorseConversionLayer.o
 .debug_macro   0x00000000000296d7       0x58 ./Src/MorseConversionLayer.o
 .debug_macro   0x000000000002972f       0x71 ./Src/MorseConversionLayer.o
 .debug_macro   0x00000000000297a0       0x1c ./Src/MorseConversionLayer.o
 .debug_macro   0x00000000000297bc      0x12a ./Src/MorseConversionLayer.o
 .debug_macro   0x00000000000298e6       0x10 ./Src/MorseConversionLayer.o
 .debug_macro   0x00000000000298f6       0x1c ./Src/MorseConversionLayer.o
 .debug_macro   0x0000000000029912       0x52 ./Src/MorseConversionLayer.o
 .debug_macro   0x0000000000029964       0x22 ./Src/MorseConversionLayer.o
 .debug_macro   0x0000000000029986       0x10 ./Src/MorseConversionLayer.o
 .debug_macro   0x0000000000029996       0x52 ./Src/MorseConversionLayer.o
 .debug_macro   0x00000000000299e8       0xd5 ./Src/MorseConversionLayer.o