Archive member included to satisfy reference by file (symbol)

c:/st/stm32cubeide_1.10.1/stm32cubeide/plugins/com.st.stm32cube.ide.mcu.externaltools.gnu-tools-for-stm32.10.3-2021.10.win32_1.0.0.202111181127/tools/bin/../lib/gcc/arm-none-eabi/10.3.1/../../../../arm-none-eabi/lib/thumb/v7e-m+fp/hard\libc_nano.a(lib_a-ctype_.o)
                              ./Src/MorseConversionLayer.o (_ctype_)
c:/st/stm32cubeide_1.10.1/stm32cubeide/plugins/com.st.stm32cube.ide.mcu.externaltools.gnu-tools-for-stm32.10.3-2021.10.win32_1.0.0.202111181127/tools/bin/../lib/gcc/arm-none-eabi/10.3.1/../../../../arm-none-eabi/lib/thumb/v7e-m+fp/hard\libc_nano.a(lib_a-errno.o)
                              ./Src/syscalls.o (__errno)
c:/st/stm32cubeide_1.10.1/stm32cubeide/plugins/com.st.stm32cube.ide.mcu.externaltools.gnu-tools-for-stm32.10.3-2021.10.win32_1.0.0.202111181127/tools/bin/../lib/gcc/arm-none-eabi/10.3.1/../../../../arm-none-eabi/lib/thumb/v7e-m+fp/hard\libc_nano.a(lib_a-exit.o)
                              c:/st/stm32cubeide_1.10.1/stm32cubeide/plugins/com.st.stm32cube.ide.mcu.externaltools.gnu-tools-for-stm32.10.3-2021.10.win32_1.0.0.202111181127/tools/bin/../lib/gcc/arm-none-eabi/10.3.1/../../../../arm-none-eabi/lib/thumb/v7e-m+fp/hard/crt0.o (exit)
c:/st/stm32cubeide_1.10.1/stm32cubeide/plugins/com.st.stm32cube.ide.mcu.externaltools.gnu-tools-for-stm32.10.3-2021.10.win32_1.0.0.202111181127/tools/bin/../lib/gcc/arm-none-eabi/10.3.1/../../../../arm-none-eabi/lib/thumb/v7e-m+fp/hard\libc_nano.a(lib_a-impure.o)
                              c:/st/stm32cubeide_1.10.1/stm32cubeide/plugins/com.st.stm32cube.ide.mcu.externaltools.gnu-tools-for-stm32.10.3-2021.10.win32_1.0.0.202111181127/tools/bin/../lib/gcc/arm-none-eabi/10.3.1/../../../../arm-none-eabi/lib/thumb/v7e-m+fp/hard\libc_nano.a(lib_a-exit.o) (_global_impure_ptr)
c:/st/stm32cubeide_1.10.1/stm32cubeide/plugins/com.st.stm32cube.ide.mcu.externaltools.gnu-tools-for-stm32.10.3-2021.10.win32_1.0.0.202111181127/tools/bin/../lib/gcc/arm-none-eabi/10.3.1/../../../../arm-none-eabi/lib/thumb/v7e-m+fp/hard\libc_nano.a(lib_a-init.o)
                              c:/st/stm32cubeide_1.10.1/stm32cubeide/plugins/com.st.stm32cube.ide.mcu.externaltools.gnu-tools-for-stm32.10.3-2021.10.win32_1.0.0.202111181127/tools/bin/../lib/gcc/arm-none-eabi/10.3.1/../../../../arm-none-eabi/lib/thumb/v7e-m+fp/hard/crt0.o (__libc_init_array)
c:/st/stm32cubeide_1.10.1/stm32cubeide/plugins/com.st.stm32cube.ide.mcu.externaltools.gnu-tools-for-stm32.10.3-2021.10.win32_1.0.0.202111181127/tools/bin/../lib/gcc/arm-none-eabi/10.3.1/../../../../arm-none-eabi/lib/thumb/v7e-m+fp/hard\libc_nano.a(lib_a-memcpy-stub.o)
                              ./Middlewares/Third_Party/FreeRTOS/Source/queue.o (memcpy)
c:/st/stm32cubeide_1.10.1/stm32cubeide/plugins/com.st.stm32cube.ide.mcu.externaltools.gnu-tools-for-stm32.10.3-2021.10.win32_1.0.0.202111181127/tools/bin/../lib/gcc/arm-none-eabi/10.3.1/../../../../arm-none-eabi/lib/thumb/v7e-m+fp/hard\libc_nano.a(lib_a-memset.o)
                              c:/st/stm32cubeide_1.10.1/stm32cubeide/plugins/com.st.stm32cube.ide.mcu.externaltools.gnu-tools-for-stm32.10.3-2021.10.win32_1.0.0.202111181127/tools/bin/../lib/gcc/arm-none-eabi/10.3.1/../../../../arm-none-eabi/lib/thumb/v7e-m+fp/hard/crt0.o (memset)
c:/st/stm32cubeide_1.10.1/stm32cubeide/plugins/com.st.stm32cube.ide.mcu.externaltools.gnu-tools-for-stm32.10.3-2021.10.win32_1.0.0.202111181127/tools/bin/../lib/gcc/arm-none-eabi/10.3.1/../../../../arm-none-eabi/lib/thumb/v7e-m+fp/hard\libc_nano.a(lib_a-printf.o)
                              ./Src/main.o (printf)
c:/st/stm32cubeide_1.10.1/stm32cubeide/plugins/com.st.stm32cube.ide.mcu.externaltools.gnu-tools-for-stm32.10.3-2021.10.win32_1.0.0.202111181127/tools/bin/../lib/gcc/arm-none-eabi/10.3.1/../../../../arm-none-eabi/lib/thumb/v7e-m+fp/hard\libc_nano.a(lib_a-snprintf.o)
                              ./Src/main.o (snprintf)
c:/st/stm32cubeide_1.10.1/stm32cubeide/plugins/com.st.stm32cube.ide.mcu.externaltools.gnu-tools-for-stm32.10.3-2021.10.win32_1.0.0.202111181127/tools/bin/../lib/gcc/arm-none-eabi/10.3.1/../../../../arm-none-eabi/lib/thumb/v7e-m+fp/hard\libc_nano.a(lib_a-sprintf.o)
                              ./Src/main.o (sprintf)
c:/st/stm32cubeide_1.10.1/stm32cubeide/plugins/com.st.stm32cube.ide.mcu.externaltools.gnu-tools-for-stm32.10.3-2021.10.win32_1.0.0.202111181127/tools/bin/../lib/gcc/arm-none-eabi/10.3.1/../../../../arm-none-eabi/lib/thumb/v7e-m+fp/hard\libc_nano.a(lib_a-strcmp.o)
                              ./Src/MorseConversionLayer.o (strcmp)
c:/st/stm32cubeide_1.10.1/stm32cubeide/plugins/com.st.stm32cube.ide.mcu.externaltools.gnu-tools-for-stm32.10.3-2021.10.win32_1.0.0.202111181127/tools/bin/../lib/gcc/arm-none-eabi/10.3.1/../../../../arm-none-eabi/lib/thumb/v7e-m+fp/hard\libc_nano.a(lib_a-strcpy.o)
                              ./Src/vl53l0x_api_core.o (strcpy)
[...]
Memory Configuration

Name             Origin             Length             Attributes
RAM              0x0000000020000000 0x00000000000a0000 xrw
RAM2             0x0000000010000000 0x0000000000010000 xrw
RAM3             0x0000000020040000 0x0000000000060000 xrw
FLASH            0x0000000008000000 0x0000000000200000 xr
*default*        0x0000000000000000 0xffffffffffffffff

Linker script and memory map

LOAD c:/st/stm32cubeide_1.10.1/stm32cubeide/plugins/com.st.stm32cube.ide.mcu.externaltools.gnu-tools-for-stm32.10.3-2021.10.win32_1.0.0.202111181127/tools/bin/../lib/gcc/arm-none-eabi/10.3.1/thumb/v7e-m+fp/hard/crti.o
LOAD c:/st/stm32cubeide_1.10.1/stm32cubeide/plugins/com.st.stm32cube.ide.mcu.externaltools.gnu-tools-for-stm32.10.3-2021.10.win32_1.0.0.202111181127/tools/bin/../lib/gcc/arm-none-eabi/10.3.1/thumb/v7e-m+fp/hard/crtbegin.o
LOAD c:/st/stm32cubeide_1.10.1/stm32cubeide/plugins/com.st.stm32cube.ide.mcu.externaltools.gnu-tools-for-stm32.10.3-2021.10.win32_1.0.0.202111181127/tools/bin/../lib/gcc/arm-none-eabi/10.3.1/../../../../arm-none-eabi/lib/thumb/v7e-m+fp/hard/crt0.o
LOAD ./Drivers/STM32L4xx_HAL_Driver/Src/stm32l4xx_hal.o
LOAD ./Drivers/STM32L4xx_HAL_Driver/Src/stm32l4xx_hal_cortex.o
LOAD ./Drivers/STM32L4xx_HAL_Driver/Src/stm32l4xx_hal_dma.o
LOAD ./Drivers/STM32L4xx_HAL_Driver/Src/stm32l4xx_hal_dma_ex.o
LOAD ./Drivers/STM32L4xx_HAL_Driver/Src/stm32l4xx_hal_exti.o
LOAD ./Drivers/STM32L4xx_HAL_Driver/Src/stm32l4xx_hal_flash.o
LOAD ./Drivers/STM32L4xx_HAL_Driver/Src/stm32l4xx_hal_flash_ex.o
LOAD ./Drivers/STM32L4xx_HAL_Driver/Src/stm32l4xx_hal_flash_ramfunc.o
LOAD ./Drivers/STM32L4xx_HAL_Driver/Src/stm32l4xx_hal_gpio.o
LOAD ./Drivers/STM32L4xx_HAL_Driver/Src/stm32l4xx_hal_i2c.o
LOAD ./Drivers/STM32L4xx_HAL_Driver/Src/stm32l4xx_hal_i2c_ex.o
LOAD ./Drivers/STM32L4xx_HAL_Driver/Src/stm32l4xx_hal_pwr.o
LOAD ./Drivers/STM32L4xx_HAL_Driver/Src/stm32l4xx_hal_pwr_ex.o
LOAD ./Drivers/STM32L4xx_HAL_Driver/Src/stm32l4xx_hal_rcc.o
LOAD ./Drivers/STM32L4xx_HAL_Driver/Src/stm32l4xx_hal_rcc_ex.o
LOAD ./Drivers/STM32L4xx_HAL_Driver/Src/stm32l4xx_hal_tim.o
LOAD ./Drivers/STM32L4xx_HAL_Driver/Src/stm32l4xx_hal_tim_ex.o
LOAD ./Drivers/STM32L4xx_HAL_Driver/Src/stm32l4xx_hal_uart.o
LOAD ./Drivers/STM32L4xx_HAL_Driver/Src/stm32l4xx_hal_uart_ex.o
LOAD ./Middlewares/Third_Party/FreeRTOS/Source/CMSIS_RTOS/cmsis_os.o
LOAD ./Middlewares/Third_Party/FreeRTOS/Source/croutine.o
LOAD ./Middlewares/Third_Party/FreeRTOS/Source/event_groups.o
LOAD ./Middlewares/Third_Party/FreeRTOS/Source/list.o
LOAD ./Middlewares/Third_Party/FreeRTOS/Source/queue.o
LOAD ./Middlewares/Third_Party/FreeRTOS/Source/stream_buffer.o
LOAD ./Middlewares/Third_Party/FreeRTOS/Source/tasks.o
LOAD ./Middlewares/Third_Party/FreeRTOS/Source/timers.o
LOAD ./Middlewares/Third_Party/FreeRTOS/Source/portable/GCC/ARM_CM4F/port.o
LOAD ./Middlewares/Third_Party/FreeRTOS/Source/portable/MemMang/heap_4.o
LOAD ./Src/MorseConversionLayer.o
LOAD ./Src/freertos.o
LOAD ./Src/hts221.o
LOAD ./Src/lis3mdl.o
LOAD ./Src/lps22hb.o
LOAD ./Src/lsm6dsl.o
LOAD ./Src/main.o
LOAD ./Src/stm32l4s5i_iot01.o
LOAD ./Src/stm32l4s5i_iot01_accelero.o
LOAD ./Src/stm32l4s5i_iot01_gyro.o
LOAD ./Src/stm32l4s5i_iot01_hsensor.o
LOAD ./Src/stm32l4s5i_iot01_magneto.o
LOAD ./Src/stm32l4s5i_iot01_psensor.o
LOAD ./Src/stm32l4s5i_iot01_tsensor.o
LOAD ./Src/stm32l4xx_hal_msp.o
LOAD ./Src/stm32l4xx_hal_timebase_tim.o
LOAD ./Src/stm32l4xx_it.o
LOAD ./Src/syscalls.o
LOAD ./Src/sysmem.o
LOAD ./Src/system_stm32l4xx.o
LOAD ./Src/vl53l0x_api.o
LOAD ./Src/vl53l0x_api_calibration.o
LOAD ./Src/vl53l0x_api_core.o
LOAD ./Src/vl53l0x_api_ranging.o
LOAD ./Src/vl53l0x_api_strings.o
LOAD ./Src/vl53l0x_platform.o
LOAD ./Startup/startup_stm32l4s5vitx.o
START GROUP
LOAD c:/st/stm32cubeide_1.10.1/stm32cubeide/plugins/com.st.stm32cube.ide.mcu.externaltools.gnu-tools-for-stm32.10.3-2021.10.win32_1.0.0.202111181127/tools/bin/../lib/gcc/arm-none-eabi/10.3.1/../../../../arm-none-eabi/lib/thumb/v7e-m+fp/hard\libc_nano.a
LOAD c:/st/stm32cubeide_1.10.1/stm32cubeide/plugins/com.st.stm32cube.ide.mcu.externaltools.gnu-tools-for-stm32.10.3-2021.10.win32_1.0.0.202111181127/tools/bin/../lib/gcc/arm-none-eabi/10.3.1/../../../../arm-none-eabi/lib/thumb/v7e-m+fp/hard\libm.a
END GROUP
START GROUP
LOAD c:/st/stm32cubeide_1.10.1/stm32cubeide/plugins/com.st.stm32cube.ide.mcu.externaltools.gnu-tools-for-stm32.10.3-2021.10.win32_1.0.0.202111181127/tools/bin/../lib/gcc/arm-none-eabi/10.3.1/thumb/v7e-m+fp/hard\libgcc.a
LOAD c:/st/stm32cubeide_1.10.1/stm32cubeide/plugins/com.st.stm32cube.ide.mcu.externaltools.gnu-tools-for-stm32.10.3-2021.10.win32_1.0.0.202111181127/tools/bin/../lib/gcc/arm-none-eabi/10.3.1/../../../../arm-none-eabi/lib/thumb/v7e-m+fp/hard\libc_nano.a
END GROUP
START GROUP
LOAD c:/st/stm32cubeide_1.10.1/stm32cubeide/plugins/com.st.stm32cube.ide.mcu.externaltools.gnu-tools-for-stm32.10.3-2021.10.win32_1.0.0.202111181127/tools/bin/../lib/gcc/arm-none-eabi/10.3.1/thumb/v7e-m+fp/hard\libgcc.a
LOAD c:/st/stm32cubeide_1.10.1/stm32cubeide/plugins/com.st.stm32cube.ide.mcu.externaltools.gnu-tools-for-stm32.10.3-2021.10.win32_1.0.0.202111181127/tools/bin/../lib/gcc/arm-none-eabi/10.3.1/../../../../arm-none-eabi/lib/thumb/v7e-m+fp/hard\libc_nano.a
LOAD c:/st/stm32cubeide_1.10.1/stm32cubeide/plugins/com.st.stm32cube.ide.mcu.externaltools.gnu-tools-for-stm32.10.3-2021.10.win32_1.0.0.202111181127/tools/bin/../lib/gcc/arm-none-eabi/10.3.1/../../../../arm-none-eabi/lib/thumb/v7e-m+fp/hard\libnosys.a
END GROUP
START GROUP
LOAD c:/st/stm32cubeide_1.10.1/stm32cubeide/plugins/com.st.stm32cube.ide.mcu.externaltools.gnu-tools-for-stm32.10.3-2021.10.win32_1.0.0.202111181127/tools/bin/../lib/gcc/arm-none-eabi/10.3.1/thumb/v7e-m+fp/hard\libgcc.a
LOAD c:/st/stm32cubeide_1.10.1/stm32cubeide/plugins/com.st.stm32cube.ide.mcu.externaltools.gnu-tools-for-stm32.10.3-2021.10.win32_1.0.0.202111181127/tools/bin/../lib/gcc/arm-none-eabi/10.3.1/../../../../arm-none-eabi/lib/thumb/v7e-m+fp/hard\libc_nano.a
LOAD c:/st/stm32cubeide_1.10.1/stm32cubeide/plugins/com.st.stm32cube.ide.mcu.externaltools.gnu-tools-for-stm32.10.3-2021.10.win32_1.0.0.202111181127/tools/bin/../lib/gcc/arm-none-eabi/10.3.1/../../../../arm-none-eabi/lib/thumb/v7e-m+fp/hard\libnosys.a
END GROUP
LOAD c:/st/stm32cubeide_1.10.1/stm32cubeide/plugins/com.st.stm32cube.ide.mcu.externaltools.gnu-tools-for-stm32.10.3-2021.10.win32_1.0.0.202111181127/tools/bin/../lib/gcc/arm-none-eabi/10.3.1/thumb/v7e-m+fp/hard/crtend.o
LOAD c:/st/stm32cubeide_1.10.1/stm32cubeide/plugins/com.st.stm32cube.ide.mcu.externaltools.gnu-tools-for-stm32.10.3-2021.10.win32_1.0.0.202111181127/tools/bin/../lib/gcc/arm-none-eabi/10.3.1/thumb/v7e-m+fp/hard/crtn.o
                0x00000000200a0000                _estack = (ORIGIN (RAM) + LENGTH (RAM))
                0x0000000000000200                _Min_Heap_Size = 0x200
                0x0000000000000400                _Min_Stack_Size = 0x400

.isr_vector     0x0000000008000000      0x1bc
                0x0000000008000000                . = ALIGN (0x4)
 *(.isr_vector)
 .isr_vector    0x0000000008000000      0x1bc ./Startup/startup_stm32l4s5vitx.o
                0x0000000008000000                g_pfnVectors
                0x00000000080001bc                . = ALIGN (0x4)

.text           0x00000000080001c0     0xdc54
                0x00000000080001c0                . = ALIGN (0x4)
 *(.text)
 .text          0x00000000080001c0       0x40 c:/st/stm32cubeide_1.10.1/stm32cubeide/plugins/com.st.stm32cube.ide.mcu.externaltools.gnu-tools-for-stm32.10.3-2021.10.win32_1.0.0.202111181127/tools/bin/../lib/gcc/arm-none-eabi/10.3.1/thumb/v7e-m+fp/hard/crtbegin.o
 .text          0x0000000008000200       0x14 c:/st/stm32cubeide_1.10.1/stm32cubeide/plugins/com.st.stm32cube.ide.mcu.externaltools.gnu-tools-for-stm32.10.3-2021.10.win32_1.0.0.202111181127/tools/bin/../lib/gcc/arm-none-eabi/10.3.1/../../../../arm-none-eabi/lib/thumb/v7e-m+fp/hard\libc_nano.a(lib_a-strcmp.o)
                0x0000000008000200                strcmp
 .text          0x0000000008000214       0x10 c:/st/stm32cubeide_1.10.1/stm32cubeide/plugins/com.st.stm32cube.ide.mcu.externaltools.gnu-tools-for-stm32.10.3-2021.10.win32_1.0.0.202111181127/tools/bin/../lib/gcc/arm-none-eabi/10.3.1/../../../../arm-none-eabi/lib/thumb/v7e-m+fp/hard\libc_nano.a(lib_a-strlen.o)
                0x0000000008000214                strlen
 *fill*         0x0000000008000224        0xc 
 .text          0x0000000008000230       0xa0 c:/st/stm32cubeide_1.10.1/stm32cubeide/plugins/com.st.stm32cube.ide.mcu.externaltools.gnu-tools-for-stm32.10.3-2021.10.win32_1.0.0.202111181127/tools/bin/../lib/gcc/arm-none-eabi/10.3.1/../../../../arm-none-eabi/lib/thumb/v7e-m+fp/hard\libc_nano.a(lib_a-memchr.o)
                0x0000000008000230                memchr
 .text          0x00000000080002d0       0x30 c:/st/stm32cubeide_1.10.1/stm32cubeide/plugins/com.st.stm32cube.ide.mcu.externaltools.gnu-tools-for-stm32.10.3-2021.10.win32_1.0.0.202111181127/tools/bin/../lib/gcc/arm-none-eabi/10.3.1/thumb/v7e-m+fp/hard\libgcc.a(_aeabi_uldivmod.o)
                0x00000000080002d0                __aeabi_uldivmod
 .text          0x0000000008000300      0x2d0 c:/st/stm32cubeide_1.10.1/stm32cubeide/plugins/com.st.stm32cube.ide.mcu.externaltools.gnu-tools-for-stm32.10.3-2021.10.win32_1.0.0.202111181127/tools/bin/../lib/gcc/arm-none-eabi/10.3.1/thumb/v7e-m+fp/hard\libgcc.a(_udivmoddi4.o)
                0x0000000008000300                __udivmoddi4
 .text          0x00000000080005d0        0x4 c:/st/stm32cubeide_1.10.1/stm32cubeide/plugins/com.st.stm32cube.ide.mcu.externaltools.gnu-tools-for-stm32.10.3-2021.10.win32_1.0.0.202111181127/tools/bin/../lib/gcc/arm-none-eabi/10.3.1/thumb/v7e-m+fp/hard\libgcc.a(_dvmd_tls.o)
                0x00000000080005d0                __aeabi_idiv0
                0x00000000080005d0                __aeabi_ldiv0
 *(.text*)
 .text.HAL_Init
                0x00000000080005d4       0x30 ./Drivers/STM32L4xx_HAL_Driver/Src/stm32l4xx_hal.o
                0x00000000080005d4                HAL_Init
 .text.HAL_IncTick
                0x0000000008000604       0x28 ./Drivers/STM32L4xx_HAL_Driver/Src/stm32l4xx_hal.o
                0x0000000008000604                HAL_IncTick
 .text.HAL_GetTick
                0x000000000800062c       0x18 ./Drivers/STM32L4xx_HAL_Driver/Src/stm32l4xx_hal.o
                0x000000000800062c                HAL_GetTick
 .text.HAL_Delay
                0x0000000008000644       0x48 ./Drivers/STM32L4xx_HAL_Driver/Src/stm32l4xx_hal.o
                0x0000000008000644                HAL_Delay
 .text.__NVIC_SetPriorityGrouping
                0x000000000800068c       0x48 ./Drivers/STM32L4xx_HAL_Driver/Src/stm32l4xx_hal_cortex.o
 .text.__NVIC_GetPriorityGrouping
                0x00000000080006d4       0x1c ./Drivers/STM32L4xx_HAL_Driver/Src/stm32l4xx_hal_cortex.o
 .text.__NVIC_EnableIRQ
                0x00000000080006f0       0x3c ./Drivers/STM32L4xx_HAL_Driver/Src/stm32l4xx_hal_cortex.o
 .text.__NVIC_SetPriority
                0x000000000800072c       0x54 ./Drivers/STM32L4xx_HAL_Driver/Src/stm32l4xx_hal_cortex.o
 .text.NVIC_EncodePriority
                0x0000000008000780       0x66 ./Drivers/STM32L4xx_HAL_Driver/Src/stm32l4xx_hal_cortex.o
 .text.HAL_NVIC_SetPriorityGrouping
                0x00000000080007e6       0x16 ./Drivers/STM32L4xx_HAL_Driver/Src/stm32l4xx_hal_cortex.o
                0x00000000080007e6                HAL_NVIC_SetPriorityGrouping
 .text.HAL_NVIC_SetPriority
                0x00000000080007fc       0x38 ./Drivers/STM32L4xx_HAL_Driver/Src/stm32l4xx_hal_cortex.o
                0x00000000080007fc                HAL_NVIC_SetPriority
 .text.HAL_NVIC_EnableIRQ
                0x0000000008000834       0x1c ./Drivers/STM32L4xx_HAL_Driver/Src/stm32l4xx_hal_cortex.o
                0x0000000008000834                HAL_NVIC_EnableIRQ
 .text.HAL_DMA_Init
                0x0000000008000850      0x150 ./Drivers/STM32L4xx_HAL_Driver/Src/stm32l4xx_hal_dma.o
                0x0000000008000850                HAL_DMA_Init
 .text.HAL_DMA_Start_IT
                0x00000000080009a0       0xf6 ./Drivers/STM32L4xx_HAL_Driver/Src/stm32l4xx_hal_dma.o
                0x00000000080009a0                HAL_DMA_Start_IT
 .text.HAL_DMA_Abort
                0x0000000008000a96       0xb8 ./Drivers/STM32L4xx_HAL_Driver/Src/stm32l4xx_hal_dma.o
                0x0000000008000a96                HAL_DMA_Abort
 .text.HAL_DMA_Abort_IT
                0x0000000008000b4e       0xbe ./Drivers/STM32L4xx_HAL_Driver/Src/stm32l4xx_hal_dma.o
                0x0000000008000b4e                HAL_DMA_Abort_IT
 .text.HAL_DMA_IRQHandler
                0x0000000008000c0c      0x15e ./Drivers/STM32L4xx_HAL_Driver/Src/stm32l4xx_hal_dma.o
                0x0000000008000c0c                HAL_DMA_IRQHandler
 .text.DMA_SetConfig
                0x0000000008000d6a       0x7c ./Drivers/STM32L4xx_HAL_Driver/Src/stm32l4xx_hal_dma.o
 *fill*         0x0000000008000de6        0x2 
 .text.DMA_CalcDMAMUXChannelBaseAndMask
                0x0000000008000de8       0x7c ./Drivers/STM32L4xx_HAL_Driver/Src/stm32l4xx_hal_dma.o
 .text.DMA_CalcDMAMUXRequestGenBaseAndMask
                0x0000000008000e64       0x48 ./Drivers/STM32L4xx_HAL_Driver/Src/stm32l4xx_hal_dma.o
 .text.HAL_GPIO_Init
                0x0000000008000eac      0x324 ./Drivers/STM32L4xx_HAL_Driver/Src/stm32l4xx_hal_gpio.o
                0x0000000008000eac                HAL_GPIO_Init
 .text.HAL_GPIO_ReadPin
                0x00000000080011d0       0x30 ./Drivers/STM32L4xx_HAL_Driver/Src/stm32l4xx_hal_gpio.o
                0x00000000080011d0                HAL_GPIO_ReadPin
 .text.HAL_GPIO_WritePin
                0x0000000008001200       0x30 ./Drivers/STM32L4xx_HAL_Driver/Src/stm32l4xx_hal_gpio.o
                0x0000000008001200                HAL_GPIO_WritePin
 .text.HAL_GPIO_EXTI_IRQHandler
                0x0000000008001230       0x30 ./Drivers/STM32L4xx_HAL_Driver/Src/stm32l4xx_hal_gpio.o
                0x0000000008001230                HAL_GPIO_EXTI_IRQHandler
 .text.HAL_I2C_Init
                0x0000000008001260      0x11e ./Drivers/STM32L4xx_HAL_Driver/Src/stm32l4xx_hal_i2c.o
                0x0000000008001260                HAL_I2C_Init
 *fill*         0x000000000800137e        0x2 
 .text.HAL_I2C_Master_Transmit
                0x0000000008001380      0x1e8 ./Drivers/STM32L4xx_HAL_Driver/Src/stm32l4xx_hal_i2c.o
                0x0000000008001380                HAL_I2C_Master_Transmit
 .text.HAL_I2C_Master_Receive
                0x0000000008001568      0x1ec ./Drivers/STM32L4xx_HAL_Driver/Src/stm32l4xx_hal_i2c.o
                0x0000000008001568                HAL_I2C_Master_Receive
 .text.I2C_Flush_TXDR
                0x0000000008001754       0x48 ./Drivers/STM32L4xx_HAL_Driver/Src/stm32l4xx_hal_i2c.o
 .text.I2C_WaitOnFlagUntilTimeout
                0x000000000800179c       0x80 ./Drivers/STM32L4xx_HAL_Driver/Src/stm32l4xx_hal_i2c.o
 .text.I2C_WaitOnTXISFlagUntilTimeout
                0x000000000800181c       0x80 ./Drivers/STM32L4xx_HAL_Driver/Src/stm32l4xx_hal_i2c.o
 .text.I2C_WaitOnSTOPFlagUntilTimeout
                0x000000000800189c       0x78 ./Drivers/STM32L4xx_HAL_Driver/Src/stm32l4xx_hal_i2c.o
 .text.I2C_WaitOnRXNEFlagUntilTimeout
                0x0000000008001914       0xf4 ./Drivers/STM32L4xx_HAL_Driver/Src/stm32l4xx_hal_i2c.o
 .text.I2C_IsErrorOccurred
                0x0000000008001a08      0x1d8 ./Drivers/STM32L4xx_HAL_Driver/Src/stm32l4xx_hal_i2c.o
 .text.I2C_TransferConfig
                0x0000000008001be0       0x64 ./Drivers/STM32L4xx_HAL_Driver/Src/stm32l4xx_hal_i2c.o
 .text.HAL_I2CEx_ConfigAnalogFilter
                0x0000000008001c44       0x96 ./Drivers/STM32L4xx_HAL_Driver/Src/stm32l4xx_hal_i2c_ex.o
                0x0000000008001c44                HAL_I2CEx_ConfigAnalogFilter
 .text.HAL_I2CEx_ConfigDigitalFilter
                0x0000000008001cda       0x98 ./Drivers/STM32L4xx_HAL_Driver/Src/stm32l4xx_hal_i2c_ex.o
                0x0000000008001cda                HAL_I2CEx_ConfigDigitalFilter
 *fill*         0x0000000008001d72        0x2 
 .text.HAL_PWREx_GetVoltageRange
                0x0000000008001d74       0x40 ./Drivers/STM32L4xx_HAL_Driver/Src/stm32l4xx_hal_pwr_ex.o
                0x0000000008001d74                HAL_PWREx_GetVoltageRange
 .text.HAL_PWREx_ControlVoltageScaling
                0x0000000008001db4      0x148 ./Drivers/STM32L4xx_HAL_Driver/Src/stm32l4xx_hal_pwr_ex.o
                0x0000000008001db4                HAL_PWREx_ControlVoltageScaling
 .text.HAL_RCC_OscConfig
                0x0000000008001efc      0x834 ./Drivers/STM32L4xx_HAL_Driver/Src/stm32l4xx_hal_rcc.o
                0x0000000008001efc                HAL_RCC_OscConfig
 .text.HAL_RCC_ClockConfig
                0x0000000008002730      0x274 ./Drivers/STM32L4xx_HAL_Driver/Src/stm32l4xx_hal_rcc.o
                0x0000000008002730                HAL_RCC_ClockConfig
 .text.HAL_RCC_GetSysClockFreq
                0x00000000080029a4      0x118 ./Drivers/STM32L4xx_HAL_Driver/Src/stm32l4xx_hal_rcc.o
                0x00000000080029a4                HAL_RCC_GetSysClockFreq
 .text.HAL_RCC_GetHCLKFreq
                0x0000000008002abc       0x18 ./Drivers/STM32L4xx_HAL_Driver/Src/stm32l4xx_hal_rcc.o
                0x0000000008002abc                HAL_RCC_GetHCLKFreq
 .text.HAL_RCC_GetPCLK1Freq
                0x0000000008002ad4       0x2c ./Drivers/STM32L4xx_HAL_Driver/Src/stm32l4xx_hal_rcc.o
                0x0000000008002ad4                HAL_RCC_GetPCLK1Freq
 .text.HAL_RCC_GetPCLK2Freq
                0x0000000008002b00       0x2c ./Drivers/STM32L4xx_HAL_Driver/Src/stm32l4xx_hal_rcc.o
                0x0000000008002b00                HAL_RCC_GetPCLK2Freq
 .text.HAL_RCC_GetClockConfig
                0x0000000008002b2c       0x64 ./Drivers/STM32L4xx_HAL_Driver/Src/stm32l4xx_hal_rcc.o
                0x0000000008002b2c                HAL_RCC_GetClockConfig
 .text.RCC_SetFlashLatencyFromMSIRange
                0x0000000008002b90       0xb4 ./Drivers/STM32L4xx_HAL_Driver/Src/stm32l4xx_hal_rcc.o
 .text.RCC_GetSysClockFreqFromPLLSource
                0x0000000008002c44       0xcc ./Drivers/STM32L4xx_HAL_Driver/Src/stm32l4xx_hal_rcc.o
 .text.HAL_RCCEx_PeriphCLKConfig
                0x0000000008002d10      0x660 ./Drivers/STM32L4xx_HAL_Driver/Src/stm32l4xx_hal_rcc_ex.o
                0x0000000008002d10                HAL_RCCEx_PeriphCLKConfig
 .text.RCCEx_PLLSAI1_Config
                0x0000000008003370      0x1e8 ./Drivers/STM32L4xx_HAL_Driver/Src/stm32l4xx_hal_rcc_ex.o
 .text.RCCEx_PLLSAI2_Config
                0x0000000008003558      0x1e8 ./Drivers/STM32L4xx_HAL_Driver/Src/stm32l4xx_hal_rcc_ex.o
 .text.HAL_TIM_Base_Init
                0x0000000008003740       0xae ./Drivers/STM32L4xx_HAL_Driver/Src/stm32l4xx_hal_tim.o
                0x0000000008003740                HAL_TIM_Base_Init
 *fill*         0x00000000080037ee        0x2 
 .text.HAL_TIM_Base_Start_IT
                0x00000000080037f0       0xe0 ./Drivers/STM32L4xx_HAL_Driver/Src/stm32l4xx_hal_tim.o
                0x00000000080037f0                HAL_TIM_Base_Start_IT
 .text.HAL_TIM_IRQHandler
                0x00000000080038d0      0x23e ./Drivers/STM32L4xx_HAL_Driver/Src/stm32l4xx_hal_tim.o
                0x00000000080038d0                HAL_TIM_IRQHandler
 .text.HAL_TIM_ConfigClockSource
                0x0000000008003b0e      0x192 ./Drivers/STM32L4xx_HAL_Driver/Src/stm32l4xx_hal_tim.o
                0x0000000008003b0e                HAL_TIM_ConfigClockSource
 .text.HAL_TIM_OC_DelayElapsedCallback
                0x0000000008003ca0       0x14 ./Drivers/STM32L4xx_HAL_Driver/Src/stm32l4xx_hal_tim.o
                0x0000000008003ca0                HAL_TIM_OC_DelayElapsedCallback
 .text.HAL_TIM_IC_CaptureCallback
                0x0000000008003cb4       0x14 ./Drivers/STM32L4xx_HAL_Driver/Src/stm32l4xx_hal_tim.o
                0x0000000008003cb4                HAL_TIM_IC_CaptureCallback
 .text.HAL_TIM_PWM_PulseFinishedCallback
                0x0000000008003cc8       0x14 ./Drivers/STM32L4xx_HAL_Driver/Src/stm32l4xx_hal_tim.o
                0x0000000008003cc8                HAL_TIM_PWM_PulseFinishedCallback
 .text.HAL_TIM_TriggerCallback
                0x0000000008003cdc       0x14 ./Drivers/STM32L4xx_HAL_Driver/Src/stm32l4xx_hal_tim.o
                0x0000000008003cdc                HAL_TIM_TriggerCallback
 .text.TIM_Base_SetConfig
                0x0000000008003cf0      0x134 ./Drivers/STM32L4xx_HAL_Driver/Src/stm32l4xx_hal_tim.o
                0x0000000008003cf0                TIM_Base_SetConfig
 .text.TIM_TI1_ConfigInputStage
                0x0000000008003e24       0x5e ./Drivers/STM32L4xx_HAL_Driver/Src/stm32l4xx_hal_tim.o
 .text.TIM_TI2_ConfigInputStage
                0x0000000008003e82       0x60 ./Drivers/STM32L4xx_HAL_Driver/Src/stm32l4xx_hal_tim.o
 .text.TIM_ITRx_SetConfig
                0x0000000008003ee2       0x36 ./Drivers/STM32L4xx_HAL_Driver/Src/stm32l4xx_hal_tim.o
 .text.TIM_ETR_SetConfig
                0x0000000008003f18       0x40 ./Drivers/STM32L4xx_HAL_Driver/Src/stm32l4xx_hal_tim.o
                0x0000000008003f18                TIM_ETR_SetConfig
 .text.HAL_TIMEx_MasterConfigSynchronization
                0x0000000008003f58      0x110 ./Drivers/STM32L4xx_HAL_Driver/Src/stm32l4xx_hal_tim_ex.o
                0x0000000008003f58                HAL_TIMEx_MasterConfigSynchronization
 .text.HAL_TIMEx_CommutCallback
                0x0000000008004068       0x14 ./Drivers/STM32L4xx_HAL_Driver/Src/stm32l4xx_hal_tim_ex.o
                0x0000000008004068                HAL_TIMEx_CommutCallback
 .text.HAL_TIMEx_BreakCallback
                0x000000000800407c       0x14 ./Drivers/STM32L4xx_HAL_Driver/Src/stm32l4xx_hal_tim_ex.o
                0x000000000800407c                HAL_TIMEx_BreakCallback
 .text.HAL_TIMEx_Break2Callback
                0x0000000008004090       0x14 ./Drivers/STM32L4xx_HAL_Driver/Src/stm32l4xx_hal_tim_ex.o
                0x0000000008004090                HAL_TIMEx_Break2Callback
 .text.HAL_UART_Init
                0x00000000080040a4       0xa0 ./Drivers/STM32L4xx_HAL_Driver/Src/stm32l4xx_hal_uart.o
                0x00000000080040a4                HAL_UART_Init
 .text.HAL_UART_Transmit
                0x0000000008004144      0x12e ./Drivers/STM32L4xx_HAL_Driver/Src/stm32l4xx_hal_uart.o
                0x0000000008004144                HAL_UART_Transmit
 *fill*         0x0000000008004272        0x2 
 .text.HAL_UART_Receive_IT
                0x0000000008004274       0xac ./Drivers/STM32L4xx_HAL_Driver/Src/stm32l4xx_hal_uart.o
                0x0000000008004274                HAL_UART_Receive_IT
 .text.HAL_UART_Transmit_DMA
                0x0000000008004320      0x124 ./Drivers/STM32L4xx_HAL_Driver/Src/stm32l4xx_hal_uart.o
                0x0000000008004320                HAL_UART_Transmit_DMA
 .text.HAL_UART_IRQHandler
                0x0000000008004444      0x630 ./Drivers/STM32L4xx_HAL_Driver/Src/stm32l4xx_hal_uart.o
                0x0000000008004444                HAL_UART_IRQHandler
 .text.HAL_UART_TxCpltCallback
                0x0000000008004a74       0x14 ./Drivers/STM32L4xx_HAL_Driver/Src/stm32l4xx_hal_uart.o
                0x0000000008004a74                HAL_UART_TxCpltCallback
 .text.HAL_UART_TxHalfCpltCallback
                0x0000000008004a88       0x14 ./Drivers/STM32L4xx_HAL_Driver/Src/stm32l4xx_hal_uart.o
                0x0000000008004a88                HAL_UART_TxHalfCpltCallback
 .text.HAL_UART_ErrorCallback
                0x0000000008004a9c       0x14 ./Drivers/STM32L4xx_HAL_Driver/Src/stm32l4xx_hal_uart.o
                0x0000000008004a9c                HAL_UART_ErrorCallback
 .text.HAL_UARTEx_RxEventCallback
                0x0000000008004ab0       0x18 ./Drivers/STM32L4xx_HAL_Driver/Src/stm32l4xx_hal_uart.o
                0x0000000008004ab0                HAL_UARTEx_RxEventCallback
 .text.UART_SetConfig
                0x0000000008004ac8      0x5f8 ./Drivers/STM32L4xx_HAL_Driver/Src/stm32l4xx_hal_uart.o
                0x0000000008004ac8                UART_SetConfig
 .text.UART_AdvFeatureConfig
                0x00000000080050c0      0x144 ./Drivers/STM32L4xx_HAL_Driver/Src/stm32l4xx_hal_uart.o
                0x00000000080050c0                UART_AdvFeatureConfig
 .text.UART_CheckIdleState
                0x0000000008005204       0x96 ./Drivers/STM32L4xx_HAL_Driver/Src/stm32l4xx_hal_uart.o
                0x0000000008005204                UART_CheckIdleState
 .text.UART_WaitOnFlagUntilTimeout
                0x000000000800529a      0x190 ./Drivers/STM32L4xx_HAL_Driver/Src/stm32l4xx_hal_uart.o
                0x000000000800529a                UART_WaitOnFlagUntilTimeout
 *fill*         0x000000000800542a        0x2 
 .text.UART_Start_Receive_IT
                0x000000000800542c      0x254 ./Drivers/STM32L4xx_HAL_Driver/Src/stm32l4xx_hal_uart.o
                0x000000000800542c                UART_Start_Receive_IT
 .text.UART_EndTxTransfer
                0x0000000008005680       0x82 ./Drivers/STM32L4xx_HAL_Driver/Src/stm32l4xx_hal_uart.o
 .text.UART_EndRxTransfer
                0x0000000008005702       0xcc ./Drivers/STM32L4xx_HAL_Driver/Src/stm32l4xx_hal_uart.o
 .text.UART_DMATransmitCplt
                0x00000000080057ce       0x9a ./Drivers/STM32L4xx_HAL_Driver/Src/stm32l4xx_hal_uart.o
 .text.UART_DMATxHalfCplt
                0x0000000008005868       0x1c ./Drivers/STM32L4xx_HAL_Driver/Src/stm32l4xx_hal_uart.o
 .text.UART_DMAError
                0x0000000008005884       0x80 ./Drivers/STM32L4xx_HAL_Driver/Src/stm32l4xx_hal_uart.o
 .text.UART_DMAAbortOnError
                0x0000000008005904       0x2c ./Drivers/STM32L4xx_HAL_Driver/Src/stm32l4xx_hal_uart.o
 .text.UART_EndTransmit_IT
                0x0000000008005930       0x56 ./Drivers/STM32L4xx_HAL_Driver/Src/stm32l4xx_hal_uart.o
 .text.UART_RxISR_8BIT
                0x0000000008005986      0x164 ./Drivers/STM32L4xx_HAL_Driver/Src/stm32l4xx_hal_uart.o
 .text.UART_RxISR_16BIT
                0x0000000008005aea      0x164 ./Drivers/STM32L4xx_HAL_Driver/Src/stm32l4xx_hal_uart.o
 *fill*         0x0000000008005c4e        0x2 
 .text.UART_RxISR_8BIT_FIFOEN
                0x0000000008005c50      0x2fc ./Drivers/STM32L4xx_HAL_Driver/Src/stm32l4xx_hal_uart.o
 .text.UART_RxISR_16BIT_FIFOEN
                0x0000000008005f4c      0x304 ./Drivers/STM32L4xx_HAL_Driver/Src/stm32l4xx_hal_uart.o
 .text.HAL_UARTEx_WakeupCallback
                0x0000000008006250       0x14 ./Drivers/STM32L4xx_HAL_Driver/Src/stm32l4xx_hal_uart_ex.o
                0x0000000008006250                HAL_UARTEx_WakeupCallback
 .text.HAL_UARTEx_RxFifoFullCallback
                0x0000000008006264       0x14 ./Drivers/STM32L4xx_HAL_Driver/Src/stm32l4xx_hal_uart_ex.o
                0x0000000008006264                HAL_UARTEx_RxFifoFullCallback
 .text.HAL_UARTEx_TxFifoEmptyCallback
                0x0000000008006278       0x14 ./Drivers/STM32L4xx_HAL_Driver/Src/stm32l4xx_hal_uart_ex.o
                0x0000000008006278                HAL_UARTEx_TxFifoEmptyCallback
 .text.HAL_UARTEx_DisableFifoMode
                0x000000000800628c       0x72 ./Drivers/STM32L4xx_HAL_Driver/Src/stm32l4xx_hal_uart_ex.o
                0x000000000800628c                HAL_UARTEx_DisableFifoMode
 .text.HAL_UARTEx_SetTxFifoThreshold
                0x00000000080062fe       0x7c ./Drivers/STM32L4xx_HAL_Driver/Src/stm32l4xx_hal_uart_ex.o
                0x00000000080062fe                HAL_UARTEx_SetTxFifoThreshold
 .text.HAL_UARTEx_SetRxFifoThreshold
                0x000000000800637a       0x7c ./Drivers/STM32L4xx_HAL_Driver/Src/stm32l4xx_hal_uart_ex.o
                0x000000000800637a                HAL_UARTEx_SetRxFifoThreshold
 *fill*         0x00000000080063f6        0x2 
 .text.UARTEx_SetNbDataToProcess
                0x00000000080063f8       0x9c ./Drivers/STM32L4xx_HAL_Driver/Src/stm32l4xx_hal_uart_ex.o
 .text.makeFreeRtosPriority
                0x0000000008006494       0x30 ./Middlewares/Third_Party/FreeRTOS/Source/CMSIS_RTOS/cmsis_os.o
 .text.osKernelStart
                0x00000000080064c4        0xe ./Middlewares/Third_Party/FreeRTOS/Source/CMSIS_RTOS/cmsis_os.o
                0x00000000080064c4                osKernelStart
 .text.osThreadCreate
                0x00000000080064d2       0x98 ./Middlewares/Third_Party/FreeRTOS/Source/CMSIS_RTOS/cmsis_os.o
                0x00000000080064d2                osThreadCreate
 .text.osDelay  0x000000000800656a       0x28 ./Middlewares/Third_Party/FreeRTOS/Source/CMSIS_RTOS/cmsis_os.o
                0x000000000800656a                osDelay
 .text.vListInitialise
                0x0000000008006592       0x40 ./Middlewares/Third_Party/FreeRTOS/Source/list.o
                0x0000000008006592                vListInitialise
 .text.vListInitialiseItem
                0x00000000080065d2       0x1a ./Middlewares/Third_Party/FreeRTOS/Source/list.o
                0x00000000080065d2                vListInitialiseItem
 .text.vListInsertEnd
                0x00000000080065ec       0x48 ./Middlewares/Third_Party/FreeRTOS/Source/list.o
                0x00000000080065ec                vListInsertEnd
 .text.vListInsert
                0x0000000008006634       0x72 ./Middlewares/Third_Party/FreeRTOS/Source/list.o
                0x0000000008006634                vListInsert
 .text.uxListRemove
                0x00000000080066a6       0x54 ./Middlewares/Third_Party/FreeRTOS/Source/list.o
                0x00000000080066a6                uxListRemove
 .text.xTaskCreateStatic
                0x00000000080066fa       0xba ./Middlewares/Third_Party/FreeRTOS/Source/tasks.o
                0x00000000080066fa                xTaskCreateStatic
 .text.xTaskCreate
                0x00000000080067b4       0x8a ./Middlewares/Third_Party/FreeRTOS/Source/tasks.o
                0x00000000080067b4                xTaskCreate
 .text.prvInitialiseNewTask
                0x000000000800683e      0x10e ./Middlewares/Third_Party/FreeRTOS/Source/tasks.o
 .text.prvAddNewTaskToReadyList
                0x000000000800694c       0xd4 ./Middlewares/Third_Party/FreeRTOS/Source/tasks.o
 .text.vTaskDelay
                0x0000000008006a20       0x68 ./Middlewares/Third_Party/FreeRTOS/Source/tasks.o
                0x0000000008006a20                vTaskDelay
 .text.vTaskStartScheduler
                0x0000000008006a88       0xc0 ./Middlewares/Third_Party/FreeRTOS/Source/tasks.o
                0x0000000008006a88                vTaskStartScheduler
 .text.vTaskSuspendAll
                0x0000000008006b48       0x1c ./Middlewares/Third_Party/FreeRTOS/Source/tasks.o
                0x0000000008006b48                vTaskSuspendAll
 .text.xTaskResumeAll
                0x0000000008006b64      0x138 ./Middlewares/Third_Party/FreeRTOS/Source/tasks.o
                0x0000000008006b64                xTaskResumeAll
 .text.xTaskIncrementTick
                0x0000000008006c9c      0x170 ./Middlewares/Third_Party/FreeRTOS/Source/tasks.o
                0x0000000008006c9c                xTaskIncrementTick
 .text.vTaskSwitchContext
                0x0000000008006e0c       0xb8 ./Middlewares/Third_Party/FreeRTOS/Source/tasks.o
                0x0000000008006e0c                vTaskSwitchContext
 .text.prvIdleTask
                0x0000000008006ec4       0x30 ./Middlewares/Third_Party/FreeRTOS/Source/tasks.o
 .text.prvInitialiseTaskLists
                0x0000000008006ef4       0x80 ./Middlewares/Third_Party/FreeRTOS/Source/tasks.o
 .text.prvCheckTasksWaitingTermination
                0x0000000008006f74       0x5c ./Middlewares/Third_Party/FreeRTOS/Source/tasks.o
 .text.prvDeleteTCB
                0x0000000008006fd0       0x5e ./Middlewares/Third_Party/FreeRTOS/Source/tasks.o
 *fill*         0x000000000800702e        0x2 
 .text.prvResetNextTaskUnblockTime
                0x0000000008007030       0x40 ./Middlewares/Third_Party/FreeRTOS/Source/tasks.o
 .text.prvAddCurrentTaskToDelayedList
                0x0000000008007070       0xcc ./Middlewares/Third_Party/FreeRTOS/Source/tasks.o
 .text.pxPortInitialiseStack
                0x000000000800713c       0x68 ./Middlewares/Third_Party/FreeRTOS/Source/portable/GCC/ARM_CM4F/port.o
                0x000000000800713c                pxPortInitialiseStack
 .text.prvTaskExitError
                0x00000000080071a4       0x58 ./Middlewares/Third_Party/FreeRTOS/Source/portable/GCC/ARM_CM4F/port.o
 *fill*         0x00000000080071fc        0x4 
 .text.SVC_Handler
                0x0000000008007200       0x28 ./Middlewares/Third_Party/FreeRTOS/Source/portable/GCC/ARM_CM4F/port.o
                0x0000000008007200                SVC_Handler
 .text.prvPortStartFirstTask
                0x0000000008007228       0x28 ./Middlewares/Third_Party/FreeRTOS/Source/portable/GCC/ARM_CM4F/port.o
 .text.xPortStartScheduler
                0x0000000008007250      0x144 ./Middlewares/Third_Party/FreeRTOS/Source/portable/GCC/ARM_CM4F/port.o
                0x0000000008007250                xPortStartScheduler
 .text.vPortEnterCritical
                0x0000000008007394       0x60 ./Middlewares/Third_Party/FreeRTOS/Source/portable/GCC/ARM_CM4F/port.o
                0x0000000008007394                vPortEnterCritical
 .text.vPortExitCritical
                0x00000000080073f4       0x54 ./Middlewares/Third_Party/FreeRTOS/Source/portable/GCC/ARM_CM4F/port.o
                0x00000000080073f4                vPortExitCritical
 *fill*         0x0000000008007448        0x8 
 .text.PendSV_Handler
                0x0000000008007450       0x68 ./Middlewares/Third_Party/FreeRTOS/Source/portable/GCC/ARM_CM4F/port.o
                0x0000000008007450                PendSV_Handler
 .text.SysTick_Handler
                0x00000000080074b8       0x44 ./Middlewares/Third_Party/FreeRTOS/Source/portable/GCC/ARM_CM4F/port.o
                0x00000000080074b8                SysTick_Handler
 .text.vPortSetupTimerInterrupt
                0x00000000080074fc       0x48 ./Middlewares/Third_Party/FreeRTOS/Source/portable/GCC/ARM_CM4F/port.o
                0x00000000080074fc                vPortSetupTimerInterrupt
 .text.vPortEnableVFP
                0x0000000008007544       0x14 ./Middlewares/Third_Party/FreeRTOS/Source/portable/GCC/ARM_CM4F/port.o
 .text.pvPortMalloc
                0x0000000008007558      0x198 ./Middlewares/Third_Party/FreeRTOS/Source/portable/MemMang/heap_4.o
                0x0000000008007558                pvPortMalloc
 .text.vPortFree
                0x00000000080076f0       0xc4 ./Middlewares/Third_Party/FreeRTOS/Source/portable/MemMang/heap_4.o
                0x00000000080076f0                vPortFree
 .text.prvHeapInit
                0x00000000080077b4       0xc4 ./Middlewares/Third_Party/FreeRTOS/Source/portable/MemMang/heap_4.o
 .text.prvInsertBlockIntoFreeList
                0x0000000008007878       0xb4 ./Middlewares/Third_Party/FreeRTOS/Source/portable/MemMang/heap_4.o
 .text.findIndexByElement
                0x000000000800792c       0x4e ./Src/MorseConversionLayer.o
                0x000000000800792c                findIndexByElement
 *fill*         0x000000000800797a        0x2 
 .text.convertMorseToText
                0x000000000800797c       0x88 ./Src/MorseConversionLayer.o
                0x000000000800797c                convertMorseToText
 .text.convertTextToMorse
                0x0000000008007a04       0xcc ./Src/MorseConversionLayer.o
                0x0000000008007a04                convertTextToMorse
 .text.vApplicationGetIdleTaskMemory
                0x0000000008007ad0       0x34 ./Src/freertos.o
                0x0000000008007ad0                vApplicationGetIdleTaskMemory
 .text.main     0x0000000008007b04      0x1ac ./Src/main.o
                0x0000000008007b04                main
 .text.SystemClock_Config
                0x0000000008007cb0       0xa4 ./Src/main.o
                0x0000000008007cb0                SystemClock_Config
 .text.MX_I2C2_Init
                0x0000000008007d54       0x80 ./Src/main.o
 .text.MX_TIM2_Init
                0x0000000008007dd4       0x9c ./Src/main.o
 .text.MX_USART1_UART_Init
                0x0000000008007e70       0x98 ./Src/main.o
 .text.MX_DMA_Init
                0x0000000008007f08       0x64 ./Src/main.o
 .text.MX_GPIO_Init
                0x0000000008007f6c       0xb0 ./Src/main.o
 .text.read_char_morse
                0x000000000800801c       0xe0 ./Src/main.o
                0x000000000800801c                read_char_morse
 .text.HAL_GPIO_EXTI_Callback
                0x00000000080080fc       0x68 ./Src/main.o
                0x00000000080080fc                HAL_GPIO_EXTI_Callback
 .text.HAL_UART_RxCpltCallback
                0x0000000008008164       0x2c ./Src/main.o
                0x0000000008008164                HAL_UART_RxCpltCallback
 .text.StartReceivingTerminal
                0x0000000008008190       0xdc ./Src/main.o
                0x0000000008008190                StartReceivingTerminal
 .text.StartSideTask
                0x000000000800826c       0x48 ./Src/main.o
                0x000000000800826c                StartSideTask
 .text.HAL_TIM_PeriodElapsedCallback
                0x00000000080082b4       0x24 ./Src/main.o
                0x00000000080082b4                HAL_TIM_PeriodElapsedCallback
 .text.Error_Handler
                0x00000000080082d8        0xa ./Src/main.o
                0x00000000080082d8                Error_Handler
 *fill*         0x00000000080082e2        0x2 
 .text.HAL_MspInit
                0x00000000080082e4       0x50 ./Src/stm32l4xx_hal_msp.o
                0x00000000080082e4                HAL_MspInit
 .text.HAL_I2C_MspInit
                0x0000000008008334       0xbc ./Src/stm32l4xx_hal_msp.o
                0x0000000008008334                HAL_I2C_MspInit
 .text.HAL_TIM_Base_MspInit
                0x00000000080083f0       0x48 ./Src/stm32l4xx_hal_msp.o
                0x00000000080083f0                HAL_TIM_Base_MspInit
 .text.HAL_UART_MspInit
                0x0000000008008438      0x180 ./Src/stm32l4xx_hal_msp.o
                0x0000000008008438                HAL_UART_MspInit
 .text.HAL_InitTick
                0x00000000080085b8       0xf4 ./Src/stm32l4xx_hal_timebase_tim.o
                0x00000000080085b8                HAL_InitTick
 .text.NMI_Handler
                0x00000000080086ac        0x6 ./Src/stm32l4xx_it.o
                0x00000000080086ac                NMI_Handler
 .text.HardFault_Handler
                0x00000000080086b2        0x6 ./Src/stm32l4xx_it.o
                0x00000000080086b2                HardFault_Handler
 .text.MemManage_Handler
                0x00000000080086b8        0x6 ./Src/stm32l4xx_it.o
                0x00000000080086b8                MemManage_Handler
 .text.BusFault_Handler
                0x00000000080086be        0x6 ./Src/stm32l4xx_it.o
                0x00000000080086be                BusFault_Handler
 .text.UsageFault_Handler
                0x00000000080086c4        0x6 ./Src/stm32l4xx_it.o
                0x00000000080086c4                UsageFault_Handler
 .text.DebugMon_Handler
                0x00000000080086ca        0xe ./Src/stm32l4xx_it.o
                0x00000000080086ca                DebugMon_Handler
 .text.DMA1_Channel1_IRQHandler
                0x00000000080086d8       0x14 ./Src/stm32l4xx_it.o
                0x00000000080086d8                DMA1_Channel1_IRQHandler
 .text.DMA1_Channel2_IRQHandler
                0x00000000080086ec       0x14 ./Src/stm32l4xx_it.o
                0x00000000080086ec                DMA1_Channel2_IRQHandler
 .text.TIM2_IRQHandler
                0x0000000008008700       0x14 ./Src/stm32l4xx_it.o
                0x0000000008008700                TIM2_IRQHandler
 .text.USART1_IRQHandler
                0x0000000008008714       0x14 ./Src/stm32l4xx_it.o
                0x0000000008008714                USART1_IRQHandler
 .text.EXTI15_10_IRQHandler
                0x0000000008008728       0x10 ./Src/stm32l4xx_it.o
                0x0000000008008728                EXTI15_10_IRQHandler
 .text.TIM6_DAC_IRQHandler
                0x0000000008008738       0x14 ./Src/stm32l4xx_it.o
                0x0000000008008738                TIM6_DAC_IRQHandler
 .text._sbrk    0x000000000800874c       0x6c ./Src/sysmem.o
                0x000000000800874c                _sbrk
 .text.SystemInit
                0x00000000080087b8       0x24 ./Src/system_stm32l4xx.o
                0x00000000080087b8                SystemInit
 .text.VL53L0X_GetOffsetCalibrationDataMicroMeter
                0x00000000080087dc       0x26 ./Src/vl53l0x_api.o
                0x00000000080087dc                VL53L0X_GetOffsetCalibrationDataMicroMeter
 *fill*         0x0000000008008802        0x2 
 .text.VL53L0X_DataInit
                0x0000000008008804      0x30c ./Src/vl53l0x_api.o
                0x0000000008008804                VL53L0X_DataInit
 .text.VL53L0X_StaticInit
                0x0000000008008b10      0x308 ./Src/vl53l0x_api.o
                0x0000000008008b10                VL53L0X_StaticInit
 .text.VL53L0X_ResetDevice
                0x0000000008008e18       0x90 ./Src/vl53l0x_api.o
                0x0000000008008e18                VL53L0X_ResetDevice
 .text.VL53L0X_GetDeviceParameters
                0x0000000008008ea8      0x16a ./Src/vl53l0x_api.o
                0x0000000008008ea8                VL53L0X_GetDeviceParameters
 *fill*         0x0000000008009012        0x2 
 .text.VL53L0X_SetDeviceMode
                0x0000000008009014       0x58 ./Src/vl53l0x_api.o
                0x0000000008009014                VL53L0X_SetDeviceMode
 .text.VL53L0X_GetDeviceMode
                0x000000000800906c       0x26 ./Src/vl53l0x_api.o
                0x000000000800906c                VL53L0X_GetDeviceMode
 .text.VL53L0X_GetFractionEnable
                0x0000000008009092       0x3e ./Src/vl53l0x_api.o
                0x0000000008009092                VL53L0X_GetFractionEnable
 .text.VL53L0X_SetMeasurementTimingBudgetMicroSeconds
                0x00000000080090d0       0x26 ./Src/vl53l0x_api.o
                0x00000000080090d0                VL53L0X_SetMeasurementTimingBudgetMicroSeconds
 .text.VL53L0X_GetMeasurementTimingBudgetMicroSeconds
                0x00000000080090f6       0x26 ./Src/vl53l0x_api.o
                0x00000000080090f6                VL53L0X_GetMeasurementTimingBudgetMicroSeconds
 .text.VL53L0X_GetVcselPulsePeriod
                0x000000000800911c       0x2e ./Src/vl53l0x_api.o
                0x000000000800911c                VL53L0X_GetVcselPulsePeriod
 *fill*         0x000000000800914a        0x2 
 .text.VL53L0X_SetSequenceStepEnable
                0x000000000800914c      0x144 ./Src/vl53l0x_api.o
                0x000000000800914c                VL53L0X_SetSequenceStepEnable
 .text.sequence_step_enabled
                0x0000000008009290       0xa4 ./Src/vl53l0x_api.o
                0x0000000008009290                sequence_step_enabled
 .text.VL53L0X_GetSequenceStepEnables
                0x0000000008009334       0xb0 ./Src/vl53l0x_api.o
                0x0000000008009334                VL53L0X_GetSequenceStepEnables
 .text.VL53L0X_GetInterMeasurementPeriodMilliSeconds
                0x00000000080093e4       0x68 ./Src/vl53l0x_api.o
                0x00000000080093e4                VL53L0X_GetInterMeasurementPeriodMilliSeconds
 .text.VL53L0X_GetXTalkCompensationEnable
                0x000000000800944c       0x2a ./Src/vl53l0x_api.o
                0x000000000800944c                VL53L0X_GetXTalkCompensationEnable
 .text.VL53L0X_GetXTalkCompensationRateMegaCps
                0x0000000008009476       0x66 ./Src/vl53l0x_api.o
                0x0000000008009476                VL53L0X_GetXTalkCompensationRateMegaCps
 .text.VL53L0X_SetLimitCheckEnable
                0x00000000080094dc      0x118 ./Src/vl53l0x_api.o
                0x00000000080094dc                VL53L0X_SetLimitCheckEnable
 .text.VL53L0X_GetLimitCheckEnable
                0x00000000080095f4       0x46 ./Src/vl53l0x_api.o
                0x00000000080095f4                VL53L0X_GetLimitCheckEnable
 *fill*         0x000000000800963a        0x2 
 .text.VL53L0X_SetLimitCheckValue
                0x000000000800963c       0xc4 ./Src/vl53l0x_api.o
                0x000000000800963c                VL53L0X_SetLimitCheckValue
 .text.VL53L0X_GetLimitCheckValue
                0x0000000008009700      0x11c ./Src/vl53l0x_api.o
                0x0000000008009700                VL53L0X_GetLimitCheckValue
 .text.VL53L0X_GetWrapAroundCheckEnable
                0x000000000800981c       0x64 ./Src/vl53l0x_api.o
                0x000000000800981c                VL53L0X_GetWrapAroundCheckEnable
 .text.VL53L0X_PerformSingleMeasurement
                0x0000000008009880       0x68 ./Src/vl53l0x_api.o
                0x0000000008009880                VL53L0X_PerformSingleMeasurement
 .text.VL53L0X_PerformRefCalibration
                0x00000000080098e8       0x2c ./Src/vl53l0x_api.o
                0x00000000080098e8                VL53L0X_PerformRefCalibration
 .text.VL53L0X_CheckAndLoadInterruptSettings
                0x0000000008009914      0x1e4 ./Src/vl53l0x_api.o
                0x0000000008009914                VL53L0X_CheckAndLoadInterruptSettings
 .text.VL53L0X_StartMeasurement
                0x0000000008009af8      0x184 ./Src/vl53l0x_api.o
                0x0000000008009af8                VL53L0X_StartMeasurement
 .text.VL53L0X_GetMeasurementDataReady
                0x0000000008009c7c       0x80 ./Src/vl53l0x_api.o
                0x0000000008009c7c                VL53L0X_GetMeasurementDataReady
 .text.VL53L0X_GetRangingMeasurementData
                0x0000000008009cfc      0x248 ./Src/vl53l0x_api.o
                0x0000000008009cfc                VL53L0X_GetRangingMeasurementData
 .text.VL53L0X_PerformSingleRangingMeasurement
                0x0000000008009f44       0x60 ./Src/vl53l0x_api.o
                0x0000000008009f44                VL53L0X_PerformSingleRangingMeasurement
 .text.VL53L0X_SetGpioConfig
                0x0000000008009fa4      0x248 ./Src/vl53l0x_api.o
                0x0000000008009fa4                VL53L0X_SetGpioConfig
 .text.VL53L0X_GetInterruptThresholds
                0x000000000800a1ec       0x6c ./Src/vl53l0x_api.o
                0x000000000800a1ec                VL53L0X_GetInterruptThresholds
 .text.VL53L0X_ClearInterruptMask
                0x000000000800a258       0x80 ./Src/vl53l0x_api.o
                0x000000000800a258                VL53L0X_ClearInterruptMask
 .text.VL53L0X_GetInterruptMaskStatus
                0x000000000800a2d8       0x44 ./Src/vl53l0x_api.o
                0x000000000800a2d8                VL53L0X_GetInterruptMaskStatus
 .text.VL53L0X_PerformRefSpadManagement
                0x000000000800a31c       0x2a ./Src/vl53l0x_api.o
                0x000000000800a31c                VL53L0X_PerformRefSpadManagement
 .text.VL53L0X_get_offset_calibration_data_micro_meter
                0x000000000800a346       0x7e ./Src/vl53l0x_api_calibration.o
                0x000000000800a346                VL53L0X_get_offset_calibration_data_micro_meter
 .text.get_next_good_spad
                0x000000000800a3c4       0xbc ./Src/vl53l0x_api_calibration.o
                0x000000000800a3c4                get_next_good_spad
 .text.is_aperture
                0x000000000800a480       0x34 ./Src/vl53l0x_api_calibration.o
                0x000000000800a480                is_aperture
 .text.enable_spad_bit
                0x000000000800a4b4       0x70 ./Src/vl53l0x_api_calibration.o
                0x000000000800a4b4                enable_spad_bit
 .text.set_ref_spad_map
                0x000000000800a524       0x26 ./Src/vl53l0x_api_calibration.o
                0x000000000800a524                set_ref_spad_map
 .text.get_ref_spad_map
                0x000000000800a54a       0x26 ./Src/vl53l0x_api_calibration.o
                0x000000000800a54a                get_ref_spad_map
 .text.enable_ref_spads
                0x000000000800a570       0xf8 ./Src/vl53l0x_api_calibration.o
                0x000000000800a570                enable_ref_spads
 .text.perform_ref_signal_measurement
                0x000000000800a668       0xd4 ./Src/vl53l0x_api_calibration.o
                0x000000000800a668                perform_ref_signal_measurement
 .text.VL53L0X_perform_ref_spad_management
                0x000000000800a73c      0x418 ./Src/vl53l0x_api_calibration.o
                0x000000000800a73c                VL53L0X_perform_ref_spad_management
 .text.VL53L0X_set_reference_spads
                0x000000000800ab54      0x14a ./Src/vl53l0x_api_calibration.o
                0x000000000800ab54                VL53L0X_set_reference_spads
 .text.VL53L0X_perform_single_ref_calibration
                0x000000000800ac9e       0x76 ./Src/vl53l0x_api_calibration.o
                0x000000000800ac9e                VL53L0X_perform_single_ref_calibration
 .text.VL53L0X_ref_calibration_io
                0x000000000800ad14      0x132 ./Src/vl53l0x_api_calibration.o
                0x000000000800ad14                VL53L0X_ref_calibration_io
 .text.VL53L0X_perform_vhv_calibration
                0x000000000800ae46       0xce ./Src/vl53l0x_api_calibration.o
                0x000000000800ae46                VL53L0X_perform_vhv_calibration
 .text.VL53L0X_perform_phase_calibration
                0x000000000800af14       0xca ./Src/vl53l0x_api_calibration.o
                0x000000000800af14                VL53L0X_perform_phase_calibration
 .text.VL53L0X_perform_ref_calibration
                0x000000000800afde       0x7a ./Src/vl53l0x_api_calibration.o
                0x000000000800afde                VL53L0X_perform_ref_calibration
 .text.VL53L0X_measurement_poll_for_completion
                0x000000000800b058       0x60 ./Src/vl53l0x_api_core.o
                0x000000000800b058                VL53L0X_measurement_poll_for_completion
 .text.VL53L0X_decode_vcsel_period
                0x000000000800b0b8       0x26 ./Src/vl53l0x_api_core.o
                0x000000000800b0b8                VL53L0X_decode_vcsel_period
 .text.VL53L0X_isqrt
                0x000000000800b0de       0x68 ./Src/vl53l0x_api_core.o
                0x000000000800b0de                VL53L0X_isqrt
 .text.VL53L0X_device_read_strobe
                0x000000000800b146       0x86 ./Src/vl53l0x_api_core.o
                0x000000000800b146                VL53L0X_device_read_strobe
 .text.VL53L0X_get_info_from_device
                0x000000000800b1cc      0x99c ./Src/vl53l0x_api_core.o
                0x000000000800b1cc                VL53L0X_get_info_from_device
 .text.VL53L0X_calc_macro_period_ps
                0x000000000800bb68       0x3c ./Src/vl53l0x_api_core.o
                0x000000000800bb68                VL53L0X_calc_macro_period_ps
 .text.VL53L0X_encode_timeout
                0x000000000800bba4       0x58 ./Src/vl53l0x_api_core.o
                0x000000000800bba4                VL53L0X_encode_timeout
 .text.VL53L0X_decode_timeout
                0x000000000800bbfc       0x2c ./Src/vl53l0x_api_core.o
                0x000000000800bbfc                VL53L0X_decode_timeout
 .text.VL53L0X_calc_timeout_mclks
                0x000000000800bc28       0x54 ./Src/vl53l0x_api_core.o
                0x000000000800bc28                VL53L0X_calc_timeout_mclks
 .text.VL53L0X_calc_timeout_us
                0x000000000800bc7c       0x54 ./Src/vl53l0x_api_core.o
                0x000000000800bc7c                VL53L0X_calc_timeout_us
 .text.get_sequence_step_timeout
                0x000000000800bcd0      0x1c2 ./Src/vl53l0x_api_core.o
                0x000000000800bcd0                get_sequence_step_timeout
 .text.set_sequence_step_timeout
                0x000000000800be92      0x1e4 ./Src/vl53l0x_api_core.o
                0x000000000800be92                set_sequence_step_timeout
 .text.VL53L0X_get_vcsel_pulse_period
                0x000000000800c076       0x6e ./Src/vl53l0x_api_core.o
                0x000000000800c076                VL53L0X_get_vcsel_pulse_period
 .text.VL53L0X_set_measurement_timing_budget_micro_seconds
                0x000000000800c0e4      0x1a6 ./Src/vl53l0x_api_core.o
                0x000000000800c0e4                VL53L0X_set_measurement_timing_budget_micro_seconds
 .text.VL53L0X_get_measurement_timing_budget_micro_seconds
                0x000000000800c28a      0x162 ./Src/vl53l0x_api_core.o
                0x000000000800c28a                VL53L0X_get_measurement_timing_budget_micro_seconds
 .text.VL53L0X_load_tuning_settings
                0x000000000800c3ec      0x1c4 ./Src/vl53l0x_api_core.o
                0x000000000800c3ec                VL53L0X_load_tuning_settings
 .text.VL53L0X_get_total_xtalk_rate
                0x000000000800c5b0       0x5e ./Src/vl53l0x_api_core.o
                0x000000000800c5b0                VL53L0X_get_total_xtalk_rate
 .text.VL53L0X_get_total_signal_rate
                0x000000000800c60e       0x4a ./Src/vl53l0x_api_core.o
                0x000000000800c60e                VL53L0X_get_total_signal_rate
 .text.get_dmax_lut_points
                0x000000000800c658       0x8e ./Src/vl53l0x_api_core.o
                0x000000000800c658                get_dmax_lut_points
 .text.VL53L0X_calc_dmax
                0x000000000800c6e6      0x14c ./Src/vl53l0x_api_core.o
                0x000000000800c6e6                VL53L0X_calc_dmax
 *fill*         0x000000000800c832        0x2 
 .text.VL53L0X_calc_sigma_estimate
                0x000000000800c834      0x45c ./Src/vl53l0x_api_core.o
                0x000000000800c834                VL53L0X_calc_sigma_estimate
 .text.VL53L0X_get_pal_range_status
                0x000000000800cc90      0x3c4 ./Src/vl53l0x_api_core.o
                0x000000000800cc90                VL53L0X_get_pal_range_status
 .text._I2CWrite
                0x000000000800d054       0x3e ./Src/vl53l0x_platform.o
                0x000000000800d054                _I2CWrite
 .text._I2CRead
                0x000000000800d092       0x44 ./Src/vl53l0x_platform.o
                0x000000000800d092                _I2CRead
 *fill*         0x000000000800d0d6        0x2 
 .text.VL53L0X_WriteMulti
                0x000000000800d0d8       0x60 ./Src/vl53l0x_platform.o
                0x000000000800d0d8                VL53L0X_WriteMulti
 .text.VL53L0X_ReadMulti
                0x000000000800d138       0x56 ./Src/vl53l0x_platform.o
                0x000000000800d138                VL53L0X_ReadMulti
 *fill*         0x000000000800d18e        0x2 
 .text.VL53L0X_WrByte
                0x000000000800d190       0x48 ./Src/vl53l0x_platform.o
                0x000000000800d190                VL53L0X_WrByte
 .text.VL53L0X_WrWord
                0x000000000800d1d8       0x54 ./Src/vl53l0x_platform.o
                0x000000000800d1d8                VL53L0X_WrWord
 .text.VL53L0X_UpdateByte
                0x000000000800d22c       0x68 ./Src/vl53l0x_platform.o
                0x000000000800d22c                VL53L0X_UpdateByte
 .text.VL53L0X_RdByte
                0x000000000800d294       0x54 ./Src/vl53l0x_platform.o
                0x000000000800d294                VL53L0X_RdByte
 .text.VL53L0X_RdWord
                0x000000000800d2e8       0x70 ./Src/vl53l0x_platform.o
                0x000000000800d2e8                VL53L0X_RdWord
 .text.VL53L0X_RdDWord
                0x000000000800d358       0x78 ./Src/vl53l0x_platform.o
                0x000000000800d358                VL53L0X_RdDWord
 .text.VL53L0X_PollingDelay
                0x000000000800d3d0       0x1e ./Src/vl53l0x_platform.o
                0x000000000800d3d0                VL53L0X_PollingDelay
 *fill*         0x000000000800d3ee        0x2 
 .text.Reset_Handler
                0x000000000800d3f0       0x50 ./Startup/startup_stm32l4s5vitx.o
                0x000000000800d3f0                Reset_Handler
 .text.Default_Handler
                0x000000000800d440        0x2 ./Startup/startup_stm32l4s5vitx.o
                0x000000000800d440                RTC_Alarm_IRQHandler
                0x000000000800d440                EXTI2_IRQHandler
                0x000000000800d440                TIM8_TRG_COM_IRQHandler
                0x000000000800d440                TIM8_CC_IRQHandler
                0x000000000800d440                TIM1_CC_IRQHandler
                0x000000000800d440                TSC_IRQHandler
                0x000000000800d440                TAMP_STAMP_IRQHandler
                0x000000000800d440                EXTI3_IRQHandler
                0x000000000800d440                LPTIM2_IRQHandler
                0x000000000800d440                DFSDM1_FLT1_IRQHandler
                0x000000000800d440                GFXMMU_IRQHandler
                0x000000000800d440                I2C3_ER_IRQHandler
                0x000000000800d440                DFSDM1_FLT2_IRQHandler
                0x000000000800d440                EXTI0_IRQHandler
                0x000000000800d440                I2C2_EV_IRQHandler
                0x000000000800d440                CAN1_RX0_IRQHandler
                0x000000000800d440                FPU_IRQHandler
                0x000000000800d440                TIM1_UP_TIM16_IRQHandler
                0x000000000800d440                LTDC_ER_IRQHandler
                0x000000000800d440                SPI1_IRQHandler
                0x000000000800d440                OCTOSPI1_IRQHandler
                0x000000000800d440                DCMI_IRQHandler
                0x000000000800d440                TIM8_UP_IRQHandler
                0x000000000800d440                OCTOSPI2_IRQHandler
                0x000000000800d440                DMA2_Channel2_IRQHandler
                0x000000000800d440                DMA1_Channel4_IRQHandler
                0x000000000800d440                SAI2_IRQHandler
                0x000000000800d440                ADC1_IRQHandler
                0x000000000800d440                DFSDM1_FLT3_IRQHandler
                0x000000000800d440                USART3_IRQHandler
                0x000000000800d440                DMA1_Channel7_IRQHandler
                0x000000000800d440                CAN1_RX1_IRQHandler
                0x000000000800d440                UART5_IRQHandler
                0x000000000800d440                TIM4_IRQHandler
                0x000000000800d440                DMA2_Channel1_IRQHandler
                0x000000000800d440                I2C1_EV_IRQHandler
                0x000000000800d440                DMAMUX1_OVR_IRQHandler
                0x000000000800d440                DMA1_Channel6_IRQHandler
                0x000000000800d440                UART4_IRQHandler
                0x000000000800d440                DMA2_Channel4_IRQHandler
                0x000000000800d440                TIM3_IRQHandler
                0x000000000800d440                RCC_IRQHandler
                0x000000000800d440                Default_Handler
                0x000000000800d440                DMA2_Channel7_IRQHandler
                0x000000000800d440                TIM7_IRQHandler
                0x000000000800d440                SDMMC1_IRQHandler
                0x000000000800d440                TIM5_IRQHandler
                0x000000000800d440                I2C3_EV_IRQHandler
                0x000000000800d440                EXTI9_5_IRQHandler
                0x000000000800d440                RTC_WKUP_IRQHandler
                0x000000000800d440                LTDC_IRQHandler
                0x000000000800d440                PVD_PVM_IRQHandler
                0x000000000800d440                SPI2_IRQHandler
                0x000000000800d440                CAN1_TX_IRQHandler
                0x000000000800d440                DMA2_Channel5_IRQHandler
                0x000000000800d440                DMA1_Channel5_IRQHandler
                0x000000000800d440                EXTI4_IRQHandler
                0x000000000800d440                RNG_IRQHandler
                0x000000000800d440                TIM1_TRG_COM_TIM17_IRQHandler
                0x000000000800d440                DMA1_Channel3_IRQHandler
                0x000000000800d440                COMP_IRQHandler
                0x000000000800d440                HASH_CRS_IRQHandler
                0x000000000800d440                WWDG_IRQHandler
                0x000000000800d440                I2C4_EV_IRQHandler
                0x000000000800d440                LPUART1_IRQHandler
                0x000000000800d440                DMA2_Channel6_IRQHandler
                0x000000000800d440                DMA2D_IRQHandler
                0x000000000800d440                EXTI1_IRQHandler
                0x000000000800d440                AES_IRQHandler
                0x000000000800d440                USART2_IRQHandler
                0x000000000800d440                DFSDM1_FLT0_IRQHandler
                0x000000000800d440                I2C2_ER_IRQHandler
                0x000000000800d440                TIM8_BRK_IRQHandler
                0x000000000800d440                CAN1_SCE_IRQHandler
                0x000000000800d440                FLASH_IRQHandler
                0x000000000800d440                OTG_FS_IRQHandler
                0x000000000800d440                SPI3_IRQHandler
                0x000000000800d440                I2C1_ER_IRQHandler
                0x000000000800d440                FMC_IRQHandler
                0x000000000800d440                LPTIM1_IRQHandler
                0x000000000800d440                I2C4_ER_IRQHandler
                0x000000000800d440                SAI1_IRQHandler
                0x000000000800d440                DMA2_Channel3_IRQHandler
                0x000000000800d440                TIM1_BRK_TIM15_IRQHandler
 *fill*         0x000000000800d442        0x2 
 .text.__errno  0x000000000800d444        0xc c:/st/stm32cubeide_1.10.1/stm32cubeide/plugins/com.st.stm32cube.ide.mcu.externaltools.gnu-tools-for-stm32.10.3-2021.10.win32_1.0.0.202111181127/tools/bin/../lib/gcc/arm-none-eabi/10.3.1/../../../../arm-none-eabi/lib/thumb/v7e-m+fp/hard\libc_nano.a(lib_a-errno.o)
                0x000000000800d444                __errno
 .text.__libc_init_array
                0x000000000800d450       0x48 c:/st/stm32cubeide_1.10.1/stm32cubeide/plugins/com.st.stm32cube.ide.mcu.externaltools.gnu-tools-for-stm32.10.3-2021.10.win32_1.0.0.202111181127/tools/bin/../lib/gcc/arm-none-eabi/10.3.1/../../../../arm-none-eabi/lib/thumb/v7e-m+fp/hard\libc_nano.a(lib_a-init.o)
                0x000000000800d450                __libc_init_array
 .text.memcpy   0x000000000800d498       0x1c c:/st/stm32cubeide_1.10.1/stm32cubeide/plugins/com.st.stm32cube.ide.mcu.externaltools.gnu-tools-for-stm32.10.3-2021.10.win32_1.0.0.202111181127/tools/bin/../lib/gcc/arm-none-eabi/10.3.1/../../../../arm-none-eabi/lib/thumb/v7e-m+fp/hard\libc_nano.a(lib_a-memcpy-stub.o)
                0x000000000800d498                memcpy
 .text.memset   0x000000000800d4b4       0x10 c:/st/stm32cubeide_1.10.1/stm32cubeide/plugins/com.st.stm32cube.ide.mcu.externaltools.gnu-tools-for-stm32.10.3-2021.10.win32_1.0.0.202111181127/tools/bin/../lib/gcc/arm-none-eabi/10.3.1/../../../../arm-none-eabi/lib/thumb/v7e-m+fp/hard\libc_nano.a(lib_a-memset.o)
                0x000000000800d4b4                memset
 .text.snprintf
                0x000000000800d4c4       0x68 c:/st/stm32cubeide_1.10.1/stm32cubeide/plugins/com.st.stm32cube.ide.mcu.externaltools.gnu-tools-for-stm32.10.3-2021.10.win32_1.0.0.202111181127/tools/bin/../lib/gcc/arm-none-eabi/10.3.1/../../../../arm-none-eabi/lib/thumb/v7e-m+fp/hard\libc_nano.a(lib_a-snprintf.o)
                0x000000000800d4c4                sniprintf
                0x000000000800d4c4                snprintf
 .text.sprintf  0x000000000800d52c       0x40 c:/st/stm32cubeide_1.10.1/stm32cubeide/plugins/com.st.stm32cube.ide.mcu.externaltools.gnu-tools-for-stm32.10.3-2021.10.win32_1.0.0.202111181127/tools/bin/../lib/gcc/arm-none-eabi/10.3.1/../../../../arm-none-eabi/lib/thumb/v7e-m+fp/hard\libc_nano.a(lib_a-sprintf.o)
                0x000000000800d52c                siprintf
                0x000000000800d52c                sprintf
 .text.strcpy   0x000000000800d56c       0x10 c:/st/stm32cubeide_1.10.1/stm32cubeide/plugins/com.st.stm32cube.ide.mcu.externaltools.gnu-tools-for-stm32.10.3-2021.10.win32_1.0.0.202111181127/tools/bin/../lib/gcc/arm-none-eabi/10.3.1/../../../../arm-none-eabi/lib/thumb/v7e-m+fp/hard\libc_nano.a(lib_a-strcpy.o)
                0x000000000800d56c                strcpy
 .text.__retarget_lock_acquire_recursive
                0x000000000800d57c        0x2 c:/st/stm32cubeide_1.10.1/stm32cubeide/plugins/com.st.stm32cube.ide.mcu.externaltools.gnu-tools-for-stm32.10.3-2021.10.win32_1.0.0.202111181127/tools/bin/../lib/gcc/arm-none-eabi/10.3.1/../../../../arm-none-eabi/lib/thumb/v7e-m+fp/hard\libc_nano.a(lib_a-lock.o)
                0x000000000800d57c                __retarget_lock_acquire_recursive
 .text.__retarget_lock_release_recursive
                0x000000000800d57e        0x2 c:/st/stm32cubeide_1.10.1/stm32cubeide/plugins/com.st.stm32cube.ide.mcu.externaltools.gnu-tools-for-stm32.10.3-2021.10.win32_1.0.0.202111181127/tools/bin/../lib/gcc/arm-none-eabi/10.3.1/../../../../arm-none-eabi/lib/thumb/v7e-m+fp/hard\libc_nano.a(lib_a-lock.o)
                0x000000000800d57e                __retarget_lock_release_recursive
 .text.sbrk_aligned
                0x000000000800d580       0x40 c:/st/stm32cubeide_1.10.1/stm32cubeide/plugins/com.st.stm32cube.ide.mcu.externaltools.gnu-tools-for-stm32.10.3-2021.10.win32_1.0.0.202111181127/tools/bin/../lib/gcc/arm-none-eabi/10.3.1/../../../../arm-none-eabi/lib/thumb/v7e-m+fp/hard\libc_nano.a(lib_a-nano-mallocr.o)
 .text._malloc_r
                0x000000000800d5c0       0xe8 c:/st/stm32cubeide_1.10.1/stm32cubeide/plugins/com.st.stm32cube.ide.mcu.externaltools.gnu-tools-for-stm32.10.3-2021.10.win32_1.0.0.202111181127/tools/bin/../lib/gcc/arm-none-eabi/10.3.1/../../../../arm-none-eabi/lib/thumb/v7e-m+fp/hard\libc_nano.a(lib_a-nano-mallocr.o)
                0x000000000800d5c0                _malloc_r
 .text.__ssputs_r
                0x000000000800d6a8       0xb6 c:/st/stm32cubeide_1.10.1/stm32cubeide/plugins/com.st.stm32cube.ide.mcu.externaltools.gnu-tools-for-stm32.10.3-2021.10.win32_1.0.0.202111181127/tools/bin/../lib/gcc/arm-none-eabi/10.3.1/../../../../arm-none-eabi/lib/thumb/v7e-m+fp/hard\libc_nano.a(lib_a-nano-svfprintf.o)
                0x000000000800d6a8                __ssputs_r
 *fill*         0x000000000800d75e        0x2 
 .text._svfprintf_r
                0x000000000800d760      0x200 c:/st/stm32cubeide_1.10.1/stm32cubeide/plugins/com.st.stm32cube.ide.mcu.externaltools.gnu-tools-for-stm32.10.3-2021.10.win32_1.0.0.202111181127/tools/bin/../lib/gcc/arm-none-eabi/10.3.1/../../../../arm-none-eabi/lib/thumb/v7e-m+fp/hard\libc_nano.a(lib_a-nano-svfprintf.o)
                0x000000000800d760                _svfiprintf_r
                0x000000000800d760                _svfprintf_r
 .text._printf_common
                0x000000000800d960       0xda c:/st/stm32cubeide_1.10.1/stm32cubeide/plugins/com.st.stm32cube.ide.mcu.externaltools.gnu-tools-for-stm32.10.3-2021.10.win32_1.0.0.202111181127/tools/bin/../lib/gcc/arm-none-eabi/10.3.1/../../../../arm-none-eabi/lib/thumb/v7e-m+fp/hard\libc_nano.a(lib_a-nano-vfprintf_i.o)
                0x000000000800d960                _printf_common
 *fill*         0x000000000800da3a        0x2 
 .text._printf_i
                0x000000000800da3c      0x24c c:/st/stm32cubeide_1.10.1/stm32cubeide/plugins/com.st.stm32cube.ide.mcu.externaltools.gnu-tools-for-stm32.10.3-2021.10.win32_1.0.0.202111181127/tools/bin/../lib/gcc/arm-none-eabi/10.3.1/../../../../arm-none-eabi/lib/thumb/v7e-m+fp/hard\libc_nano.a(lib_a-nano-vfprintf_i.o)
                0x000000000800da3c                _printf_i
 .text._sbrk_r  0x000000000800dc88       0x20 c:/st/stm32cubeide_1.10.1/stm32cubeide/plugins/com.st.stm32cube.ide.mcu.externaltools.gnu-tools-for-stm32.10.3-2021.10.win32_1.0.0.202111181127/tools/bin/../lib/gcc/arm-none-eabi/10.3.1/../../../../arm-none-eabi/lib/thumb/v7e-m+fp/hard\libc_nano.a(lib_a-sbrkr.o)
                0x000000000800dc88                _sbrk_r
 .text.memmove  0x000000000800dca8       0x34 c:/st/stm32cubeide_1.10.1/stm32cubeide/plugins/com.st.stm32cube.ide.mcu.externaltools.gnu-tools-for-stm32.10.3-2021.10.win32_1.0.0.202111181127/tools/bin/../lib/gcc/arm-none-eabi/10.3.1/../../../../arm-none-eabi/lib/thumb/v7e-m+fp/hard\libc_nano.a(lib_a-memmove.o)
                0x000000000800dca8                memmove
 .text.__malloc_lock
                0x000000000800dcdc        0xc c:/st/stm32cubeide_1.10.1/stm32cubeide/plugins/com.st.stm32cube.ide.mcu.externaltools.gnu-tools-for-stm32.10.3-2021.10.win32_1.0.0.202111181127/tools/bin/../lib/gcc/arm-none-eabi/10.3.1/../../../../arm-none-eabi/lib/thumb/v7e-m+fp/hard\libc_nano.a(lib_a-mlock.o)
                0x000000000800dcdc                __malloc_lock
 .text.__malloc_unlock
                0x000000000800dce8        0xc c:/st/stm32cubeide_1.10.1/stm32cubeide/plugins/com.st.stm32cube.ide.mcu.externaltools.gnu-tools-for-stm32.10.3-2021.10.win32_1.0.0.202111181127/tools/bin/../lib/gcc/arm-none-eabi/10.3.1/../../../../arm-none-eabi/lib/thumb/v7e-m+fp/hard\libc_nano.a(lib_a-mlock.o)
                0x000000000800dce8                __malloc_unlock
 .text._free_r  0x000000000800dcf4       0x98 c:/st/stm32cubeide_1.10.1/stm32cubeide/plugins/com.st.stm32cube.ide.mcu.externaltools.gnu-tools-for-stm32.10.3-2021.10.win32_1.0.0.202111181127/tools/bin/../lib/gcc/arm-none-eabi/10.3.1/../../../../arm-none-eabi/lib/thumb/v7e-m+fp/hard\libc_nano.a(lib_a-nano-freer.o)
                0x000000000800dcf4                _free_r
 .text._realloc_r
                0x000000000800dd8c       0x5e c:/st/stm32cubeide_1.10.1/stm32cubeide/plugins/com.st.stm32cube.ide.mcu.externaltools.gnu-tools-for-stm32.10.3-2021.10.win32_1.0.0.202111181127/tools/bin/../lib/gcc/arm-none-eabi/10.3.1/../../../../arm-none-eabi/lib/thumb/v7e-m+fp/hard\libc_nano.a(lib_a-nano-reallocr.o)
                0x000000000800dd8c                _realloc_r
 .text._malloc_usable_size_r
                0x000000000800ddea       0x10 c:/st/stm32cubeide_1.10.1/stm32cubeide/plugins/com.st.stm32cube.ide.mcu.externaltools.gnu-tools-for-stm32.10.3-2021.10.win32_1.0.0.202111181127/tools/bin/../lib/gcc/arm-none-eabi/10.3.1/../../../../arm-none-eabi/lib/thumb/v7e-m+fp/hard\libc_nano.a(lib_a-nano-msizer.o)
                0x000000000800ddea                _malloc_usable_size_r
 *(.glue_7)
 .glue_7        0x000000000800ddfa        0x0 linker stubs
 *(.glue_7t)
 .glue_7t       0x000000000800ddfa        0x0 linker stubs
 *(.eh_frame)
 *fill*         0x000000000800ddfa        0x2 
 .eh_frame      0x000000000800ddfc        0x0 c:/st/stm32cubeide_1.10.1/stm32cubeide/plugins/com.st.stm32cube.ide.mcu.externaltools.gnu-tools-for-stm32.10.3-2021.10.win32_1.0.0.202111181127/tools/bin/../lib/gcc/arm-none-eabi/10.3.1/thumb/v7e-m+fp/hard/crtbegin.o
 *(.init)
 .init          0x000000000800ddfc        0x4 c:/st/stm32cubeide_1.10.1/stm32cubeide/plugins/com.st.stm32cube.ide.mcu.externaltools.gnu-tools-for-stm32.10.3-2021.10.win32_1.0.0.202111181127/tools/bin/../lib/gcc/arm-none-eabi/10.3.1/thumb/v7e-m+fp/hard/crti.o
                0x000000000800ddfc                _init
 .init          0x000000000800de00        0x8 c:/st/stm32cubeide_1.10.1/stm32cubeide/plugins/com.st.stm32cube.ide.mcu.externaltools.gnu-tools-for-stm32.10.3-2021.10.win32_1.0.0.202111181127/tools/bin/../lib/gcc/arm-none-eabi/10.3.1/thumb/v7e-m+fp/hard/crtn.o
 *(.fini)
 .fini          0x000000000800de08        0x4 c:/st/stm32cubeide_1.10.1/stm32cubeide/plugins/com.st.stm32cube.ide.mcu.externaltools.gnu-tools-for-stm32.10.3-2021.10.win32_1.0.0.202111181127/tools/bin/../lib/gcc/arm-none-eabi/10.3.1/thumb/v7e-m+fp/hard/crti.o
                0x000000000800de08                _fini
 .fini          0x000000000800de0c        0x8 c:/st/stm32cubeide_1.10.1/stm32cubeide/plugins/com.st.stm32cube.ide.mcu.externaltools.gnu-tools-for-stm32.10.3-2021.10.win32_1.0.0.202111181127/tools/bin/../lib/gcc/arm-none-eabi/10.3.1/thumb/v7e-m+fp/hard/crtn.o
                0x000000000800de14                . = ALIGN (0x4)
                0x000000000800de14                _etext = .

.vfp11_veneer   0x000000000800de14        0x0
 .vfp11_veneer  0x000000000800de14        0x0 linker stubs

.v4_bx          0x000000000800de14        0x0
 .v4_bx         0x000000000800de14        0x0 linker stubs

.iplt           0x000000000800de14        0x0
 .iplt          0x000000000800de14        0x0 c:/st/stm32cubeide_1.10.1/stm32cubeide/plugins/com.st.stm32cube.ide.mcu.externaltools.gnu-tools-for-stm32.10.3-2021.10.win32_1.0.0.202111181127/tools/bin/../lib/gcc/arm-none-eabi/10.3.1/thumb/v7e-m+fp/hard/crtbegin.o

.rodata         0x000000000800de14      0x398
                0x000000000800de14                . = ALIGN (0x4)
 *(.rodata)
 .rodata        0x000000000800de14        0x5 ./Middlewares/Third_Party/FreeRTOS/Source/tasks.o
 *fill*         0x000000000800de19        0x3 
 .rodata        0x000000000800de1c       0xe6 ./Src/MorseConversionLayer.o
 *fill*         0x000000000800df02        0x2 
 .rodata        0x000000000800df04       0xa0 ./Src/main.o
 *(.rodata*)
 .rodata.UARTPrescTable
                0x000000000800dfa4       0x18 ./Drivers/STM32L4xx_HAL_Driver/Src/stm32l4xx_hal_uart.o
                0x000000000800dfa4                UARTPrescTable
 .rodata.numerator.1
                0x000000000800dfbc        0x8 ./Drivers/STM32L4xx_HAL_Driver/Src/stm32l4xx_hal_uart_ex.o
 .rodata.denominator.0
                0x000000000800dfc4        0x8 ./Drivers/STM32L4xx_HAL_Driver/Src/stm32l4xx_hal_uart_ex.o
 .rodata.AHBPrescTable
                0x000000000800dfcc       0x10 ./Src/system_stm32l4xx.o
                0x000000000800dfcc                AHBPrescTable
 .rodata.APBPrescTable
                0x000000000800dfdc        0x8 ./Src/system_stm32l4xx.o
                0x000000000800dfdc                APBPrescTable
 .rodata.MSIRangeTable
                0x000000000800dfe4       0x30 ./Src/system_stm32l4xx.o
                0x000000000800dfe4                MSIRangeTable
 .rodata._ctype_
                0x000000000800e014      0x101 c:/st/stm32cubeide_1.10.1/stm32cubeide/plugins/com.st.stm32cube.ide.mcu.externaltools.gnu-tools-for-stm32.10.3-2021.10.win32_1.0.0.202111181127/tools/bin/../lib/gcc/arm-none-eabi/10.3.1/../../../../arm-none-eabi/lib/thumb/v7e-m+fp/hard\libc_nano.a(lib_a-ctype_.o)
                0x000000000800e014                _ctype_
 *fill*         0x000000000800e115        0x3 
 .rodata.__sf_fake_stderr
                0x000000000800e118       0x20 c:/st/stm32cubeide_1.10.1/stm32cubeide/plugins/com.st.stm32cube.ide.mcu.externaltools.gnu-tools-for-stm32.10.3-2021.10.win32_1.0.0.202111181127/tools/bin/../lib/gcc/arm-none-eabi/10.3.1/../../../../arm-none-eabi/lib/thumb/v7e-m+fp/hard\libc_nano.a(lib_a-findfp.o)
                0x000000000800e118                __sf_fake_stderr
 .rodata.__sf_fake_stdin
                0x000000000800e138       0x20 c:/st/stm32cubeide_1.10.1/stm32cubeide/plugins/com.st.stm32cube.ide.mcu.externaltools.gnu-tools-for-stm32.10.3-2021.10.win32_1.0.0.202111181127/tools/bin/../lib/gcc/arm-none-eabi/10.3.1/../../../../arm-none-eabi/lib/thumb/v7e-m+fp/hard\libc_nano.a(lib_a-findfp.o)
                0x000000000800e138                __sf_fake_stdin
 .rodata.__sf_fake_stdout
                0x000000000800e158       0x20 c:/st/stm32cubeide_1.10.1/stm32cubeide/plugins/com.st.stm32cube.ide.mcu.externaltools.gnu-tools-for-stm32.10.3-2021.10.win32_1.0.0.202111181127/tools/bin/../lib/gcc/arm-none-eabi/10.3.1/../../../../arm-none-eabi/lib/thumb/v7e-m+fp/hard\libc_nano.a(lib_a-findfp.o)
                0x000000000800e158                __sf_fake_stdout
 .rodata._svfprintf_r.str1.1
                0x000000000800e178       0x11 c:/st/stm32cubeide_1.10.1/stm32cubeide/plugins/com.st.stm32cube.ide.mcu.externaltools.gnu-tools-for-stm32.10.3-2021.10.win32_1.0.0.202111181127/tools/bin/../lib/gcc/arm-none-eabi/10.3.1/../../../../arm-none-eabi/lib/thumb/v7e-m+fp/hard\libc_nano.a(lib_a-nano-svfprintf.o)
 .rodata._printf_i.str1.1
                0x000000000800e189       0x22 c:/st/stm32cubeide_1.10.1/stm32cubeide/plugins/com.st.stm32cube.ide.mcu.externaltools.gnu-tools-for-stm32.10.3-2021.10.win32_1.0.0.202111181127/tools/bin/../lib/gcc/arm-none-eabi/10.3.1/../../../../arm-none-eabi/lib/thumb/v7e-m+fp/hard\libc_nano.a(lib_a-nano-vfprintf_i.o)
                0x000000000800e1ac                . = ALIGN (0x4)
 *fill*         0x000000000800e1ab        0x1 

.ARM.extab      0x000000000800e1ac        0x0
                0x000000000800e1ac                . = ALIGN (0x4)
 *(.ARM.extab* .gnu.linkonce.armextab.*)
                0x000000000800e1ac                . = ALIGN (0x4)

.ARM            0x000000000800e1ac        0x8
                0x000000000800e1ac                . = ALIGN (0x4)
                0x000000000800e1ac                __exidx_start = .
 *(.ARM.exidx*)
 .ARM.exidx     0x000000000800e1ac        0x8 c:/st/stm32cubeide_1.10.1/stm32cubeide/plugins/com.st.stm32cube.ide.mcu.externaltools.gnu-tools-for-stm32.10.3-2021.10.win32_1.0.0.202111181127/tools/bin/../lib/gcc/arm-none-eabi/10.3.1/thumb/v7e-m+fp/hard\libgcc.a(_udivmoddi4.o)
                0x000000000800e1b4                __exidx_end = .
                0x000000000800e1b4                . = ALIGN (0x4)

.rel.dyn        0x000000000800e1b4        0x0
 .rel.iplt      0x000000000800e1b4        0x0 c:/st/stm32cubeide_1.10.1/stm32cubeide/plugins/com.st.stm32cube.ide.mcu.externaltools.gnu-tools-for-stm32.10.3-2021.10.win32_1.0.0.202111181127/tools/bin/../lib/gcc/arm-none-eabi/10.3.1/thumb/v7e-m+fp/hard/crtbegin.o

.preinit_array  0x000000000800e1b4        0x0
                0x000000000800e1b4                . = ALIGN (0x4)
                0x000000000800e1b4                PROVIDE (__preinit_array_start = .)
 *(.preinit_array*)
                0x000000000800e1b4                PROVIDE (__preinit_array_end = .)
                0x000000000800e1b4                . = ALIGN (0x4)

.init_array     0x000000000800e1b4        0x4
                0x000000000800e1b4                . = ALIGN (0x4)
                0x000000000800e1b4                PROVIDE (__init_array_start = .)
 *(SORT_BY_NAME(.init_array.*))
 *(.init_array*)
 .init_array    0x000000000800e1b4        0x4 c:/st/stm32cubeide_1.10.1/stm32cubeide/plugins/com.st.stm32cube.ide.mcu.externaltools.gnu-tools-for-stm32.10.3-2021.10.win32_1.0.0.202111181127/tools/bin/../lib/gcc/arm-none-eabi/10.3.1/thumb/v7e-m+fp/hard/crtbegin.o
                0x000000000800e1b8                PROVIDE (__init_array_end = .)
                0x000000000800e1b8                . = ALIGN (0x4)

.fini_array     0x000000000800e1b8        0x4
                0x000000000800e1b8                . = ALIGN (0x4)
                [!provide]                        PROVIDE (__fini_array_start = .)
 *(SORT_BY_NAME(.fini_array.*))
 *(.fini_array*)
 .fini_array    0x000000000800e1b8        0x4 c:/st/stm32cubeide_1.10.1/stm32cubeide/plugins/com.st.stm32cube.ide.mcu.externaltools.gnu-tools-for-stm32.10.3-2021.10.win32_1.0.0.202111181127/tools/bin/../lib/gcc/arm-none-eabi/10.3.1/thumb/v7e-m+fp/hard/crtbegin.o
                [!provide]                        PROVIDE (__fini_array_end = .)
                0x000000000800e1bc                . = ALIGN (0x4)
                0x000000000800e1bc                _sidata = LOADADDR (.data)

.data           0x0000000020000000      0x3cc load address 0x000000000800e1bc
                0x0000000020000000                . = ALIGN (0x4)
                0x0000000020000000                _sdata = .
 *(.data)
 *(.data*)
 .data.uwTickPrio
                0x0000000020000000        0x4 ./Drivers/STM32L4xx_HAL_Driver/Src/stm32l4xx_hal.o
                0x0000000020000000                uwTickPrio
 .data.uwTickFreq
                0x0000000020000004        0x1 ./Drivers/STM32L4xx_HAL_Driver/Src/stm32l4xx_hal.o
                0x0000000020000004                uwTickFreq
 *fill*         0x0000000020000005        0x3 
 .data.uxCriticalNesting
                0x0000000020000008        0x4 ./Middlewares/Third_Party/FreeRTOS/Source/portable/GCC/ARM_CM4F/port.o
 .data.alphabeticalMorse
                0x000000002000000c       0x68 ./Src/MorseConversionLayer.o
                0x000000002000000c                alphabeticalMorse
 .data.numericalMorse
                0x0000000020000074       0x28 ./Src/MorseConversionLayer.o
                0x0000000020000074                numericalMorse
 .data.pMyDevice
                0x000000002000009c        0x4 ./Src/main.o
                0x000000002000009c                pMyDevice
 .data.pRangeData
                0x00000000200000a0        0x4 ./Src/main.o
                0x00000000200000a0                pRangeData
 .data.distance_output
                0x00000000200000a4        0x2 ./Src/main.o
                0x00000000200000a4                distance_output
 *fill*         0x00000000200000a6        0x2 
 .data.SystemCoreClock
                0x00000000200000a8        0x4 ./Src/system_stm32l4xx.o
                0x00000000200000a8                SystemCoreClock
 .data.DefaultTuningSettings
                0x00000000200000ac       0xf3 ./Src/vl53l0x_api.o
                0x00000000200000ac                DefaultTuningSettings
 *fill*         0x000000002000019f        0x1 
 .data.InterruptThresholdSettings
                0x00000000200001a0      0x1b6 ./Src/vl53l0x_api.o
                0x00000000200001a0                InterruptThresholdSettings
 *fill*         0x0000000020000356        0x2 
 .data.refArrayQuadrants
                0x0000000020000358       0x10 ./Src/vl53l0x_api_calibration.o
                0x0000000020000358                refArrayQuadrants
 .data._impure_ptr
                0x0000000020000368        0x4 c:/st/stm32cubeide_1.10.1/stm32cubeide/plugins/com.st.stm32cube.ide.mcu.externaltools.gnu-tools-for-stm32.10.3-2021.10.win32_1.0.0.202111181127/tools/bin/../lib/gcc/arm-none-eabi/10.3.1/../../../../arm-none-eabi/lib/thumb/v7e-m+fp/hard\libc_nano.a(lib_a-impure.o)
                0x0000000020000368                _impure_ptr
 .data.impure_data
                0x000000002000036c       0x60 c:/st/stm32cubeide_1.10.1/stm32cubeide/plugins/com.st.stm32cube.ide.mcu.externaltools.gnu-tools-for-stm32.10.3-2021.10.win32_1.0.0.202111181127/tools/bin/../lib/gcc/arm-none-eabi/10.3.1/../../../../arm-none-eabi/lib/thumb/v7e-m+fp/hard\libc_nano.a(lib_a-impure.o)
 *(.RamFunc)
 *(.RamFunc*)
                0x00000000200003cc                . = ALIGN (0x4)
                0x00000000200003cc                _edata = .

.igot.plt       0x00000000200003cc        0x0 load address 0x000000000800e588
 .igot.plt      0x00000000200003cc        0x0 c:/st/stm32cubeide_1.10.1/stm32cubeide/plugins/com.st.stm32cube.ide.mcu.externaltools.gnu-tools-for-stm32.10.3-2021.10.win32_1.0.0.202111181127/tools/bin/../lib/gcc/arm-none-eabi/10.3.1/thumb/v7e-m+fp/hard/crtbegin.o
                0x00000000200003cc                . = ALIGN (0x4)

.bss            0x00000000200003cc     0x182c load address 0x000000000800e588
                0x00000000200003cc                _sbss = .
                0x00000000200003cc                __bss_start__ = _sbss
 *(.bss)
 .bss           0x00000000200003cc       0x1c c:/st/stm32cubeide_1.10.1/stm32cubeide/plugins/com.st.stm32cube.ide.mcu.externaltools.gnu-tools-for-stm32.10.3-2021.10.win32_1.0.0.202111181127/tools/bin/../lib/gcc/arm-none-eabi/10.3.1/thumb/v7e-m+fp/hard/crtbegin.o
 *(.bss*)
 .bss.uwTick    0x00000000200003e8        0x4 ./Drivers/STM32L4xx_HAL_Driver/Src/stm32l4xx_hal.o
                0x00000000200003e8                uwTick
 .bss.pxCurrentTCB
                0x00000000200003ec        0x4 ./Middlewares/Third_Party/FreeRTOS/Source/tasks.o
                0x00000000200003ec                pxCurrentTCB
 .bss.pxReadyTasksLists
                0x00000000200003f0       0x8c ./Middlewares/Third_Party/FreeRTOS/Source/tasks.o
 .bss.xDelayedTaskList1
                0x000000002000047c       0x14 ./Middlewares/Third_Party/FreeRTOS/Source/tasks.o
 .bss.xDelayedTaskList2
                0x0000000020000490       0x14 ./Middlewares/Third_Party/FreeRTOS/Source/tasks.o
 .bss.pxDelayedTaskList
                0x00000000200004a4        0x4 ./Middlewares/Third_Party/FreeRTOS/Source/tasks.o
 .bss.pxOverflowDelayedTaskList
                0x00000000200004a8        0x4 ./Middlewares/Third_Party/FreeRTOS/Source/tasks.o
 .bss.xPendingReadyList
                0x00000000200004ac       0x14 ./Middlewares/Third_Party/FreeRTOS/Source/tasks.o
 .bss.xTasksWaitingTermination
                0x00000000200004c0       0x14 ./Middlewares/Third_Party/FreeRTOS/Source/tasks.o
 .bss.uxDeletedTasksWaitingCleanUp
                0x00000000200004d4        0x4 ./Middlewares/Third_Party/FreeRTOS/Source/tasks.o
 .bss.xSuspendedTaskList
                0x00000000200004d8       0x14 ./Middlewares/Third_Party/FreeRTOS/Source/tasks.o
 .bss.uxCurrentNumberOfTasks
                0x00000000200004ec        0x4 ./Middlewares/Third_Party/FreeRTOS/Source/tasks.o
 .bss.xTickCount
                0x00000000200004f0        0x4 ./Middlewares/Third_Party/FreeRTOS/Source/tasks.o
 .bss.uxTopReadyPriority
                0x00000000200004f4        0x4 ./Middlewares/Third_Party/FreeRTOS/Source/tasks.o
 .bss.xSchedulerRunning
                0x00000000200004f8        0x4 ./Middlewares/Third_Party/FreeRTOS/Source/tasks.o
 .bss.xPendedTicks
                0x00000000200004fc        0x4 ./Middlewares/Third_Party/FreeRTOS/Source/tasks.o
 .bss.xYieldPending
                0x0000000020000500        0x4 ./Middlewares/Third_Party/FreeRTOS/Source/tasks.o
 .bss.xNumOfOverflows
                0x0000000020000504        0x4 ./Middlewares/Third_Party/FreeRTOS/Source/tasks.o
 .bss.uxTaskNumber
                0x0000000020000508        0x4 ./Middlewares/Third_Party/FreeRTOS/Source/tasks.o
 .bss.xNextTaskUnblockTime
                0x000000002000050c        0x4 ./Middlewares/Third_Party/FreeRTOS/Source/tasks.o
 .bss.xIdleTaskHandle
                0x0000000020000510        0x4 ./Middlewares/Third_Party/FreeRTOS/Source/tasks.o
 .bss.uxSchedulerSuspended
                0x0000000020000514        0x4 ./Middlewares/Third_Party/FreeRTOS/Source/tasks.o
 .bss.ucMaxSysCallPriority
                0x0000000020000518        0x1 ./Middlewares/Third_Party/FreeRTOS/Source/portable/GCC/ARM_CM4F/port.o
 *fill*         0x0000000020000519        0x3 
 .bss.ulMaxPRIGROUPValue
                0x000000002000051c        0x4 ./Middlewares/Third_Party/FreeRTOS/Source/portable/GCC/ARM_CM4F/port.o
 .bss.ucHeap    0x0000000020000520      0xbb8 ./Middlewares/Third_Party/FreeRTOS/Source/portable/MemMang/heap_4.o
 .bss.xStart    0x00000000200010d8        0x8 ./Middlewares/Third_Party/FreeRTOS/Source/portable/MemMang/heap_4.o
 .bss.pxEnd     0x00000000200010e0        0x4 ./Middlewares/Third_Party/FreeRTOS/Source/portable/MemMang/heap_4.o
 .bss.xFreeBytesRemaining
                0x00000000200010e4        0x4 ./Middlewares/Third_Party/FreeRTOS/Source/portable/MemMang/heap_4.o
 .bss.xMinimumEverFreeBytesRemaining
                0x00000000200010e8        0x4 ./Middlewares/Third_Party/FreeRTOS/Source/portable/MemMang/heap_4.o
 .bss.xNumberOfSuccessfulAllocations
                0x00000000200010ec        0x4 ./Middlewares/Third_Party/FreeRTOS/Source/portable/MemMang/heap_4.o
 .bss.xNumberOfSuccessfulFrees
                0x00000000200010f0        0x4 ./Middlewares/Third_Party/FreeRTOS/Source/portable/MemMang/heap_4.o
 .bss.xBlockAllocatedBit
                0x00000000200010f4        0x4 ./Middlewares/Third_Party/FreeRTOS/Source/portable/MemMang/heap_4.o
 .bss.xIdleTaskTCBBuffer
                0x00000000200010f8       0x54 ./Src/freertos.o
 .bss.xIdleStack
                0x000000002000114c      0x200 ./Src/freertos.o
 .bss.hi2c2     0x000000002000134c       0x54 ./Src/main.o
                0x000000002000134c                hi2c2
 .bss.htim2     0x00000000200013a0       0x4c ./Src/main.o
                0x00000000200013a0                htim2
 .bss.huart1    0x00000000200013ec       0x90 ./Src/main.o
                0x00000000200013ec                huart1
 .bss.hdma_usart1_rx
                0x000000002000147c       0x60 ./Src/main.o
                0x000000002000147c                hdma_usart1_rx
 .bss.hdma_usart1_tx
                0x00000000200014dc       0x60 ./Src/main.o
                0x00000000200014dc                hdma_usart1_tx
 .bss.receiveTerminalHandle
                0x000000002000153c        0x4 ./Src/main.o
                0x000000002000153c                receiveTerminalHandle
 .bss.sideTaskHandle
                0x0000000020001540        0x4 ./Src/main.o
                0x0000000020001540                sideTaskHandle
 .bss.output    0x0000000020001544       0x32 ./Src/main.o
                0x0000000020001544                output
 *fill*         0x0000000020001576        0x2 
 .bss.MyDevice  0x0000000020001578      0x1b4 ./Src/main.o
                0x0000000020001578                MyDevice
 .bss.status    0x000000002000172c        0x1 ./Src/main.o
                0x000000002000172c                status
 .bss.VhvSettings
                0x000000002000172d        0x1 ./Src/main.o
                0x000000002000172d                VhvSettings
 .bss.PhaseCal  0x000000002000172e        0x1 ./Src/main.o
                0x000000002000172e                PhaseCal
 *fill*         0x000000002000172f        0x1 
 .bss.refSpadCount
                0x0000000020001730        0x4 ./Src/main.o
                0x0000000020001730                refSpadCount
 .bss.isApertureSpads
                0x0000000020001734        0x1 ./Src/main.o
                0x0000000020001734                isApertureSpads
 *fill*         0x0000000020001735        0x3 
 .bss.rangeData
                0x0000000020001738       0x1c ./Src/main.o
                0x0000000020001738                rangeData
 .bss.morse     0x0000000020001754        0x6 ./Src/main.o
                0x0000000020001754                morse
 *fill*         0x000000002000175a        0x2 
 .bss.morseBuffer
                0x000000002000175c        0x6 ./Src/main.o
                0x000000002000175c                morseBuffer
 *fill*         0x0000000020001762        0x2 
 .bss.i         0x0000000020001764        0x4 ./Src/main.o
                0x0000000020001764                i
 .bss.interruptFlag
                0x0000000020001768        0x4 ./Src/main.o
                0x0000000020001768                interruptFlag
 .bss.buff      0x000000002000176c      0x3e8 ./Src/main.o
                0x000000002000176c                buff
 .bss.UART2_rxBuffer
                0x0000000020001b54        0x1 ./Src/main.o
                0x0000000020001b54                UART2_rxBuffer
 *fill*         0x0000000020001b55        0x3 
 .bss.htim6     0x0000000020001b58       0x4c ./Src/stm32l4xx_hal_timebase_tim.o
                0x0000000020001b58                htim6
 .bss.__sbrk_heap_end
                0x0000000020001ba4        0x4 ./Src/sysmem.o
 .bss._I2CBuffer
                0x0000000020001ba8       0x40 ./Src/vl53l0x_platform.o
                0x0000000020001ba8                _I2CBuffer
 .bss.__lock___malloc_recursive_mutex
                0x0000000020001be8        0x1 c:/st/stm32cubeide_1.10.1/stm32cubeide/plugins/com.st.stm32cube.ide.mcu.externaltools.gnu-tools-for-stm32.10.3-2021.10.win32_1.0.0.202111181127/tools/bin/../lib/gcc/arm-none-eabi/10.3.1/../../../../arm-none-eabi/lib/thumb/v7e-m+fp/hard\libc_nano.a(lib_a-lock.o)
                0x0000000020001be8                __lock___malloc_recursive_mutex
 *fill*         0x0000000020001be9        0x3 
 .bss.__malloc_free_list
                0x0000000020001bec        0x4 c:/st/stm32cubeide_1.10.1/stm32cubeide/plugins/com.st.stm32cube.ide.mcu.externaltools.gnu-tools-for-stm32.10.3-2021.10.win32_1.0.0.202111181127/tools/bin/../lib/gcc/arm-none-eabi/10.3.1/../../../../arm-none-eabi/lib/thumb/v7e-m+fp/hard\libc_nano.a(lib_a-nano-mallocr.o)
                0x0000000020001bec                __malloc_free_list
 .bss.__malloc_sbrk_start
                0x0000000020001bf0        0x4 c:/st/stm32cubeide_1.10.1/stm32cubeide/plugins/com.st.stm32cube.ide.mcu.externaltools.gnu-tools-for-stm32.10.3-2021.10.win32_1.0.0.202111181127/tools/bin/../lib/gcc/arm-none-eabi/10.3.1/../../../../arm-none-eabi/lib/thumb/v7e-m+fp/hard\libc_nano.a(lib_a-nano-mallocr.o)
                0x0000000020001bf0                __malloc_sbrk_start
 .bss.errno     0x0000000020001bf4        0x4 c:/st/stm32cubeide_1.10.1/stm32cubeide/plugins/com.st.stm32cube.ide.mcu.externaltools.gnu-tools-for-stm32.10.3-2021.10.win32_1.0.0.202111181127/tools/bin/../lib/gcc/arm-none-eabi/10.3.1/../../../../arm-none-eabi/lib/thumb/v7e-m+fp/hard\libc_nano.a(lib_a-reent.o)
                0x0000000020001bf4                errno
 *(COMMON)
                0x0000000020001bf8                . = ALIGN (0x4)
                0x0000000020001bf8                _ebss = .
                0x0000000020001bf8                __bss_end__ = _ebss

._user_heap_stack
                0x0000000020001bf8      0x600 load address 0x000000000800e588
                0x0000000020001bf8                . = ALIGN (0x8)
                [!provide]                        PROVIDE (end = .)
                0x0000000020001bf8                PROVIDE (_end = .)
                0x0000000020001df8                . = (. + _Min_Heap_Size)
 *fill*         0x0000000020001bf8      0x200 
                0x00000000200021f8                . = (. + _Min_Stack_Size)
 *fill*         0x0000000020001df8      0x400 
                0x00000000200021f8                . = ALIGN (0x8)

/DISCARD/
 libc.a(*)
 libm.a(*)
 libgcc.a(*)

.ARM.attributes
                0x0000000000000000       0x30
 *(.ARM.attributes)
 .ARM.attributes
                0x0000000000000000       0x1e c:/st/stm32cubeide_1.10.1/stm32cubeide/plugins/com.st.stm32cube.ide.mcu.externaltools.gnu-tools-for-stm32.10.3-2021.10.win32_1.0.0.202111181127/tools/bin/../lib/gcc/arm-none-eabi/10.3.1/thumb/v7e-m+fp/hard/crti.o
 .ARM.attributes
                0x000000000000001e       0x34 c:/st/stm32cubeide_1.10.1/stm32cubeide/plugins/com.st.stm32cube.ide.mcu.externaltools.gnu-tools-for-stm32.10.3-2021.10.win32_1.0.0.202111181127/tools/bin/../lib/gcc/arm-none-eabi/10.3.1/thumb/v7e-m+fp/hard/crtbegin.o
 .ARM.attributes
                0x0000000000000052       0x34 ./Drivers/STM32L4xx_HAL_Driver/Src/stm32l4xx_hal.o
 .ARM.attributes