Archive member included to satisfy reference by file (symbol)

c:/st/stm32cubeide_1.10.1/stm32cubeide/plugins/com.st.stm32cube.ide.mcu.externaltools.gnu-tools-for-stm32.10.3-2021.10.win32_1.0.0.202111181127/tools/bin/../lib/gcc/arm-none-eabi/10.3.1/../../../../arm-none-eabi/lib/thumb/v7e-m+fp/hard\libc_nano.a(lib_a-ctype_.o)
                              ./Src/MorseConversionLayer.o (_ctype_)
c:/st/stm32cubeide_1.10.1/stm32cubeide/plugins/com.st.stm32cube.ide.mcu.externaltools.gnu-tools-for-stm32.10.3-2021.10.win32_1.0.0.202111181127/tools/bin/../lib/gcc/arm-none-eabi/10.3.1/../../../../arm-none-eabi/lib/thumb/v7e-m+fp/hard\libc_nano.a(lib_a-errno.o)
                              ./Src/syscalls.o (__errno)
c:/st/stm32cubeide_1.10.1/stm32cubeide/plugins/com.st.stm32cube.ide.mcu.externaltools.gnu-tools-for-stm32.10.3-2021.10.win32_1.0.0.202111181127/tools/bin/../lib/gcc/arm-none-eabi/10.3.1/../../../../arm-none-eabi/lib/thumb/v7e-m+fp/hard\libc_nano.a(lib_a-exit.o)
                              c:/st/stm32cubeide_1.10.1/stm32cubeide/plugins/com.st.stm32cube.ide.mcu.externaltools.gnu-tools-for-stm32.10.3-2021.10.win32_1.0.0.202111181127/tools/bin/../lib/gcc/arm-none-eabi/10.3.1/../../../../arm-none-eabi/lib/thumb/v7e-m+fp/hard/crt0.o (exit)
c:/st/stm32cubeide_1.10.1/stm32cubeide/plugins/com.st.stm32cube.ide.mcu.externaltools.gnu-tools-for-stm32.10.3-2021.10.win32_1.0.0.202111181127/tools/bin/../lib/gcc/arm-none-eabi/10.3.1/../../../../arm-none-eabi/lib/thumb/v7e-m+fp/hard\libc_nano.a(lib_a-impure.o)
                              c:/st/stm32cubeide_1.10.1/stm32cubeide/plugins/com.st.stm32cube.ide.mcu.externaltools.gnu-tools-for-stm32.10.3-2021.10.win32_1.0.0.202111181127/tools/bin/../lib/gcc/arm-none-eabi/10.3.1/../../../../arm-none-eabi/lib/thumb/v7e-m+fp/hard\libc_nano.a(lib_a-exit.o) (_global_impure_ptr)
c:/st/stm32cubeide_1.10.1/stm32cubeide/plugins/com.st.stm32cube.ide.mcu.externaltools.gnu-tools-for-stm32.10.3-2021.10.win32_1.0.0.202111181127/tools/bin/../lib/gcc/arm-none-eabi/10.3.1/../../../../arm-none-eabi/lib/thumb/v7e-m+fp/hard\libc_nano.a(lib_a-init.o)
                              c:/st/stm32cubeide_1.10.1/stm32cubeide/plugins/com.st.stm32cube.ide.mcu.externaltools.gnu-tools-for-stm32.10.3-2021.10.win32_1.0.0.202111181127/tools/bin/../lib/gcc/arm-none-eabi/10.3.1/../../../../arm-none-eabi/lib/thumb/v7e-m+fp/hard/crt0.o (__libc_init_array)
c:/st/stm32cubeide_1.10.1/stm32cubeide/plugins/com.st.stm32cube.ide.mcu.externaltools.gnu-tools-for-stm32.10.3-2021.10.win32_1.0.0.202111181127/tools/bin/../lib/gcc/arm-none-eabi/10.3.1/../../../../arm-none-eabi/lib/thumb/v7e-m+fp/hard\libc_nano.a(lib_a-memcpy-stub.o)
                              ./Middlewares/Third_Party/FreeRTOS/Source/queue.o (memcpy)
c:/st/stm32cubeide_1.10.1/stm32cubeide/plugins/com.st.stm32cube.ide.mcu.externaltools.gnu-tools-for-stm32.10.3-2021.10.win32_1.0.0.202111181127/tools/bin/../lib/gcc/arm-none-eabi/10.3.1/../../../../arm-none-eabi/lib/thumb/v7e-m+fp/hard\libc_nano.a(lib_a-memset.o)
                              c:/st/stm32cubeide_1.10.1/stm32cubeide/plugins/com.st.stm32cube.ide.mcu.externaltools.gnu-tools-for-stm32.10.3-2021.10.win32_1.0.0.202111181127/tools/bin/../lib/gcc/arm-none-eabi/10.3.1/../../../../arm-none-eabi/lib/thumb/v7e-m+fp/hard/crt0.o (memset)
c:/st/stm32cubeide_1.10.1/stm32cubeide/plugins/com.st.stm32cube.ide.mcu.externaltools.gnu-tools-for-stm32.10.3-2021.10.win32_1.0.0.202111181127/tools/bin/../lib/gcc/arm-none-eabi/10.3.1/../../../../arm-none-eabi/lib/thumb/v7e-m+fp/hard\libc_nano.a(lib_a-printf.o)
                              ./Src/main.o (printf)
c:/st/stm32cubeide_1.10.1/stm32cubeide/plugins/com.st.stm32cube.ide.mcu.externaltools.gnu-tools-for-stm32.10.3-2021.10.win32_1.0.0.202111181127/tools/bin/../lib/gcc/arm-none-eabi/10.3.1/../../../../arm-none-eabi/lib/thumb/v7e-m+fp/hard\libc_nano.a(lib_a-snprintf.o)
                              ./Src/main.o (snprintf)
c:/st/stm32cubeide_1.10.1/stm32cubeide/plugins/com.st.stm32cube.ide.mcu.externaltools.gnu-tools-for-stm32.10.3-2021.10.win32_1.0.0.202111181127/tools/bin/../lib/gcc/arm-none-eabi/10.3.1/../../../../arm-none-eabi/lib/thumb/v7e-m+fp/hard\libc_nano.a(lib_a-strcmp.o)
                              ./Src/MorseConversionLayer.o (strcmp)
c:/st/stm32cubeide_1.10.1/stm32cubeide/plugins/com.st.stm32cube.ide.mcu.externaltools.gnu-tools-for-stm32.10.3-2021.10.win32_1.0.0.202111181127/tools/bin/../lib/gcc/arm-none-eabi/10.3.1/../../../../arm-none-eabi/lib/thumb/v7e-m+fp/hard\libc_nano.a(lib_a-strcpy.o)
                              ./Src/vl53l0x_api_core.o (strcpy)
c:/st/stm32cubeide_1.10.1/stm32cubeide/plugins/com.st.stm32cube.ide.mcu.externaltools.gnu-tools-for-stm32.10.3-2021.10.win32_1.0.0.202111181127/tools/bin/../lib/gcc/arm-none-eabi/10.3.1/../../../../arm-none-eabi/lib/thumb/v7e-m+fp/hard\libc_nano.a(lib_a-strlen.o)
                              ./Src/main.o (strlen)
[...]
Memory Configuration

Name             Origin             Length             Attributes
RAM              0x0000000020000000 0x00000000000a0000 xrw
RAM2             0x0000000010000000 0x0000000000010000 xrw
RAM3             0x0000000020040000 0x0000000000060000 xrw
FLASH            0x0000000008000000 0x0000000000200000 xr
*default*        0x0000000000000000 0xffffffffffffffff

Linker script and memory map

LOAD c:/st/stm32cubeide_1.10.1/stm32cubeide/plugins/com.st.stm32cube.ide.mcu.externaltools.gnu-tools-for-stm32.10.3-2021.10.win32_1.0.0.202111181127/tools/bin/../lib/gcc/arm-none-eabi/10.3.1/thumb/v7e-m+fp/hard/crti.o
LOAD c:/st/stm32cubeide_1.10.1/stm32cubeide/plugins/com.st.stm32cube.ide.mcu.externaltools.gnu-tools-for-stm32.10.3-2021.10.win32_1.0.0.202111181127/tools/bin/../lib/gcc/arm-none-eabi/10.3.1/thumb/v7e-m+fp/hard/crtbegin.o
LOAD c:/st/stm32cubeide_1.10.1/stm32cubeide/plugins/com.st.stm32cube.ide.mcu.externaltools.gnu-tools-for-stm32.10.3-2021.10.win32_1.0.0.202111181127/tools/bin/../lib/gcc/arm-none-eabi/10.3.1/../../../../arm-none-eabi/lib/thumb/v7e-m+fp/hard/crt0.o
LOAD ./Drivers/STM32L4xx_HAL_Driver/Src/stm32l4xx_hal.o
LOAD ./Drivers/STM32L4xx_HAL_Driver/Src/stm32l4xx_hal_cortex.o
LOAD ./Drivers/STM32L4xx_HAL_Driver/Src/stm32l4xx_hal_dac.o
LOAD ./Drivers/STM32L4xx_HAL_Driver/Src/stm32l4xx_hal_dac_ex.o
LOAD ./Drivers/STM32L4xx_HAL_Driver/Src/stm32l4xx_hal_dfsdm.o
LOAD ./Drivers/STM32L4xx_HAL_Driver/Src/stm32l4xx_hal_dfsdm_ex.o
LOAD ./Drivers/STM32L4xx_HAL_Driver/Src/stm32l4xx_hal_dma.o
LOAD ./Drivers/STM32L4xx_HAL_Driver/Src/stm32l4xx_hal_dma_ex.o
LOAD ./Drivers/STM32L4xx_HAL_Driver/Src/stm32l4xx_hal_exti.o
LOAD ./Drivers/STM32L4xx_HAL_Driver/Src/stm32l4xx_hal_flash.o
LOAD ./Drivers/STM32L4xx_HAL_Driver/Src/stm32l4xx_hal_flash_ex.o
LOAD ./Drivers/STM32L4xx_HAL_Driver/Src/stm32l4xx_hal_flash_ramfunc.o
LOAD ./Drivers/STM32L4xx_HAL_Driver/Src/stm32l4xx_hal_gpio.o
LOAD ./Drivers/STM32L4xx_HAL_Driver/Src/stm32l4xx_hal_i2c.o
LOAD ./Drivers/STM32L4xx_HAL_Driver/Src/stm32l4xx_hal_i2c_ex.o
LOAD ./Drivers/STM32L4xx_HAL_Driver/Src/stm32l4xx_hal_ospi.o
LOAD ./Drivers/STM32L4xx_HAL_Driver/Src/stm32l4xx_hal_pwr.o
LOAD ./Drivers/STM32L4xx_HAL_Driver/Src/stm32l4xx_hal_pwr_ex.o
LOAD ./Drivers/STM32L4xx_HAL_Driver/Src/stm32l4xx_hal_rcc.o
LOAD ./Drivers/STM32L4xx_HAL_Driver/Src/stm32l4xx_hal_rcc_ex.o
LOAD ./Drivers/STM32L4xx_HAL_Driver/Src/stm32l4xx_hal_tim.o
LOAD ./Drivers/STM32L4xx_HAL_Driver/Src/stm32l4xx_hal_tim_ex.o
LOAD ./Drivers/STM32L4xx_HAL_Driver/Src/stm32l4xx_hal_uart.o
LOAD ./Drivers/STM32L4xx_HAL_Driver/Src/stm32l4xx_hal_uart_ex.o
LOAD ./Middlewares/Third_Party/FreeRTOS/Source/CMSIS_RTOS/cmsis_os.o
LOAD ./Middlewares/Third_Party/FreeRTOS/Source/croutine.o
LOAD ./Middlewares/Third_Party/FreeRTOS/Source/event_groups.o
LOAD ./Middlewares/Third_Party/FreeRTOS/Source/list.o
LOAD ./Middlewares/Third_Party/FreeRTOS/Source/queue.o
LOAD ./Middlewares/Third_Party/FreeRTOS/Source/stream_buffer.o
LOAD ./Middlewares/Third_Party/FreeRTOS/Source/tasks.o
LOAD ./Middlewares/Third_Party/FreeRTOS/Source/timers.o
LOAD ./Middlewares/Third_Party/FreeRTOS/Source/portable/GCC/ARM_CM4F/port.o
LOAD ./Middlewares/Third_Party/FreeRTOS/Source/portable/MemMang/heap_4.o
LOAD ./Src/MorseConversionLayer.o
LOAD ./Src/freertos.o
LOAD ./Src/hts221.o
LOAD ./Src/lis3mdl.o
LOAD ./Src/lps22hb.o
LOAD ./Src/lsm6dsl.o
LOAD ./Src/main.o
LOAD ./Src/stm32l4s5i_iot01.o
LOAD ./Src/stm32l4s5i_iot01_accelero.o
LOAD ./Src/stm32l4s5i_iot01_gyro.o
LOAD ./Src/stm32l4s5i_iot01_hsensor.o
LOAD ./Src/stm32l4s5i_iot01_magneto.o
LOAD ./Src/stm32l4s5i_iot01_psensor.o
LOAD ./Src/stm32l4s5i_iot01_qspi.o
LOAD ./Src/stm32l4s5i_iot01_tsensor.o
LOAD ./Src/stm32l4xx_hal_msp.o
LOAD ./Src/stm32l4xx_hal_timebase_tim.o
LOAD ./Src/stm32l4xx_it.o
LOAD ./Src/syscalls.o
LOAD ./Src/sysmem.o
LOAD ./Src/system_stm32l4xx.o
LOAD ./Src/vl53l0x_api.o
LOAD ./Src/vl53l0x_api_calibration.o
LOAD ./Src/vl53l0x_api_core.o
LOAD ./Src/vl53l0x_api_ranging.o
LOAD ./Src/vl53l0x_api_strings.o
LOAD ./Src/vl53l0x_platform.o
LOAD ./Startup/startup_stm32l4s5vitx.o
START GROUP
LOAD c:/st/stm32cubeide_1.10.1/stm32cubeide/plugins/com.st.stm32cube.ide.mcu.externaltools.gnu-tools-for-stm32.10.3-2021.10.win32_1.0.0.202111181127/tools/bin/../lib/gcc/arm-none-eabi/10.3.1/../../../../arm-none-eabi/lib/thumb/v7e-m+fp/hard\libc_nano.a
LOAD c:/st/stm32cubeide_1.10.1/stm32cubeide/plugins/com.st.stm32cube.ide.mcu.externaltools.gnu-tools-for-stm32.10.3-2021.10.win32_1.0.0.202111181127/tools/bin/../lib/gcc/arm-none-eabi/10.3.1/../../../../arm-none-eabi/lib/thumb/v7e-m+fp/hard\libm.a
END GROUP
START GROUP
LOAD c:/st/stm32cubeide_1.10.1/stm32cubeide/plugins/com.st.stm32cube.ide.mcu.externaltools.gnu-tools-for-stm32.10.3-2021.10.win32_1.0.0.202111181127/tools/bin/../lib/gcc/arm-none-eabi/10.3.1/thumb/v7e-m+fp/hard\libgcc.a
LOAD c:/st/stm32cubeide_1.10.1/stm32cubeide/plugins/com.st.stm32cube.ide.mcu.externaltools.gnu-tools-for-stm32.10.3-2021.10.win32_1.0.0.202111181127/tools/bin/../lib/gcc/arm-none-eabi/10.3.1/../../../../arm-none-eabi/lib/thumb/v7e-m+fp/hard\libc_nano.a
END GROUP
START GROUP
LOAD c:/st/stm32cubeide_1.10.1/stm32cubeide/plugins/com.st.stm32cube.ide.mcu.externaltools.gnu-tools-for-stm32.10.3-2021.10.win32_1.0.0.202111181127/tools/bin/../lib/gcc/arm-none-eabi/10.3.1/thumb/v7e-m+fp/hard\libgcc.a
LOAD c:/st/stm32cubeide_1.10.1/stm32cubeide/plugins/com.st.stm32cube.ide.mcu.externaltools.gnu-tools-for-stm32.10.3-2021.10.win32_1.0.0.202111181127/tools/bin/../lib/gcc/arm-none-eabi/10.3.1/../../../../arm-none-eabi/lib/thumb/v7e-m+fp/hard\libc_nano.a
LOAD c:/st/stm32cubeide_1.10.1/stm32cubeide/plugins/com.st.stm32cube.ide.mcu.externaltools.gnu-tools-for-stm32.10.3-2021.10.win32_1.0.0.202111181127/tools/bin/../lib/gcc/arm-none-eabi/10.3.1/../../../../arm-none-eabi/lib/thumb/v7e-m+fp/hard\libnosys.a
END GROUP
START GROUP
LOAD c:/st/stm32cubeide_1.10.1/stm32cubeide/plugins/com.st.stm32cube.ide.mcu.externaltools.gnu-tools-for-stm32.10.3-2021.10.win32_1.0.0.202111181127/tools/bin/../lib/gcc/arm-none-eabi/10.3.1/thumb/v7e-m+fp/hard\libgcc.a
LOAD c:/st/stm32cubeide_1.10.1/stm32cubeide/plugins/com.st.stm32cube.ide.mcu.externaltools.gnu-tools-for-stm32.10.3-2021.10.win32_1.0.0.202111181127/tools/bin/../lib/gcc/arm-none-eabi/10.3.1/../../../../arm-none-eabi/lib/thumb/v7e-m+fp/hard\libc_nano.a
LOAD c:/st/stm32cubeide_1.10.1/stm32cubeide/plugins/com.st.stm32cube.ide.mcu.externaltools.gnu-tools-for-stm32.10.3-2021.10.win32_1.0.0.202111181127/tools/bin/../lib/gcc/arm-none-eabi/10.3.1/../../../../arm-none-eabi/lib/thumb/v7e-m+fp/hard\libnosys.a
END GROUP
LOAD c:/st/stm32cubeide_1.10.1/stm32cubeide/plugins/com.st.stm32cube.ide.mcu.externaltools.gnu-tools-for-stm32.10.3-2021.10.win32_1.0.0.202111181127/tools/bin/../lib/gcc/arm-none-eabi/10.3.1/thumb/v7e-m+fp/hard/crtend.o
LOAD c:/st/stm32cubeide_1.10.1/stm32cubeide/plugins/com.st.stm32cube.ide.mcu.externaltools.gnu-tools-for-stm32.10.3-2021.10.win32_1.0.0.202111181127/tools/bin/../lib/gcc/arm-none-eabi/10.3.1/thumb/v7e-m+fp/hard/crtn.o
                0x00000000200a0000                _estack = (ORIGIN (RAM) + LENGTH (RAM))
                0x0000000000000200                _Min_Heap_Size = 0x200
                0x0000000000000400                _Min_Stack_Size = 0x400

.isr_vector     0x0000000008000000      0x1bc
                0x0000000008000000                . = ALIGN (0x4)
 *(.isr_vector)
 .isr_vector    0x0000000008000000      0x1bc ./Startup/startup_stm32l4s5vitx.o
                0x0000000008000000                g_pfnVectors
                0x00000000080001bc                . = ALIGN (0x4)

.text           0x00000000080001c0    0x10db0
                0x00000000080001c0                . = ALIGN (0x4)
 *(.text)
 .text          0x00000000080001c0       0x40 c:/st/stm32cubeide_1.10.1/stm32cubeide/plugins/com.st.stm32cube.ide.mcu.externaltools.gnu-tools-for-stm32.10.3-2021.10.win32_1.0.0.202111181127/tools/bin/../lib/gcc/arm-none-eabi/10.3.1/thumb/v7e-m+fp/hard/crtbegin.o
 .text          0x0000000008000200       0x14 c:/st/stm32cubeide_1.10.1/stm32cubeide/plugins/com.st.stm32cube.ide.mcu.externaltools.gnu-tools-for-stm32.10.3-2021.10.win32_1.0.0.202111181127/tools/bin/../lib/gcc/arm-none-eabi/10.3.1/../../../../arm-none-eabi/lib/thumb/v7e-m+fp/hard\libc_nano.a(lib_a-strcmp.o)
                0x0000000008000200                strcmp
 .text          0x0000000008000214       0x10 c:/st/stm32cubeide_1.10.1/stm32cubeide/plugins/com.st.stm32cube.ide.mcu.externaltools.gnu-tools-for-stm32.10.3-2021.10.win32_1.0.0.202111181127/tools/bin/../lib/gcc/arm-none-eabi/10.3.1/../../../../arm-none-eabi/lib/thumb/v7e-m+fp/hard\libc_nano.a(lib_a-strlen.o)
                0x0000000008000214                strlen
 *fill*         0x0000000008000224        0xc 
 .text          0x0000000008000230       0xa0 c:/st/stm32cubeide_1.10.1/stm32cubeide/plugins/com.st.stm32cube.ide.mcu.externaltools.gnu-tools-for-stm32.10.3-2021.10.win32_1.0.0.202111181127/tools/bin/../lib/gcc/arm-none-eabi/10.3.1/../../../../arm-none-eabi/lib/thumb/v7e-m+fp/hard\libc_nano.a(lib_a-memchr.o)
                0x0000000008000230                memchr
 .text          0x00000000080002d0       0x30 c:/st/stm32cubeide_1.10.1/stm32cubeide/plugins/com.st.stm32cube.ide.mcu.externaltools.gnu-tools-for-stm32.10.3-2021.10.win32_1.0.0.202111181127/tools/bin/../lib/gcc/arm-none-eabi/10.3.1/thumb/v7e-m+fp/hard\libgcc.a(_aeabi_uldivmod.o)
                0x00000000080002d0                __aeabi_uldivmod
 .text          0x0000000008000300      0x2d0 c:/st/stm32cubeide_1.10.1/stm32cubeide/plugins/com.st.stm32cube.ide.mcu.externaltools.gnu-tools-for-stm32.10.3-2021.10.win32_1.0.0.202111181127/tools/bin/../lib/gcc/arm-none-eabi/10.3.1/thumb/v7e-m+fp/hard\libgcc.a(_udivmoddi4.o)
                0x0000000008000300                __udivmoddi4
 .text          0x00000000080005d0        0x4 c:/st/stm32cubeide_1.10.1/stm32cubeide/plugins/com.st.stm32cube.ide.mcu.externaltools.gnu-tools-for-stm32.10.3-2021.10.win32_1.0.0.202111181127/tools/bin/../lib/gcc/arm-none-eabi/10.3.1/thumb/v7e-m+fp/hard\libgcc.a(_dvmd_tls.o)
                0x00000000080005d0                __aeabi_idiv0
                0x00000000080005d0                __aeabi_ldiv0
 *(.text*)
 .text.HAL_Init
                0x00000000080005d4       0x30 ./Drivers/STM32L4xx_HAL_Driver/Src/stm32l4xx_hal.o
                0x00000000080005d4                HAL_Init
 .text.HAL_IncTick
                0x0000000008000604       0x28 ./Drivers/STM32L4xx_HAL_Driver/Src/stm32l4xx_hal.o
                0x0000000008000604                HAL_IncTick
 .text.HAL_GetTick
                0x000000000800062c       0x18 ./Drivers/STM32L4xx_HAL_Driver/Src/stm32l4xx_hal.o
                0x000000000800062c                HAL_GetTick
 .text.HAL_Delay
                0x0000000008000644       0x48 ./Drivers/STM32L4xx_HAL_Driver/Src/stm32l4xx_hal.o
                0x0000000008000644                HAL_Delay
 .text.__NVIC_SetPriorityGrouping
                0x000000000800068c       0x48 ./Drivers/STM32L4xx_HAL_Driver/Src/stm32l4xx_hal_cortex.o
 .text.__NVIC_GetPriorityGrouping
                0x00000000080006d4       0x1c ./Drivers/STM32L4xx_HAL_Driver/Src/stm32l4xx_hal_cortex.o
 .text.__NVIC_EnableIRQ
                0x00000000080006f0       0x3c ./Drivers/STM32L4xx_HAL_Driver/Src/stm32l4xx_hal_cortex.o
 .text.__NVIC_SetPriority
                0x000000000800072c       0x54 ./Drivers/STM32L4xx_HAL_Driver/Src/stm32l4xx_hal_cortex.o
 .text.NVIC_EncodePriority
                0x0000000008000780       0x66 ./Drivers/STM32L4xx_HAL_Driver/Src/stm32l4xx_hal_cortex.o
 .text.HAL_NVIC_SetPriorityGrouping
                0x00000000080007e6       0x16 ./Drivers/STM32L4xx_HAL_Driver/Src/stm32l4xx_hal_cortex.o
                0x00000000080007e6                HAL_NVIC_SetPriorityGrouping
 .text.HAL_NVIC_SetPriority
                0x00000000080007fc       0x38 ./Drivers/STM32L4xx_HAL_Driver/Src/stm32l4xx_hal_cortex.o
                0x00000000080007fc                HAL_NVIC_SetPriority
 .text.HAL_NVIC_EnableIRQ
                0x0000000008000834       0x1c ./Drivers/STM32L4xx_HAL_Driver/Src/stm32l4xx_hal_cortex.o
                0x0000000008000834                HAL_NVIC_EnableIRQ
 .text.HAL_DAC_Init
                0x0000000008000850       0x44 ./Drivers/STM32L4xx_HAL_Driver/Src/stm32l4xx_hal_dac.o
                0x0000000008000850                HAL_DAC_Init
 .text.HAL_DAC_Start_DMA
                0x0000000008000894      0x198 ./Drivers/STM32L4xx_HAL_Driver/Src/stm32l4xx_hal_dac.o
                0x0000000008000894                HAL_DAC_Start_DMA
 .text.HAL_DAC_IRQHandler
                0x0000000008000a2c       0xb4 ./Drivers/STM32L4xx_HAL_Driver/Src/stm32l4xx_hal_dac.o
                0x0000000008000a2c                HAL_DAC_IRQHandler
 .text.HAL_DAC_ConvCpltCallbackCh1
                0x0000000008000ae0       0x14 ./Drivers/STM32L4xx_HAL_Driver/Src/stm32l4xx_hal_dac.o
                0x0000000008000ae0                HAL_DAC_ConvCpltCallbackCh1
 .text.HAL_DAC_ConvHalfCpltCallbackCh1
                0x0000000008000af4       0x14 ./Drivers/STM32L4xx_HAL_Driver/Src/stm32l4xx_hal_dac.o
                0x0000000008000af4                HAL_DAC_ConvHalfCpltCallbackCh1
 .text.HAL_DAC_ErrorCallbackCh1
                0x0000000008000b08       0x14 ./Drivers/STM32L4xx_HAL_Driver/Src/stm32l4xx_hal_dac.o
                0x0000000008000b08                HAL_DAC_ErrorCallbackCh1
 .text.HAL_DAC_DMAUnderrunCallbackCh1
                0x0000000008000b1c       0x14 ./Drivers/STM32L4xx_HAL_Driver/Src/stm32l4xx_hal_dac.o
                0x0000000008000b1c                HAL_DAC_DMAUnderrunCallbackCh1
 .text.HAL_DAC_ConfigChannel
                0x0000000008000b30      0x280 ./Drivers/STM32L4xx_HAL_Driver/Src/stm32l4xx_hal_dac.o
                0x0000000008000b30                HAL_DAC_ConfigChannel
 .text.DAC_DMAConvCpltCh1
                0x0000000008000db0       0x22 ./Drivers/STM32L4xx_HAL_Driver/Src/stm32l4xx_hal_dac.o
                0x0000000008000db0                DAC_DMAConvCpltCh1
 .text.DAC_DMAHalfConvCpltCh1
                0x0000000008000dd2       0x1c ./Drivers/STM32L4xx_HAL_Driver/Src/stm32l4xx_hal_dac.o
                0x0000000008000dd2                DAC_DMAHalfConvCpltCh1
 .text.DAC_DMAErrorCh1
                0x0000000008000dee       0x2e ./Drivers/STM32L4xx_HAL_Driver/Src/stm32l4xx_hal_dac.o
                0x0000000008000dee                DAC_DMAErrorCh1
 .text.HAL_DACEx_ConvCpltCallbackCh2
                0x0000000008000e1c       0x14 ./Drivers/STM32L4xx_HAL_Driver/Src/stm32l4xx_hal_dac_ex.o
                0x0000000008000e1c                HAL_DACEx_ConvCpltCallbackCh2
 .text.HAL_DACEx_ConvHalfCpltCallbackCh2
                0x0000000008000e30       0x14 ./Drivers/STM32L4xx_HAL_Driver/Src/stm32l4xx_hal_dac_ex.o
                0x0000000008000e30                HAL_DACEx_ConvHalfCpltCallbackCh2
 .text.HAL_DACEx_ErrorCallbackCh2
                0x0000000008000e44       0x14 ./Drivers/STM32L4xx_HAL_Driver/Src/stm32l4xx_hal_dac_ex.o
                0x0000000008000e44                HAL_DACEx_ErrorCallbackCh2
 .text.HAL_DACEx_DMAUnderrunCallbackCh2
                0x0000000008000e58       0x14 ./Drivers/STM32L4xx_HAL_Driver/Src/stm32l4xx_hal_dac_ex.o
                0x0000000008000e58                HAL_DACEx_DMAUnderrunCallbackCh2
 .text.DAC_DMAConvCpltCh2
                0x0000000008000e6c       0x22 ./Drivers/STM32L4xx_HAL_Driver/Src/stm32l4xx_hal_dac_ex.o
                0x0000000008000e6c                DAC_DMAConvCpltCh2
 .text.DAC_DMAHalfConvCpltCh2
                0x0000000008000e8e       0x1c ./Drivers/STM32L4xx_HAL_Driver/Src/stm32l4xx_hal_dac_ex.o
                0x0000000008000e8e                DAC_DMAHalfConvCpltCh2
 .text.DAC_DMAErrorCh2
                0x0000000008000eaa       0x2e ./Drivers/STM32L4xx_HAL_Driver/Src/stm32l4xx_hal_dac_ex.o
                0x0000000008000eaa                DAC_DMAErrorCh2
 .text.HAL_DFSDM_ChannelInit
                0x0000000008000ed8      0x180 ./Drivers/STM32L4xx_HAL_Driver/Src/stm32l4xx_hal_dfsdm.o
                0x0000000008000ed8                HAL_DFSDM_ChannelInit
 .text.HAL_DFSDM_ChannelCkabCallback
                0x0000000008001058       0x14 ./Drivers/STM32L4xx_HAL_Driver/Src/stm32l4xx_hal_dfsdm.o
                0x0000000008001058                HAL_DFSDM_ChannelCkabCallback
 .text.HAL_DFSDM_ChannelScdCallback
                0x000000000800106c       0x14 ./Drivers/STM32L4xx_HAL_Driver/Src/stm32l4xx_hal_dfsdm.o
                0x000000000800106c                HAL_DFSDM_ChannelScdCallback
 .text.HAL_DFSDM_FilterInit
                0x0000000008001080      0x1b4 ./Drivers/STM32L4xx_HAL_Driver/Src/stm32l4xx_hal_dfsdm.o
                0x0000000008001080                HAL_DFSDM_FilterInit
 .text.HAL_DFSDM_FilterConfigRegChannel
                0x0000000008001234       0x8a ./Drivers/STM32L4xx_HAL_Driver/Src/stm32l4xx_hal_dfsdm.o
                0x0000000008001234                HAL_DFSDM_FilterConfigRegChannel
 *fill*         0x00000000080012be        0x2 
 .text.HAL_DFSDM_IRQHandler
                0x00000000080012c0      0x2cc ./Drivers/STM32L4xx_HAL_Driver/Src/stm32l4xx_hal_dfsdm.o
                0x00000000080012c0                HAL_DFSDM_IRQHandler
 .text.HAL_DFSDM_FilterInjConvCpltCallback
                0x000000000800158c       0x14 ./Drivers/STM32L4xx_HAL_Driver/Src/stm32l4xx_hal_dfsdm.o
                0x000000000800158c                HAL_DFSDM_FilterInjConvCpltCallback
 .text.HAL_DFSDM_FilterAwdCallback
                0x00000000080015a0       0x18 ./Drivers/STM32L4xx_HAL_Driver/Src/stm32l4xx_hal_dfsdm.o
                0x00000000080015a0                HAL_DFSDM_FilterAwdCallback
 .text.HAL_DFSDM_FilterErrorCallback
                0x00000000080015b8       0x14 ./Drivers/STM32L4xx_HAL_Driver/Src/stm32l4xx_hal_dfsdm.o
                0x00000000080015b8                HAL_DFSDM_FilterErrorCallback
 .text.DFSDM_GetChannelFromInstance
                0x00000000080015cc       0x98 ./Drivers/STM32L4xx_HAL_Driver/Src/stm32l4xx_hal_dfsdm.o
 .text.HAL_DMA_Init
                0x0000000008001664      0x150 ./Drivers/STM32L4xx_HAL_Driver/Src/stm32l4xx_hal_dma.o
                0x0000000008001664                HAL_DMA_Init
 .text.HAL_DMA_Start_IT
                0x00000000080017b4       0xf6 ./Drivers/STM32L4xx_HAL_Driver/Src/stm32l4xx_hal_dma.o
                0x00000000080017b4                HAL_DMA_Start_IT
 .text.HAL_DMA_Abort
                0x00000000080018aa       0xb8 ./Drivers/STM32L4xx_HAL_Driver/Src/stm32l4xx_hal_dma.o
                0x00000000080018aa                HAL_DMA_Abort
 .text.HAL_DMA_Abort_IT
                0x0000000008001962       0xbe ./Drivers/STM32L4xx_HAL_Driver/Src/stm32l4xx_hal_dma.o
                0x0000000008001962                HAL_DMA_Abort_IT
 .text.HAL_DMA_IRQHandler
                0x0000000008001a20      0x15e ./Drivers/STM32L4xx_HAL_Driver/Src/stm32l4xx_hal_dma.o
                0x0000000008001a20                HAL_DMA_IRQHandler
 .text.DMA_SetConfig
                0x0000000008001b7e       0x7c ./Drivers/STM32L4xx_HAL_Driver/Src/stm32l4xx_hal_dma.o
 *fill*         0x0000000008001bfa        0x2 
 .text.DMA_CalcDMAMUXChannelBaseAndMask
                0x0000000008001bfc       0x7c ./Drivers/STM32L4xx_HAL_Driver/Src/stm32l4xx_hal_dma.o
 .text.DMA_CalcDMAMUXRequestGenBaseAndMask
                0x0000000008001c78       0x48 ./Drivers/STM32L4xx_HAL_Driver/Src/stm32l4xx_hal_dma.o
 .text.HAL_GPIO_Init
                0x0000000008001cc0      0x324 ./Drivers/STM32L4xx_HAL_Driver/Src/stm32l4xx_hal_gpio.o
                0x0000000008001cc0                HAL_GPIO_Init
 .text.HAL_GPIO_DeInit
                0x0000000008001fe4      0x1e4 ./Drivers/STM32L4xx_HAL_Driver/Src/stm32l4xx_hal_gpio.o
                0x0000000008001fe4                HAL_GPIO_DeInit
 .text.HAL_GPIO_WritePin
                0x00000000080021c8       0x30 ./Drivers/STM32L4xx_HAL_Driver/Src/stm32l4xx_hal_gpio.o
                0x00000000080021c8                HAL_GPIO_WritePin
 .text.HAL_GPIO_EXTI_IRQHandler
                0x00000000080021f8       0x30 ./Drivers/STM32L4xx_HAL_Driver/Src/stm32l4xx_hal_gpio.o
                0x00000000080021f8                HAL_GPIO_EXTI_IRQHandler
 .text.HAL_I2C_Init
                0x0000000008002228      0x11e ./Drivers/STM32L4xx_HAL_Driver/Src/stm32l4xx_hal_i2c.o
                0x0000000008002228                HAL_I2C_Init
 *fill*         0x0000000008002346        0x2 
 .text.HAL_I2C_Master_Transmit
                0x0000000008002348      0x1e8 ./Drivers/STM32L4xx_HAL_Driver/Src/stm32l4xx_hal_i2c.o
                0x0000000008002348                HAL_I2C_Master_Transmit
 .text.HAL_I2C_Master_Receive
                0x0000000008002530      0x1ec ./Drivers/STM32L4xx_HAL_Driver/Src/stm32l4xx_hal_i2c.o
                0x0000000008002530                HAL_I2C_Master_Receive
 .text.I2C_Flush_TXDR
                0x000000000800271c       0x48 ./Drivers/STM32L4xx_HAL_Driver/Src/stm32l4xx_hal_i2c.o
 .text.I2C_WaitOnFlagUntilTimeout
                0x0000000008002764       0x80 ./Drivers/STM32L4xx_HAL_Driver/Src/stm32l4xx_hal_i2c.o
 .text.I2C_WaitOnTXISFlagUntilTimeout
                0x00000000080027e4       0x80 ./Drivers/STM32L4xx_HAL_Driver/Src/stm32l4xx_hal_i2c.o
 .text.I2C_WaitOnSTOPFlagUntilTimeout
                0x0000000008002864       0x78 ./Drivers/STM32L4xx_HAL_Driver/Src/stm32l4xx_hal_i2c.o
 .text.I2C_WaitOnRXNEFlagUntilTimeout
                0x00000000080028dc       0xf4 ./Drivers/STM32L4xx_HAL_Driver/Src/stm32l4xx_hal_i2c.o
 .text.I2C_IsErrorOccurred
                0x00000000080029d0      0x1d8 ./Drivers/STM32L4xx_HAL_Driver/Src/stm32l4xx_hal_i2c.o
 .text.I2C_TransferConfig
                0x0000000008002ba8       0x64 ./Drivers/STM32L4xx_HAL_Driver/Src/stm32l4xx_hal_i2c.o
 .text.HAL_I2CEx_ConfigAnalogFilter
                0x0000000008002c0c       0x96 ./Drivers/STM32L4xx_HAL_Driver/Src/stm32l4xx_hal_i2c_ex.o
                0x0000000008002c0c                HAL_I2CEx_ConfigAnalogFilter
 .text.HAL_I2CEx_ConfigDigitalFilter
                0x0000000008002ca2       0x98 ./Drivers/STM32L4xx_HAL_Driver/Src/stm32l4xx_hal_i2c_ex.o
                0x0000000008002ca2                HAL_I2CEx_ConfigDigitalFilter
 *fill*         0x0000000008002d3a        0x2 
 .text.HAL_OSPI_Init
                0x0000000008002d3c      0x154 ./Drivers/STM32L4xx_HAL_Driver/Src/stm32l4xx_hal_ospi.o
                0x0000000008002d3c                HAL_OSPI_Init
 .text.HAL_OSPI_DeInit
                0x0000000008002e90       0x4e ./Drivers/STM32L4xx_HAL_Driver/Src/stm32l4xx_hal_ospi.o
                0x0000000008002e90                HAL_OSPI_DeInit
 .text.HAL_OSPI_Command
                0x0000000008002ede      0x102 ./Drivers/STM32L4xx_HAL_Driver/Src/stm32l4xx_hal_ospi.o
                0x0000000008002ede                HAL_OSPI_Command
 .text.HAL_OSPI_Transmit
                0x0000000008002fe0       0xe6 ./Drivers/STM32L4xx_HAL_Driver/Src/stm32l4xx_hal_ospi.o
                0x0000000008002fe0                HAL_OSPI_Transmit
 .text.HAL_OSPI_Receive
                0x00000000080030c6      0x146 ./Drivers/STM32L4xx_HAL_Driver/Src/stm32l4xx_hal_ospi.o
                0x00000000080030c6                HAL_OSPI_Receive
 .text.HAL_OSPI_AutoPolling
                0x000000000800320c      0x10e ./Drivers/STM32L4xx_HAL_Driver/Src/stm32l4xx_hal_ospi.o
                0x000000000800320c                HAL_OSPI_AutoPolling
 .text.HAL_OSPI_SetTimeout
                0x000000000800331a       0x1e ./Drivers/STM32L4xx_HAL_Driver/Src/stm32l4xx_hal_ospi.o
                0x000000000800331a                HAL_OSPI_SetTimeout
 .text.HAL_OSPIM_Config
                0x0000000008003338      0x668 ./Drivers/STM32L4xx_HAL_Driver/Src/stm32l4xx_hal_ospi.o
                0x0000000008003338                HAL_OSPIM_Config
 .text.OSPI_WaitFlagStateUntilTimeout
                0x00000000080039a0       0x6e ./Drivers/STM32L4xx_HAL_Driver/Src/stm32l4xx_hal_ospi.o
 *fill*         0x0000000008003a0e        0x2 
 .text.OSPI_ConfigCmd
                0x0000000008003a10      0x2c4 ./Drivers/STM32L4xx_HAL_Driver/Src/stm32l4xx_hal_ospi.o
 .text.OSPIM_GetConfig
                0x0000000008003cd4      0x160 ./Drivers/STM32L4xx_HAL_Driver/Src/stm32l4xx_hal_ospi.o
 .text.HAL_PWREx_GetVoltageRange
                0x0000000008003e34       0x40 ./Drivers/STM32L4xx_HAL_Driver/Src/stm32l4xx_hal_pwr_ex.o
                0x0000000008003e34                HAL_PWREx_GetVoltageRange
 .text.HAL_PWREx_ControlVoltageScaling
                0x0000000008003e74      0x148 ./Drivers/STM32L4xx_HAL_Driver/Src/stm32l4xx_hal_pwr_ex.o
                0x0000000008003e74                HAL_PWREx_ControlVoltageScaling
 .text.HAL_RCC_OscConfig
                0x0000000008003fbc      0x834 ./Drivers/STM32L4xx_HAL_Driver/Src/stm32l4xx_hal_rcc.o
                0x0000000008003fbc                HAL_RCC_OscConfig
 .text.HAL_RCC_ClockConfig
                0x00000000080047f0      0x274 ./Drivers/STM32L4xx_HAL_Driver/Src/stm32l4xx_hal_rcc.o
                0x00000000080047f0                HAL_RCC_ClockConfig
 .text.HAL_RCC_GetSysClockFreq
                0x0000000008004a64      0x118 ./Drivers/STM32L4xx_HAL_Driver/Src/stm32l4xx_hal_rcc.o
                0x0000000008004a64                HAL_RCC_GetSysClockFreq
 .text.HAL_RCC_GetHCLKFreq
                0x0000000008004b7c       0x18 ./Drivers/STM32L4xx_HAL_Driver/Src/stm32l4xx_hal_rcc.o
                0x0000000008004b7c                HAL_RCC_GetHCLKFreq
 .text.HAL_RCC_GetPCLK1Freq
                0x0000000008004b94       0x2c ./Drivers/STM32L4xx_HAL_Driver/Src/stm32l4xx_hal_rcc.o
                0x0000000008004b94                HAL_RCC_GetPCLK1Freq
 .text.HAL_RCC_GetPCLK2Freq
                0x0000000008004bc0       0x2c ./Drivers/STM32L4xx_HAL_Driver/Src/stm32l4xx_hal_rcc.o
                0x0000000008004bc0                HAL_RCC_GetPCLK2Freq
 .text.HAL_RCC_GetClockConfig
                0x0000000008004bec       0x64 ./Drivers/STM32L4xx_HAL_Driver/Src/stm32l4xx_hal_rcc.o
                0x0000000008004bec                HAL_RCC_GetClockConfig
 .text.RCC_SetFlashLatencyFromMSIRange
                0x0000000008004c50       0xb4 ./Drivers/STM32L4xx_HAL_Driver/Src/stm32l4xx_hal_rcc.o
 .text.RCC_GetSysClockFreqFromPLLSource
                0x0000000008004d04       0xcc ./Drivers/STM32L4xx_HAL_Driver/Src/stm32l4xx_hal_rcc.o
 .text.HAL_RCCEx_PeriphCLKConfig
                0x0000000008004dd0      0x660 ./Drivers/STM32L4xx_HAL_Driver/Src/stm32l4xx_hal_rcc_ex.o
                0x0000000008004dd0                HAL_RCCEx_PeriphCLKConfig
 .text.RCCEx_PLLSAI1_Config
                0x0000000008005430      0x1e8 ./Drivers/STM32L4xx_HAL_Driver/Src/stm32l4xx_hal_rcc_ex.o
 .text.RCCEx_PLLSAI2_Config
                0x0000000008005618      0x1e8 ./Drivers/STM32L4xx_HAL_Driver/Src/stm32l4xx_hal_rcc_ex.o
 .text.HAL_TIM_Base_Init
                0x0000000008005800       0xae ./Drivers/STM32L4xx_HAL_Driver/Src/stm32l4xx_hal_tim.o
                0x0000000008005800                HAL_TIM_Base_Init
 *fill*         0x00000000080058ae        0x2 
 .text.HAL_TIM_Base_Start
                0x00000000080058b0       0xd0 ./Drivers/STM32L4xx_HAL_Driver/Src/stm32l4xx_hal_tim.o
                0x00000000080058b0                HAL_TIM_Base_Start
 .text.HAL_TIM_Base_Start_IT
                0x0000000008005980       0xe0 ./Drivers/STM32L4xx_HAL_Driver/Src/stm32l4xx_hal_tim.o
                0x0000000008005980                HAL_TIM_Base_Start_IT
 .text.HAL_TIM_IRQHandler
                0x0000000008005a60      0x23e ./Drivers/STM32L4xx_HAL_Driver/Src/stm32l4xx_hal_tim.o
                0x0000000008005a60                HAL_TIM_IRQHandler
 .text.HAL_TIM_ConfigClockSource
                0x0000000008005c9e      0x192 ./Drivers/STM32L4xx_HAL_Driver/Src/stm32l4xx_hal_tim.o
                0x0000000008005c9e                HAL_TIM_ConfigClockSource
 .text.HAL_TIM_OC_DelayElapsedCallback
                0x0000000008005e30       0x14 ./Drivers/STM32L4xx_HAL_Driver/Src/stm32l4xx_hal_tim.o
                0x0000000008005e30                HAL_TIM_OC_DelayElapsedCallback
 .text.HAL_TIM_IC_CaptureCallback
                0x0000000008005e44       0x14 ./Drivers/STM32L4xx_HAL_Driver/Src/stm32l4xx_hal_tim.o
                0x0000000008005e44                HAL_TIM_IC_CaptureCallback
 .text.HAL_TIM_PWM_PulseFinishedCallback
                0x0000000008005e58       0x14 ./Drivers/STM32L4xx_HAL_Driver/Src/stm32l4xx_hal_tim.o
                0x0000000008005e58                HAL_TIM_PWM_PulseFinishedCallback
 .text.HAL_TIM_TriggerCallback
                0x0000000008005e6c       0x14 ./Drivers/STM32L4xx_HAL_Driver/Src/stm32l4xx_hal_tim.o
                0x0000000008005e6c                HAL_TIM_TriggerCallback
 .text.TIM_Base_SetConfig
                0x0000000008005e80      0x134 ./Drivers/STM32L4xx_HAL_Driver/Src/stm32l4xx_hal_tim.o
                0x0000000008005e80                TIM_Base_SetConfig
 .text.TIM_TI1_ConfigInputStage
                0x0000000008005fb4       0x5e ./Drivers/STM32L4xx_HAL_Driver/Src/stm32l4xx_hal_tim.o
 .text.TIM_TI2_ConfigInputStage
                0x0000000008006012       0x60 ./Drivers/STM32L4xx_HAL_Driver/Src/stm32l4xx_hal_tim.o
 .text.TIM_ITRx_SetConfig
                0x0000000008006072       0x36 ./Drivers/STM32L4xx_HAL_Driver/Src/stm32l4xx_hal_tim.o
 .text.TIM_ETR_SetConfig
                0x00000000080060a8       0x40 ./Drivers/STM32L4xx_HAL_Driver/Src/stm32l4xx_hal_tim.o
                0x00000000080060a8                TIM_ETR_SetConfig
 .text.HAL_TIMEx_MasterConfigSynchronization
                0x00000000080060e8      0x110 ./Drivers/STM32L4xx_HAL_Driver/Src/stm32l4xx_hal_tim_ex.o
                0x00000000080060e8                HAL_TIMEx_MasterConfigSynchronization
 .text.HAL_TIMEx_CommutCallback
                0x00000000080061f8       0x14 ./Drivers/STM32L4xx_HAL_Driver/Src/stm32l4xx_hal_tim_ex.o
                0x00000000080061f8                HAL_TIMEx_CommutCallback
 .text.HAL_TIMEx_BreakCallback
                0x000000000800620c       0x14 ./Drivers/STM32L4xx_HAL_Driver/Src/stm32l4xx_hal_tim_ex.o
                0x000000000800620c                HAL_TIMEx_BreakCallback
 .text.HAL_TIMEx_Break2Callback
                0x0000000008006220       0x14 ./Drivers/STM32L4xx_HAL_Driver/Src/stm32l4xx_hal_tim_ex.o
                0x0000000008006220                HAL_TIMEx_Break2Callback
 .text.HAL_UART_Init
                0x0000000008006234       0xa0 ./Drivers/STM32L4xx_HAL_Driver/Src/stm32l4xx_hal_uart.o
                0x0000000008006234                HAL_UART_Init
 .text.HAL_UART_Transmit
                0x00000000080062d4      0x12e ./Drivers/STM32L4xx_HAL_Driver/Src/stm32l4xx_hal_uart.o
                0x00000000080062d4                HAL_UART_Transmit
 *fill*         0x0000000008006402        0x2 
 .text.HAL_UART_Receive_IT
                0x0000000008006404       0xac ./Drivers/STM32L4xx_HAL_Driver/Src/stm32l4xx_hal_uart.o
                0x0000000008006404                HAL_UART_Receive_IT
 .text.HAL_UART_IRQHandler
                0x00000000080064b0      0x630 ./Drivers/STM32L4xx_HAL_Driver/Src/stm32l4xx_hal_uart.o
                0x00000000080064b0                HAL_UART_IRQHandler
 .text.HAL_UART_TxCpltCallback
                0x0000000008006ae0       0x14 ./Drivers/STM32L4xx_HAL_Driver/Src/stm32l4xx_hal_uart.o
                0x0000000008006ae0                HAL_UART_TxCpltCallback
 .text.HAL_UART_ErrorCallback
                0x0000000008006af4       0x14 ./Drivers/STM32L4xx_HAL_Driver/Src/stm32l4xx_hal_uart.o
                0x0000000008006af4                HAL_UART_ErrorCallback
 .text.HAL_UARTEx_RxEventCallback
                0x0000000008006b08       0x18 ./Drivers/STM32L4xx_HAL_Driver/Src/stm32l4xx_hal_uart.o
                0x0000000008006b08                HAL_UARTEx_RxEventCallback
 .text.UART_SetConfig
                0x0000000008006b20      0x5f8 ./Drivers/STM32L4xx_HAL_Driver/Src/stm32l4xx_hal_uart.o
                0x0000000008006b20                UART_SetConfig
 .text.UART_AdvFeatureConfig
                0x0000000008007118      0x144 ./Drivers/STM32L4xx_HAL_Driver/Src/stm32l4xx_hal_uart.o
                0x0000000008007118                UART_AdvFeatureConfig
 .text.UART_CheckIdleState
                0x000000000800725c       0x96 ./Drivers/STM32L4xx_HAL_Driver/Src/stm32l4xx_hal_uart.o
                0x000000000800725c                UART_CheckIdleState
 .text.UART_WaitOnFlagUntilTimeout
                0x00000000080072f2      0x190 ./Drivers/STM32L4xx_HAL_Driver/Src/stm32l4xx_hal_uart.o
                0x00000000080072f2                UART_WaitOnFlagUntilTimeout
 *fill*         0x0000000008007482        0x2 
 .text.UART_Start_Receive_IT
                0x0000000008007484      0x254 ./Drivers/STM32L4xx_HAL_Driver/Src/stm32l4xx_hal_uart.o
                0x0000000008007484                UART_Start_Receive_IT
 .text.UART_EndRxTransfer
                0x00000000080076d8       0xcc ./Drivers/STM32L4xx_HAL_Driver/Src/stm32l4xx_hal_uart.o
 .text.UART_DMAAbortOnError
                0x00000000080077a4       0x2c ./Drivers/STM32L4xx_HAL_Driver/Src/stm32l4xx_hal_uart.o
 .text.UART_EndTransmit_IT
                0x00000000080077d0       0x56 ./Drivers/STM32L4xx_HAL_Driver/Src/stm32l4xx_hal_uart.o
 .text.UART_RxISR_8BIT
                0x0000000008007826      0x164 ./Drivers/STM32L4xx_HAL_Driver/Src/stm32l4xx_hal_uart.o
 .text.UART_RxISR_16BIT
                0x000000000800798a      0x164 ./Drivers/STM32L4xx_HAL_Driver/Src/stm32l4xx_hal_uart.o
 *fill*         0x0000000008007aee        0x2 
 .text.UART_RxISR_8BIT_FIFOEN
                0x0000000008007af0      0x2fc ./Drivers/STM32L4xx_HAL_Driver/Src/stm32l4xx_hal_uart.o
 .text.UART_RxISR_16BIT_FIFOEN
                0x0000000008007dec      0x304 ./Drivers/STM32L4xx_HAL_Driver/Src/stm32l4xx_hal_uart.o
 .text.HAL_UARTEx_WakeupCallback
                0x00000000080080f0       0x14 ./Drivers/STM32L4xx_HAL_Driver/Src/stm32l4xx_hal_uart_ex.o
                0x00000000080080f0                HAL_UARTEx_WakeupCallback
 .text.HAL_UARTEx_RxFifoFullCallback
                0x0000000008008104       0x14 ./Drivers/STM32L4xx_HAL_Driver/Src/stm32l4xx_hal_uart_ex.o
                0x0000000008008104                HAL_UARTEx_RxFifoFullCallback
 .text.HAL_UARTEx_TxFifoEmptyCallback
                0x0000000008008118       0x14 ./Drivers/STM32L4xx_HAL_Driver/Src/stm32l4xx_hal_uart_ex.o
                0x0000000008008118                HAL_UARTEx_TxFifoEmptyCallback
 .text.HAL_UARTEx_DisableFifoMode
                0x000000000800812c       0x72 ./Drivers/STM32L4xx_HAL_Driver/Src/stm32l4xx_hal_uart_ex.o
                0x000000000800812c                HAL_UARTEx_DisableFifoMode
 .text.HAL_UARTEx_SetTxFifoThreshold
                0x000000000800819e       0x7c ./Drivers/STM32L4xx_HAL_Driver/Src/stm32l4xx_hal_uart_ex.o
                0x000000000800819e                HAL_UARTEx_SetTxFifoThreshold
 .text.HAL_UARTEx_SetRxFifoThreshold
                0x000000000800821a       0x7c ./Drivers/STM32L4xx_HAL_Driver/Src/stm32l4xx_hal_uart_ex.o
                0x000000000800821a                HAL_UARTEx_SetRxFifoThreshold
 *fill*         0x0000000008008296        0x2 
 .text.UARTEx_SetNbDataToProcess
                0x0000000008008298       0x9c ./Drivers/STM32L4xx_HAL_Driver/Src/stm32l4xx_hal_uart_ex.o
 .text.makeFreeRtosPriority
                0x0000000008008334       0x30 ./Middlewares/Third_Party/FreeRTOS/Source/CMSIS_RTOS/cmsis_os.o
 .text.osKernelStart
                0x0000000008008364        0xe ./Middlewares/Third_Party/FreeRTOS/Source/CMSIS_RTOS/cmsis_os.o
                0x0000000008008364                osKernelStart
 .text.osThreadCreate
                0x0000000008008372       0x98 ./Middlewares/Third_Party/FreeRTOS/Source/CMSIS_RTOS/cmsis_os.o
                0x0000000008008372                osThreadCreate
 .text.osDelay  0x000000000800840a       0x28 ./Middlewares/Third_Party/FreeRTOS/Source/CMSIS_RTOS/cmsis_os.o
                0x000000000800840a                osDelay
 .text.vListInitialise
                0x0000000008008432       0x40 ./Middlewares/Third_Party/FreeRTOS/Source/list.o
                0x0000000008008432                vListInitialise
 .text.vListInitialiseItem
                0x0000000008008472       0x1a ./Middlewares/Third_Party/FreeRTOS/Source/list.o
                0x0000000008008472                vListInitialiseItem
 .text.vListInsertEnd
                0x000000000800848c       0x48 ./Middlewares/Third_Party/FreeRTOS/Source/list.o
                0x000000000800848c                vListInsertEnd
 .text.vListInsert
                0x00000000080084d4       0x72 ./Middlewares/Third_Party/FreeRTOS/Source/list.o
                0x00000000080084d4                vListInsert
 .text.uxListRemove
                0x0000000008008546       0x54 ./Middlewares/Third_Party/FreeRTOS/Source/list.o
                0x0000000008008546                uxListRemove
 .text.xTaskCreateStatic
                0x000000000800859a       0xba ./Middlewares/Third_Party/FreeRTOS/Source/tasks.o
                0x000000000800859a                xTaskCreateStatic
 .text.xTaskCreate
                0x0000000008008654       0x8a ./Middlewares/Third_Party/FreeRTOS/Source/tasks.o
                0x0000000008008654                xTaskCreate
 .text.prvInitialiseNewTask
                0x00000000080086de      0x10e ./Middlewares/Third_Party/FreeRTOS/Source/tasks.o
 .text.prvAddNewTaskToReadyList
                0x00000000080087ec       0xd4 ./Middlewares/Third_Party/FreeRTOS/Source/tasks.o
 .text.vTaskDelay
                0x00000000080088c0       0x68 ./Middlewares/Third_Party/FreeRTOS/Source/tasks.o
                0x00000000080088c0                vTaskDelay
 .text.vTaskStartScheduler
                0x0000000008008928       0xc0 ./Middlewares/Third_Party/FreeRTOS/Source/tasks.o
                0x0000000008008928                vTaskStartScheduler
 .text.vTaskSuspendAll
                0x00000000080089e8       0x1c ./Middlewares/Third_Party/FreeRTOS/Source/tasks.o
                0x00000000080089e8                vTaskSuspendAll
 .text.xTaskResumeAll
                0x0000000008008a04      0x138 ./Middlewares/Third_Party/FreeRTOS/Source/tasks.o
                0x0000000008008a04                xTaskResumeAll
 .text.xTaskIncrementTick
                0x0000000008008b3c      0x170 ./Middlewares/Third_Party/FreeRTOS/Source/tasks.o
                0x0000000008008b3c                xTaskIncrementTick
 .text.vTaskSwitchContext
                0x0000000008008cac       0xb8 ./Middlewares/Third_Party/FreeRTOS/Source/tasks.o
                0x0000000008008cac                vTaskSwitchContext
 .text.prvIdleTask
                0x0000000008008d64       0x30 ./Middlewares/Third_Party/FreeRTOS/Source/tasks.o
 .text.prvInitialiseTaskLists
                0x0000000008008d94       0x80 ./Middlewares/Third_Party/FreeRTOS/Source/tasks.o
 .text.prvCheckTasksWaitingTermination
                0x0000000008008e14       0x5c ./Middlewares/Third_Party/FreeRTOS/Source/tasks.o
 .text.prvDeleteTCB
                0x0000000008008e70       0x5e ./Middlewares/Third_Party/FreeRTOS/Source/tasks.o
 *fill*         0x0000000008008ece        0x2 
 .text.prvResetNextTaskUnblockTime
                0x0000000008008ed0       0x40 ./Middlewares/Third_Party/FreeRTOS/Source/tasks.o
 .text.prvAddCurrentTaskToDelayedList
                0x0000000008008f10       0xcc ./Middlewares/Third_Party/FreeRTOS/Source/tasks.o
 .text.pxPortInitialiseStack
                0x0000000008008fdc       0x68 ./Middlewares/Third_Party/FreeRTOS/Source/portable/GCC/ARM_CM4F/port.o
                0x0000000008008fdc                pxPortInitialiseStack
 .text.prvTaskExitError
                0x0000000008009044       0x58 ./Middlewares/Third_Party/FreeRTOS/Source/portable/GCC/ARM_CM4F/port.o
 *fill*         0x000000000800909c        0x4 
 .text.SVC_Handler
                0x00000000080090a0       0x28 ./Middlewares/Third_Party/FreeRTOS/Source/portable/GCC/ARM_CM4F/port.o
                0x00000000080090a0                SVC_Handler
 .text.prvPortStartFirstTask
                0x00000000080090c8       0x28 ./Middlewares/Third_Party/FreeRTOS/Source/portable/GCC/ARM_CM4F/port.o
 .text.xPortStartScheduler
                0x00000000080090f0      0x144 ./Middlewares/Third_Party/FreeRTOS/Source/portable/GCC/ARM_CM4F/port.o
                0x00000000080090f0                xPortStartScheduler
 .text.vPortEnterCritical
                0x0000000008009234       0x60 ./Middlewares/Third_Party/FreeRTOS/Source/portable/GCC/ARM_CM4F/port.o
                0x0000000008009234                vPortEnterCritical
 .text.vPortExitCritical
                0x0000000008009294       0x54 ./Middlewares/Third_Party/FreeRTOS/Source/portable/GCC/ARM_CM4F/port.o
                0x0000000008009294                vPortExitCritical
 *fill*         0x00000000080092e8        0x8 
 .text.PendSV_Handler
                0x00000000080092f0       0x68 ./Middlewares/Third_Party/FreeRTOS/Source/portable/GCC/ARM_CM4F/port.o
                0x00000000080092f0                PendSV_Handler
 .text.SysTick_Handler
                0x0000000008009358       0x44 ./Middlewares/Third_Party/FreeRTOS/Source/portable/GCC/ARM_CM4F/port.o
                0x0000000008009358                SysTick_Handler
 .text.vPortSetupTimerInterrupt
                0x000000000800939c       0x48 ./Middlewares/Third_Party/FreeRTOS/Source/portable/GCC/ARM_CM4F/port.o
                0x000000000800939c                vPortSetupTimerInterrupt
 .text.vPortEnableVFP
                0x00000000080093e4       0x14 ./Middlewares/Third_Party/FreeRTOS/Source/portable/GCC/ARM_CM4F/port.o
 .text.pvPortMalloc
                0x00000000080093f8      0x198 ./Middlewares/Third_Party/FreeRTOS/Source/portable/MemMang/heap_4.o
                0x00000000080093f8                pvPortMalloc
 .text.vPortFree
                0x0000000008009590       0xc4 ./Middlewares/Third_Party/FreeRTOS/Source/portable/MemMang/heap_4.o
                0x0000000008009590                vPortFree
 .text.prvHeapInit
                0x0000000008009654       0xc4 ./Middlewares/Third_Party/FreeRTOS/Source/portable/MemMang/heap_4.o
 .text.prvInsertBlockIntoFreeList
                0x0000000008009718       0xb4 ./Middlewares/Third_Party/FreeRTOS/Source/portable/MemMang/heap_4.o
 .text.findIndexByElement
                0x00000000080097cc       0x4e ./Src/MorseConversionLayer.o
                0x00000000080097cc                findIndexByElement
 *fill*         0x000000000800981a        0x2 
 .text.convertMorseToText
                0x000000000800981c       0x88 ./Src/MorseConversionLayer.o
                0x000000000800981c                convertMorseToText
 .text.convertTextToMorse
                0x00000000080098a4       0xcc ./Src/MorseConversionLayer.o
                0x00000000080098a4                convertTextToMorse
 .text.vApplicationGetIdleTaskMemory
                0x0000000008009970       0x34 ./Src/freertos.o
                0x0000000008009970                vApplicationGetIdleTaskMemory
 .text.main     0x00000000080099a4      0x1ac ./Src/main.o
                0x00000000080099a4                main
 .text.SystemClock_Config
                0x0000000008009b50       0xa4 ./Src/main.o
                0x0000000008009b50                SystemClock_Config
 .text.MX_DAC1_Init
                0x0000000008009bf4       0x68 ./Src/main.o
 .text.MX_DFSDM1_Init
                0x0000000008009c5c       0xcc ./Src/main.o
 .text.MX_I2C2_Init
                0x0000000008009d28       0x80 ./Src/main.o
 .text.MX_OCTOSPI1_Init
                0x0000000008009da8       0xac ./Src/main.o
 .text.MX_TIM2_Init
                0x0000000008009e54       0x9c ./Src/main.o
 .text.MX_USART1_UART_Init
                0x0000000008009ef0       0x98 ./Src/main.o
 .text.MX_DMA_Init
                0x0000000008009f88       0x94 ./Src/main.o
 .text.MX_GPIO_Init
                0x000000000800a01c      0x118 ./Src/main.o
 .text.read_char_morse
                0x000000000800a134       0xe0 ./Src/main.o
                0x000000000800a134                read_char_morse
 .text.HAL_GPIO_EXTI_Callback
                0x000000000800a214       0x16 ./Src/main.o
                0x000000000800a214                HAL_GPIO_EXTI_Callback
 *fill*         0x000000000800a22a        0x2 
 .text.HAL_UART_RxCpltCallback
                0x000000000800a22c       0x2c ./Src/main.o
                0x000000000800a22c                HAL_UART_RxCpltCallback
 .text.HAL_DFSDM_FilterRegConvCpltCallback
                0x000000000800a258       0x14 ./Src/main.o
                0x000000000800a258                HAL_DFSDM_FilterRegConvCpltCallback
 .text.StartReceivingTerminal
                0x000000000800a26c       0x80 ./Src/main.o
                0x000000000800a26c                StartReceivingTerminal
 .text.StartSideTask
                0x000000000800a2ec      0x588 ./Src/main.o
                0x000000000800a2ec                StartSideTask
 .text.HAL_TIM_PeriodElapsedCallback
                0x000000000800a874       0x24 ./Src/main.o
                0x000000000800a874                HAL_TIM_PeriodElapsedCallback
 .text.Error_Handler
                0x000000000800a898       0x1c ./Src/main.o
                0x000000000800a898                Error_Handler
 .text.BSP_QSPI_Init
                0x000000000800a8b4       0xec ./Src/stm32l4s5i_iot01_qspi.o
                0x000000000800a8b4                BSP_QSPI_Init
 .text.BSP_QSPI_Read
                0x000000000800a9a0       0xa4 ./Src/stm32l4s5i_iot01_qspi.o
                0x000000000800a9a0                BSP_QSPI_Read
 .text.BSP_QSPI_MspInit
                0x000000000800aa44       0x80 ./Src/stm32l4s5i_iot01_qspi.o
                0x000000000800aa44                BSP_QSPI_MspInit
 .text.QSPI_WriteEnable
                0x000000000800aac4       0xb8 ./Src/stm32l4s5i_iot01_qspi.o
 .text.QSPI_AutoPollingMemReady
                0x000000000800ab7c       0x96 ./Src/stm32l4s5i_iot01_qspi.o
 .text.QSPI_QuadMode
                0x000000000800ac12      0x158 ./Src/stm32l4s5i_iot01_qspi.o
 .text.QSPI_HighPerfMode
                0x000000000800ad6a      0x19e ./Src/stm32l4s5i_iot01_qspi.o
 .text.HAL_MspInit
                0x000000000800af08       0x50 ./Src/stm32l4xx_hal_msp.o
                0x000000000800af08                HAL_MspInit
 .text.HAL_DAC_MspInit
                0x000000000800af58       0xec ./Src/stm32l4xx_hal_msp.o
                0x000000000800af58                HAL_DAC_MspInit
 .text.HAL_DFSDM_FilterMspInit
                0x000000000800b044      0x168 ./Src/stm32l4xx_hal_msp.o
                0x000000000800b044                HAL_DFSDM_FilterMspInit
 .text.HAL_DFSDM_ChannelMspInit
                0x000000000800b1ac       0xe0 ./Src/stm32l4xx_hal_msp.o
                0x000000000800b1ac                HAL_DFSDM_ChannelMspInit
 .text.HAL_I2C_MspInit
                0x000000000800b28c       0xbc ./Src/stm32l4xx_hal_msp.o
                0x000000000800b28c                HAL_I2C_MspInit
 .text.HAL_OSPI_MspInit
                0x000000000800b348      0x11c ./Src/stm32l4xx_hal_msp.o
                0x000000000800b348                HAL_OSPI_MspInit
 .text.HAL_OSPI_MspDeInit
                0x000000000800b464       0x54 ./Src/stm32l4xx_hal_msp.o
                0x000000000800b464                HAL_OSPI_MspDeInit
 .text.HAL_TIM_Base_MspInit
                0x000000000800b4b8       0xa4 ./Src/stm32l4xx_hal_msp.o
                0x000000000800b4b8                HAL_TIM_Base_MspInit
 .text.HAL_UART_MspInit
                0x000000000800b55c      0x180 ./Src/stm32l4xx_hal_msp.o
                0x000000000800b55c                HAL_UART_MspInit
 .text.HAL_InitTick
                0x000000000800b6dc       0xf4 ./Src/stm32l4xx_hal_timebase_tim.o
                0x000000000800b6dc                HAL_InitTick
 .text.NMI_Handler
                0x000000000800b7d0        0x6 ./Src/stm32l4xx_it.o
                0x000000000800b7d0                NMI_Handler
 .text.HardFault_Handler
                0x000000000800b7d6        0x6 ./Src/stm32l4xx_it.o
                0x000000000800b7d6                HardFault_Handler
 .text.MemManage_Handler
                0x000000000800b7dc        0x6 ./Src/stm32l4xx_it.o
                0x000000000800b7dc                MemManage_Handler
 .text.BusFault_Handler
                0x000000000800b7e2        0x6 ./Src/stm32l4xx_it.o
                0x000000000800b7e2                BusFault_Handler
 .text.UsageFault_Handler
                0x000000000800b7e8        0x6 ./Src/stm32l4xx_it.o
                0x000000000800b7e8                UsageFault_Handler
 .text.DebugMon_Handler
                0x000000000800b7ee        0xe ./Src/stm32l4xx_it.o
                0x000000000800b7ee                DebugMon_Handler
 .text.DMA1_Channel1_IRQHandler
                0x000000000800b7fc       0x14 ./Src/stm32l4xx_it.o
                0x000000000800b7fc                DMA1_Channel1_IRQHandler
 .text.DMA1_Channel2_IRQHandler
                0x000000000800b810       0x14 ./Src/stm32l4xx_it.o
                0x000000000800b810                DMA1_Channel2_IRQHandler
 .text.DMA1_Channel3_IRQHandler
                0x000000000800b824       0x14 ./Src/stm32l4xx_it.o
                0x000000000800b824                DMA1_Channel3_IRQHandler
 .text.DMA1_Channel4_IRQHandler
                0x000000000800b838       0x14 ./Src/stm32l4xx_it.o
                0x000000000800b838                DMA1_Channel4_IRQHandler
 .text.DMA1_Channel5_IRQHandler
                0x000000000800b84c       0x14 ./Src/stm32l4xx_it.o
                0x000000000800b84c                DMA1_Channel5_IRQHandler
 .text.TIM2_IRQHandler
                0x000000000800b860       0x14 ./Src/stm32l4xx_it.o
                0x000000000800b860                TIM2_IRQHandler
 .text.USART1_IRQHandler
                0x000000000800b874       0x14 ./Src/stm32l4xx_it.o
                0x000000000800b874                USART1_IRQHandler
 .text.EXTI15_10_IRQHandler
                0x000000000800b888       0x10 ./Src/stm32l4xx_it.o
                0x000000000800b888                EXTI15_10_IRQHandler
 .text.TIM6_DAC_IRQHandler
                0x000000000800b898       0x14 ./Src/stm32l4xx_it.o
                0x000000000800b898                TIM6_DAC_IRQHandler
 .text.TIM7_IRQHandler
                0x000000000800b8ac       0x14 ./Src/stm32l4xx_it.o
                0x000000000800b8ac                TIM7_IRQHandler
 .text.DFSDM1_FLT0_IRQHandler
                0x000000000800b8c0       0x14 ./Src/stm32l4xx_it.o
                0x000000000800b8c0                DFSDM1_FLT0_IRQHandler
 .text._sbrk    0x000000000800b8d4       0x6c ./Src/sysmem.o
                0x000000000800b8d4                _sbrk
 .text.SystemInit
                0x000000000800b940       0x24 ./Src/system_stm32l4xx.o
                0x000000000800b940                SystemInit
 .text.VL53L0X_GetOffsetCalibrationDataMicroMeter
                0x000000000800b964       0x26 ./Src/vl53l0x_api.o
                0x000000000800b964                VL53L0X_GetOffsetCalibrationDataMicroMeter
 *fill*         0x000000000800b98a        0x2 
 .text.VL53L0X_DataInit
                0x000000000800b98c      0x30c ./Src/vl53l0x_api.o
                0x000000000800b98c                VL53L0X_DataInit
 .text.VL53L0X_StaticInit
                0x000000000800bc98      0x308 ./Src/vl53l0x_api.o
                0x000000000800bc98                VL53L0X_StaticInit
 .text.VL53L0X_ResetDevice
                0x000000000800bfa0       0x90 ./Src/vl53l0x_api.o
                0x000000000800bfa0                VL53L0X_ResetDevice
 .text.VL53L0X_GetDeviceParameters
                0x000000000800c030      0x16a ./Src/vl53l0x_api.o
                0x000000000800c030                VL53L0X_GetDeviceParameters
 *fill*         0x000000000800c19a        0x2 
 .text.VL53L0X_SetDeviceMode
                0x000000000800c19c       0x58 ./Src/vl53l0x_api.o
                0x000000000800c19c                VL53L0X_SetDeviceMode
 .text.VL53L0X_GetDeviceMode
                0x000000000800c1f4       0x26 ./Src/vl53l0x_api.o
                0x000000000800c1f4                VL53L0X_GetDeviceMode
 .text.VL53L0X_GetFractionEnable
                0x000000000800c21a       0x3e ./Src/vl53l0x_api.o
                0x000000000800c21a                VL53L0X_GetFractionEnable
 .text.VL53L0X_SetMeasurementTimingBudgetMicroSeconds
                0x000000000800c258       0x26 ./Src/vl53l0x_api.o
                0x000000000800c258                VL53L0X_SetMeasurementTimingBudgetMicroSeconds
 .text.VL53L0X_GetMeasurementTimingBudgetMicroSeconds
                0x000000000800c27e       0x26 ./Src/vl53l0x_api.o
                0x000000000800c27e                VL53L0X_GetMeasurementTimingBudgetMicroSeconds
 .text.VL53L0X_GetVcselPulsePeriod
                0x000000000800c2a4       0x2e ./Src/vl53l0x_api.o
                0x000000000800c2a4                VL53L0X_GetVcselPulsePeriod
 *fill*         0x000000000800c2d2        0x2 
 .text.VL53L0X_SetSequenceStepEnable
                0x000000000800c2d4      0x144 ./Src/vl53l0x_api.o
                0x000000000800c2d4                VL53L0X_SetSequenceStepEnable
 .text.sequence_step_enabled
                0x000000000800c418       0xa4 ./Src/vl53l0x_api.o
                0x000000000800c418                sequence_step_enabled
 .text.VL53L0X_GetSequenceStepEnables
                0x000000000800c4bc       0xb0 ./Src/vl53l0x_api.o
                0x000000000800c4bc                VL53L0X_GetSequenceStepEnables
 .text.VL53L0X_GetInterMeasurementPeriodMilliSeconds
                0x000000000800c56c       0x68 ./Src/vl53l0x_api.o
                0x000000000800c56c                VL53L0X_GetInterMeasurementPeriodMilliSeconds
 .text.VL53L0X_GetXTalkCompensationEnable
                0x000000000800c5d4       0x2a ./Src/vl53l0x_api.o
                0x000000000800c5d4                VL53L0X_GetXTalkCompensationEnable
 .text.VL53L0X_GetXTalkCompensationRateMegaCps
                0x000000000800c5fe       0x66 ./Src/vl53l0x_api.o
                0x000000000800c5fe                VL53L0X_GetXTalkCompensationRateMegaCps
 .text.VL53L0X_SetLimitCheckEnable
                0x000000000800c664      0x118 ./Src/vl53l0x_api.o
                0x000000000800c664                VL53L0X_SetLimitCheckEnable
 .text.VL53L0X_GetLimitCheckEnable
                0x000000000800c77c       0x46 ./Src/vl53l0x_api.o
                0x000000000800c77c                VL53L0X_GetLimitCheckEnable
 *fill*         0x000000000800c7c2        0x2 
 .text.VL53L0X_SetLimitCheckValue
                0x000000000800c7c4       0xc4 ./Src/vl53l0x_api.o
                0x000000000800c7c4                VL53L0X_SetLimitCheckValue
 .text.VL53L0X_GetLimitCheckValue
                0x000000000800c888      0x11c ./Src/vl53l0x_api.o
                0x000000000800c888                VL53L0X_GetLimitCheckValue
 .text.VL53L0X_GetWrapAroundCheckEnable
                0x000000000800c9a4       0x64 ./Src/vl53l0x_api.o
                0x000000000800c9a4                VL53L0X_GetWrapAroundCheckEnable
 .text.VL53L0X_PerformSingleMeasurement
                0x000000000800ca08       0x68 ./Src/vl53l0x_api.o
                0x000000000800ca08                VL53L0X_PerformSingleMeasurement
 .text.VL53L0X_PerformRefCalibration
                0x000000000800ca70       0x2c ./Src/vl53l0x_api.o
                0x000000000800ca70                VL53L0X_PerformRefCalibration
 .text.VL53L0X_CheckAndLoadInterruptSettings
                0x000000000800ca9c      0x1e4 ./Src/vl53l0x_api.o
                0x000000000800ca9c                VL53L0X_CheckAndLoadInterruptSettings
 .text.VL53L0X_StartMeasurement
                0x000000000800cc80      0x184 ./Src/vl53l0x_api.o
                0x000000000800cc80                VL53L0X_StartMeasurement
 .text.VL53L0X_GetMeasurementDataReady
                0x000000000800ce04       0x80 ./Src/vl53l0x_api.o
                0x000000000800ce04                VL53L0X_GetMeasurementDataReady
 .text.VL53L0X_GetRangingMeasurementData
                0x000000000800ce84      0x248 ./Src/vl53l0x_api.o
                0x000000000800ce84                VL53L0X_GetRangingMeasurementData
 .text.VL53L0X_PerformSingleRangingMeasurement
                0x000000000800d0cc       0x60 ./Src/vl53l0x_api.o
                0x000000000800d0cc                VL53L0X_PerformSingleRangingMeasurement
 .text.VL53L0X_SetGpioConfig
                0x000000000800d12c      0x248 ./Src/vl53l0x_api.o
                0x000000000800d12c                VL53L0X_SetGpioConfig
 .text.VL53L0X_GetInterruptThresholds
                0x000000000800d374       0x6c ./Src/vl53l0x_api.o
                0x000000000800d374                VL53L0X_GetInterruptThresholds
 .text.VL53L0X_ClearInterruptMask
                0x000000000800d3e0       0x80 ./Src/vl53l0x_api.o
                0x000000000800d3e0                VL53L0X_ClearInterruptMask
 .text.VL53L0X_GetInterruptMaskStatus
                0x000000000800d460       0x44 ./Src/vl53l0x_api.o
                0x000000000800d460                VL53L0X_GetInterruptMaskStatus
 .text.VL53L0X_PerformRefSpadManagement
                0x000000000800d4a4       0x2a ./Src/vl53l0x_api.o
                0x000000000800d4a4                VL53L0X_PerformRefSpadManagement
 .text.VL53L0X_get_offset_calibration_data_micro_meter
                0x000000000800d4ce       0x7e ./Src/vl53l0x_api_calibration.o
                0x000000000800d4ce                VL53L0X_get_offset_calibration_data_micro_meter
 .text.get_next_good_spad
                0x000000000800d54c       0xbc ./Src/vl53l0x_api_calibration.o
                0x000000000800d54c                get_next_good_spad
 .text.is_aperture
                0x000000000800d608       0x34 ./Src/vl53l0x_api_calibration.o
                0x000000000800d608                is_aperture
 .text.enable_spad_bit
                0x000000000800d63c       0x70 ./Src/vl53l0x_api_calibration.o
                0x000000000800d63c                enable_spad_bit
 .text.set_ref_spad_map
                0x000000000800d6ac       0x26 ./Src/vl53l0x_api_calibration.o
                0x000000000800d6ac                set_ref_spad_map
 .text.get_ref_spad_map
                0x000000000800d6d2       0x26 ./Src/vl53l0x_api_calibration.o
                0x000000000800d6d2                get_ref_spad_map
 .text.enable_ref_spads
                0x000000000800d6f8       0xf8 ./Src/vl53l0x_api_calibration.o
                0x000000000800d6f8                enable_ref_spads
 .text.perform_ref_signal_measurement
                0x000000000800d7f0       0xd4 ./Src/vl53l0x_api_calibration.o
                0x000000000800d7f0                perform_ref_signal_measurement
 .text.VL53L0X_perform_ref_spad_management
                0x000000000800d8c4      0x418 ./Src/vl53l0x_api_calibration.o
                0x000000000800d8c4                VL53L0X_perform_ref_spad_management
 .text.VL53L0X_set_reference_spads
                0x000000000800dcdc      0x14a ./Src/vl53l0x_api_calibration.o
                0x000000000800dcdc                VL53L0X_set_reference_spads
 .text.VL53L0X_perform_single_ref_calibration
                0x000000000800de26       0x76 ./Src/vl53l0x_api_calibration.o
                0x000000000800de26                VL53L0X_perform_single_ref_calibration
 .text.VL53L0X_ref_calibration_io
                0x000000000800de9c      0x132 ./Src/vl53l0x_api_calibration.o
                0x000000000800de9c                VL53L0X_ref_calibration_io
 .text.VL53L0X_perform_vhv_calibration
                0x000000000800dfce       0xce ./Src/vl53l0x_api_calibration.o
                0x000000000800dfce                VL53L0X_perform_vhv_calibration
 .text.VL53L0X_perform_phase_calibration
                0x000000000800e09c       0xca ./Src/vl53l0x_api_calibration.o
                0x000000000800e09c                VL53L0X_perform_phase_calibration
 .text.VL53L0X_perform_ref_calibration
                0x000000000800e166       0x7a ./Src/vl53l0x_api_calibration.o
                0x000000000800e166                VL53L0X_perform_ref_calibration
 .text.VL53L0X_measurement_poll_for_completion
                0x000000000800e1e0       0x60 ./Src/vl53l0x_api_core.o
                0x000000000800e1e0                VL53L0X_measurement_poll_for_completion
 .text.VL53L0X_decode_vcsel_period
                0x000000000800e240       0x26 ./Src/vl53l0x_api_core.o
                0x000000000800e240                VL53L0X_decode_vcsel_period
 .text.VL53L0X_isqrt
                0x000000000800e266       0x68 ./Src/vl53l0x_api_core.o
                0x000000000800e266                VL53L0X_isqrt
 .text.VL53L0X_device_read_strobe
                0x000000000800e2ce       0x86 ./Src/vl53l0x_api_core.o
                0x000000000800e2ce                VL53L0X_device_read_strobe
 .text.VL53L0X_get_info_from_device
                0x000000000800e354      0x99c ./Src/vl53l0x_api_core.o
                0x000000000800e354                VL53L0X_get_info_from_device
 .text.VL53L0X_calc_macro_period_ps
                0x000000000800ecf0       0x3c ./Src/vl53l0x_api_core.o
                0x000000000800ecf0                VL53L0X_calc_macro_period_ps
 .text.VL53L0X_encode_timeout
                0x000000000800ed2c       0x58 ./Src/vl53l0x_api_core.o
                0x000000000800ed2c                VL53L0X_encode_timeout
 .text.VL53L0X_decode_timeout
                0x000000000800ed84       0x2c ./Src/vl53l0x_api_core.o
                0x000000000800ed84                VL53L0X_decode_timeout
 .text.VL53L0X_calc_timeout_mclks
                0x000000000800edb0       0x54 ./Src/vl53l0x_api_core.o
                0x000000000800edb0                VL53L0X_calc_timeout_mclks
 .text.VL53L0X_calc_timeout_us
                0x000000000800ee04       0x54 ./Src/vl53l0x_api_core.o
                0x000000000800ee04                VL53L0X_calc_timeout_us
 .text.get_sequence_step_timeout
                0x000000000800ee58      0x1c2 ./Src/vl53l0x_api_core.o
                0x000000000800ee58                get_sequence_step_timeout
 .text.set_sequence_step_timeout
                0x000000000800f01a      0x1e4 ./Src/vl53l0x_api_core.o
                0x000000000800f01a                set_sequence_step_timeout
 .text.VL53L0X_get_vcsel_pulse_period
                0x000000000800f1fe       0x6e ./Src/vl53l0x_api_core.o
                0x000000000800f1fe                VL53L0X_get_vcsel_pulse_period
 .text.VL53L0X_set_measurement_timing_budget_micro_seconds
                0x000000000800f26c      0x1a6 ./Src/vl53l0x_api_core.o
                0x000000000800f26c                VL53L0X_set_measurement_timing_budget_micro_seconds
 .text.VL53L0X_get_measurement_timing_budget_micro_seconds
                0x000000000800f412      0x162 ./Src/vl53l0x_api_core.o
                0x000000000800f412                VL53L0X_get_measurement_timing_budget_micro_seconds
 .text.VL53L0X_load_tuning_settings
                0x000000000800f574      0x1c4 ./Src/vl53l0x_api_core.o
                0x000000000800f574                VL53L0X_load_tuning_settings
 .text.VL53L0X_get_total_xtalk_rate
                0x000000000800f738       0x5e ./Src/vl53l0x_api_core.o
                0x000000000800f738                VL53L0X_get_total_xtalk_rate
 .text.VL53L0X_get_total_signal_rate
                0x000000000800f796       0x4a ./Src/vl53l0x_api_core.o
                0x000000000800f796                VL53L0X_get_total_signal_rate
 .text.get_dmax_lut_points
                0x000000000800f7e0       0x8e ./Src/vl53l0x_api_core.o
                0x000000000800f7e0                get_dmax_lut_points
 .text.VL53L0X_calc_dmax
                0x000000000800f86e      0x14c ./Src/vl53l0x_api_core.o
                0x000000000800f86e                VL53L0X_calc_dmax
 *fill*         0x000000000800f9ba        0x2 
 .text.VL53L0X_calc_sigma_estimate
                0x000000000800f9bc      0x45c ./Src/vl53l0x_api_core.o
                0x000000000800f9bc                VL53L0X_calc_sigma_estimate
 .text.VL53L0X_get_pal_range_status
                0x000000000800fe18      0x3c4 ./Src/vl53l0x_api_core.o
                0x000000000800fe18                VL53L0X_get_pal_range_status
 .text._I2CWrite
                0x00000000080101dc       0x3e ./Src/vl53l0x_platform.o
                0x00000000080101dc                _I2CWrite
 .text._I2CRead
                0x000000000801021a       0x44 ./Src/vl53l0x_platform.o
                0x000000000801021a                _I2CRead
 *fill*         0x000000000801025e        0x2 
 .text.VL53L0X_WriteMulti
                0x0000000008010260       0x60 ./Src/vl53l0x_platform.o
                0x0000000008010260                VL53L0X_WriteMulti
 .text.VL53L0X_ReadMulti
                0x00000000080102c0       0x56 ./Src/vl53l0x_platform.o
                0x00000000080102c0                VL53L0X_ReadMulti
 *fill*         0x0000000008010316        0x2 
 .text.VL53L0X_WrByte
                0x0000000008010318       0x48 ./Src/vl53l0x_platform.o
                0x0000000008010318                VL53L0X_WrByte
 .text.VL53L0X_WrWord
                0x0000000008010360       0x54 ./Src/vl53l0x_platform.o
                0x0000000008010360                VL53L0X_WrWord
 .text.VL53L0X_UpdateByte
                0x00000000080103b4       0x68 ./Src/vl53l0x_platform.o
                0x00000000080103b4                VL53L0X_UpdateByte
 .text.VL53L0X_RdByte
                0x000000000801041c       0x54 ./Src/vl53l0x_platform.o
                0x000000000801041c                VL53L0X_RdByte
 .text.VL53L0X_RdWord
                0x0000000008010470       0x70 ./Src/vl53l0x_platform.o
                0x0000000008010470                VL53L0X_RdWord
 .text.VL53L0X_RdDWord
                0x00000000080104e0       0x78 ./Src/vl53l0x_platform.o
                0x00000000080104e0                VL53L0X_RdDWord
 .text.VL53L0X_PollingDelay
                0x0000000008010558       0x1e ./Src/vl53l0x_platform.o
                0x0000000008010558                VL53L0X_PollingDelay
 *fill*         0x0000000008010576        0x2 
 .text.Reset_Handler
                0x0000000008010578       0x50 ./Startup/startup_stm32l4s5vitx.o
                0x0000000008010578                Reset_Handler
 .text.Default_Handler
                0x00000000080105c8        0x2 ./Startup/startup_stm32l4s5vitx.o
                0x00000000080105c8                RTC_Alarm_IRQHandler
                0x00000000080105c8                EXTI2_IRQHandler
                0x00000000080105c8                TIM8_TRG_COM_IRQHandler
                0x00000000080105c8                TIM8_CC_IRQHandler
                0x00000000080105c8                TIM1_CC_IRQHandler
                0x00000000080105c8                TSC_IRQHandler
                0x00000000080105c8                TAMP_STAMP_IRQHandler
                0x00000000080105c8                EXTI3_IRQHandler
                0x00000000080105c8                LPTIM2_IRQHandler
                0x00000000080105c8                DFSDM1_FLT1_IRQHandler
                0x00000000080105c8                GFXMMU_IRQHandler
                0x00000000080105c8                I2C3_ER_IRQHandler
                0x00000000080105c8                DFSDM1_FLT2_IRQHandler
                0x00000000080105c8                EXTI0_IRQHandler
                0x00000000080105c8                I2C2_EV_IRQHandler
                0x00000000080105c8                CAN1_RX0_IRQHandler
                0x00000000080105c8                FPU_IRQHandler
                0x00000000080105c8                TIM1_UP_TIM16_IRQHandler
                0x00000000080105c8                LTDC_ER_IRQHandler
                0x00000000080105c8                SPI1_IRQHandler
                0x00000000080105c8                OCTOSPI1_IRQHandler
                0x00000000080105c8                DCMI_IRQHandler
                0x00000000080105c8                TIM8_UP_IRQHandler
                0x00000000080105c8                OCTOSPI2_IRQHandler
                0x00000000080105c8                DMA2_Channel2_IRQHandler
                0x00000000080105c8                SAI2_IRQHandler
                0x00000000080105c8                ADC1_IRQHandler
                0x00000000080105c8                DFSDM1_FLT3_IRQHandler
                0x00000000080105c8                USART3_IRQHandler
                0x00000000080105c8                DMA1_Channel7_IRQHandler
                0x00000000080105c8                CAN1_RX1_IRQHandler
                0x00000000080105c8                UART5_IRQHandler
                0x00000000080105c8                TIM4_IRQHandler
                0x00000000080105c8                DMA2_Channel1_IRQHandler
                0x00000000080105c8                I2C1_EV_IRQHandler
                0x00000000080105c8                DMAMUX1_OVR_IRQHandler
                0x00000000080105c8                DMA1_Channel6_IRQHandler
                0x00000000080105c8                UART4_IRQHandler
                0x00000000080105c8                DMA2_Channel4_IRQHandler
                0x00000000080105c8                TIM3_IRQHandler
                0x00000000080105c8                RCC_IRQHandler
                0x00000000080105c8                Default_Handler
                0x00000000080105c8                DMA2_Channel7_IRQHandler
                0x00000000080105c8                SDMMC1_IRQHandler
                0x00000000080105c8                TIM5_IRQHandler
                0x00000000080105c8                I2C3_EV_IRQHandler
                0x00000000080105c8                EXTI9_5_IRQHandler
                0x00000000080105c8                RTC_WKUP_IRQHandler
                0x00000000080105c8                LTDC_IRQHandler
                0x00000000080105c8                PVD_PVM_IRQHandler
                0x00000000080105c8                SPI2_IRQHandler
                0x00000000080105c8                CAN1_TX_IRQHandler
                0x00000000080105c8                DMA2_Channel5_IRQHandler
                0x00000000080105c8                EXTI4_IRQHandler
                0x00000000080105c8                RNG_IRQHandler
                0x00000000080105c8                TIM1_TRG_COM_TIM17_IRQHandler
                0x00000000080105c8                COMP_IRQHandler
                0x00000000080105c8                HASH_CRS_IRQHandler
                0x00000000080105c8                WWDG_IRQHandler
                0x00000000080105c8                I2C4_EV_IRQHandler
                0x00000000080105c8                LPUART1_IRQHandler
                0x00000000080105c8                DMA2_Channel6_IRQHandler
                0x00000000080105c8                DMA2D_IRQHandler
                0x00000000080105c8                EXTI1_IRQHandler
                0x00000000080105c8                AES_IRQHandler
                0x00000000080105c8                USART2_IRQHandler
                0x00000000080105c8                I2C2_ER_IRQHandler
                0x00000000080105c8                TIM8_BRK_IRQHandler
                0x00000000080105c8                CAN1_SCE_IRQHandler
                0x00000000080105c8                FLASH_IRQHandler
                0x00000000080105c8                OTG_FS_IRQHandler
                0x00000000080105c8                SPI3_IRQHandler
                0x00000000080105c8                I2C1_ER_IRQHandler
                0x00000000080105c8                FMC_IRQHandler
                0x00000000080105c8                LPTIM1_IRQHandler
                0x00000000080105c8                I2C4_ER_IRQHandler
                0x00000000080105c8                SAI1_IRQHandler
                0x00000000080105c8                DMA2_Channel3_IRQHandler
                0x00000000080105c8                TIM1_BRK_TIM15_IRQHandler
 *fill*         0x00000000080105ca        0x2 
 .text.__errno  0x00000000080105cc        0xc c:/st/stm32cubeide_1.10.1/stm32cubeide/plugins/com.st.stm32cube.ide.mcu.externaltools.gnu-tools-for-stm32.10.3-2021.10.win32_1.0.0.202111181127/tools/bin/../lib/gcc/arm-none-eabi/10.3.1/../../../../arm-none-eabi/lib/thumb/v7e-m+fp/hard\libc_nano.a(lib_a-errno.o)
                0x00000000080105cc                __errno
 .text.__libc_init_array
                0x00000000080105d8       0x48 c:/st/stm32cubeide_1.10.1/stm32cubeide/plugins/com.st.stm32cube.ide.mcu.externaltools.gnu-tools-for-stm32.10.3-2021.10.win32_1.0.0.202111181127/tools/bin/../lib/gcc/arm-none-eabi/10.3.1/../../../../arm-none-eabi/lib/thumb/v7e-m+fp/hard\libc_nano.a(lib_a-init.o)
                0x00000000080105d8                __libc_init_array
 .text.memcpy   0x0000000008010620       0x1c c:/st/stm32cubeide_1.10.1/stm32cubeide/plugins/com.st.stm32cube.ide.mcu.externaltools.gnu-tools-for-stm32.10.3-2021.10.win32_1.0.0.202111181127/tools/bin/../lib/gcc/arm-none-eabi/10.3.1/../../../../arm-none-eabi/lib/thumb/v7e-m+fp/hard\libc_nano.a(lib_a-memcpy-stub.o)
                0x0000000008010620                memcpy
 .text.memset   0x000000000801063c       0x10 c:/st/stm32cubeide_1.10.1/stm32cubeide/plugins/com.st.stm32cube.ide.mcu.externaltools.gnu-tools-for-stm32.10.3-2021.10.win32_1.0.0.202111181127/tools/bin/../lib/gcc/arm-none-eabi/10.3.1/../../../../arm-none-eabi/lib/thumb/v7e-m+fp/hard\libc_nano.a(lib_a-memset.o)
                0x000000000801063c                memset
 .text.snprintf
                0x000000000801064c       0x68 c:/st/stm32cubeide_1.10.1/stm32cubeide/plugins/com.st.stm32cube.ide.mcu.externaltools.gnu-tools-for-stm32.10.3-2021.10.win32_1.0.0.202111181127/tools/bin/../lib/gcc/arm-none-eabi/10.3.1/../../../../arm-none-eabi/lib/thumb/v7e-m+fp/hard\libc_nano.a(lib_a-snprintf.o)
                0x000000000801064c                sniprintf
                0x000000000801064c                snprintf
 .text.strcpy   0x00000000080106b4       0x10 c:/st/stm32cubeide_1.10.1/stm32cubeide/plugins/com.st.stm32cube.ide.mcu.externaltools.gnu-tools-for-stm32.10.3-2021.10.win32_1.0.0.202111181127/tools/bin/../lib/gcc/arm-none-eabi/10.3.1/../../../../arm-none-eabi/lib/thumb/v7e-m+fp/hard\libc_nano.a(lib_a-strcpy.o)
                0x00000000080106b4                strcpy
 .text.tolower  0x00000000080106c4       0x14 c:/st/stm32cubeide_1.10.1/stm32cubeide/plugins/com.st.stm32cube.ide.mcu.externaltools.gnu-tools-for-stm32.10.3-2021.10.win32_1.0.0.202111181127/tools/bin/../lib/gcc/arm-none-eabi/10.3.1/../../../../arm-none-eabi/lib/thumb/v7e-m+fp/hard\libc_nano.a(lib_a-tolower.o)
                0x00000000080106c4                tolower
 .text.__retarget_lock_acquire_recursive
                0x00000000080106d8        0x2 c:/st/stm32cubeide_1.10.1/stm32cubeide/plugins/com.st.stm32cube.ide.mcu.externaltools.gnu-tools-for-stm32.10.3-2021.10.win32_1.0.0.202111181127/tools/bin/../lib/gcc/arm-none-eabi/10.3.1/../../../../arm-none-eabi/lib/thumb/v7e-m+fp/hard\libc_nano.a(lib_a-lock.o)
                0x00000000080106d8                __retarget_lock_acquire_recursive
 .text.__retarget_lock_release_recursive
                0x00000000080106da        0x2 c:/st/stm32cubeide_1.10.1/stm32cubeide/plugins/com.st.stm32cube.ide.mcu.externaltools.gnu-tools-for-stm32.10.3-2021.10.win32_1.0.0.202111181127/tools/bin/../lib/gcc/arm-none-eabi/10.3.1/../../../../arm-none-eabi/lib/thumb/v7e-m+fp/hard\libc_nano.a(lib_a-lock.o)
                0x00000000080106da                __retarget_lock_release_recursive
 .text.sbrk_aligned
                0x00000000080106dc       0x40 c:/st/stm32cubeide_1.10.1/stm32cubeide/plugins/com.st.stm32cube.ide.mcu.externaltools.gnu-tools-for-stm32.10.3-2021.10.win32_1.0.0.202111181127/tools/bin/../lib/gcc/arm-none-eabi/10.3.1/../../../../arm-none-eabi/lib/thumb/v7e-m+fp/hard\libc_nano.a(lib_a-nano-mallocr.o)
 .text._malloc_r
                0x000000000801071c       0xe8 c:/st/stm32cubeide_1.10.1/stm32cubeide/plugins/com.st.stm32cube.ide.mcu.externaltools.gnu-tools-for-stm32.10.3-2021.10.win32_1.0.0.202111181127/tools/bin/../lib/gcc/arm-none-eabi/10.3.1/../../../../arm-none-eabi/lib/thumb/v7e-m+fp/hard\libc_nano.a(lib_a-nano-mallocr.o)
                0x000000000801071c                _malloc_r
 .text.__ssputs_r
                0x0000000008010804       0xb6 c:/st/stm32cubeide_1.10.1/stm32cubeide/plugins/com.st.stm32cube.ide.mcu.externaltools.gnu-tools-for-stm32.10.3-2021.10.win32_1.0.0.202111181127/tools/bin/../lib/gcc/arm-none-eabi/10.3.1/../../../../arm-none-eabi/lib/thumb/v7e-m+fp/hard\libc_nano.a(lib_a-nano-svfprintf.o)
                0x0000000008010804                __ssputs_r
 *fill*         0x00000000080108ba        0x2 
 .text._svfprintf_r
                0x00000000080108bc      0x200 c:/st/stm32cubeide_1.10.1/stm32cubeide/plugins/com.st.stm32cube.ide.mcu.externaltools.gnu-tools-for-stm32.10.3-2021.10.win32_1.0.0.202111181127/tools/bin/../lib/gcc/arm-none-eabi/10.3.1/../../../../arm-none-eabi/lib/thumb/v7e-m+fp/hard\libc_nano.a(lib_a-nano-svfprintf.o)
                0x00000000080108bc                _svfiprintf_r
                0x00000000080108bc                _svfprintf_r
 .text._printf_common
                0x0000000008010abc       0xda c:/st/stm32cubeide_1.10.1/stm32cubeide/plugins/com.st.stm32cube.ide.mcu.externaltools.gnu-tools-for-stm32.10.3-2021.10.win32_1.0.0.202111181127/tools/bin/../lib/gcc/arm-none-eabi/10.3.1/../../../../arm-none-eabi/lib/thumb/v7e-m+fp/hard\libc_nano.a(lib_a-nano-vfprintf_i.o)
                0x0000000008010abc                _printf_common
 *fill*         0x0000000008010b96        0x2 
 .text._printf_i
                0x0000000008010b98      0x24c c:/st/stm32cubeide_1.10.1/stm32cubeide/plugins/com.st.stm32cube.ide.mcu.externaltools.gnu-tools-for-stm32.10.3-2021.10.win32_1.0.0.202111181127/tools/bin/../lib/gcc/arm-none-eabi/10.3.1/../../../../arm-none-eabi/lib/thumb/v7e-m+fp/hard\libc_nano.a(lib_a-nano-vfprintf_i.o)
                0x0000000008010b98                _printf_i
 .text._sbrk_r  0x0000000008010de4       0x20 c:/st/stm32cubeide_1.10.1/stm32cubeide/plugins/com.st.stm32cube.ide.mcu.externaltools.gnu-tools-for-stm32.10.3-2021.10.win32_1.0.0.202111181127/tools/bin/../lib/gcc/arm-none-eabi/10.3.1/../../../../arm-none-eabi/lib/thumb/v7e-m+fp/hard\libc_nano.a(lib_a-sbrkr.o)
                0x0000000008010de4                _sbrk_r
 .text.memmove  0x0000000008010e04       0x34 c:/st/stm32cubeide_1.10.1/stm32cubeide/plugins/com.st.stm32cube.ide.mcu.externaltools.gnu-tools-for-stm32.10.3-2021.10.win32_1.0.0.202111181127/tools/bin/../lib/gcc/arm-none-eabi/10.3.1/../../../../arm-none-eabi/lib/thumb/v7e-m+fp/hard\libc_nano.a(lib_a-memmove.o)
                0x0000000008010e04                memmove
 .text.__malloc_lock
                0x0000000008010e38        0xc c:/st/stm32cubeide_1.10.1/stm32cubeide/plugins/com.st.stm32cube.ide.mcu.externaltools.gnu-tools-for-stm32.10.3-2021.10.win32_1.0.0.202111181127/tools/bin/../lib/gcc/arm-none-eabi/10.3.1/../../../../arm-none-eabi/lib/thumb/v7e-m+fp/hard\libc_nano.a(lib_a-mlock.o)
                0x0000000008010e38                __malloc_lock
 .text.__malloc_unlock
                0x0000000008010e44        0xc c:/st/stm32cubeide_1.10.1/stm32cubeide/plugins/com.st.stm32cube.ide.mcu.externaltools.gnu-tools-for-stm32.10.3-2021.10.win32_1.0.0.202111181127/tools/bin/../lib/gcc/arm-none-eabi/10.3.1/../../../../arm-none-eabi/lib/thumb/v7e-m+fp/hard\libc_nano.a(lib_a-mlock.o)
                0x0000000008010e44                __malloc_unlock
 .text._free_r  0x0000000008010e50       0x98 c:/st/stm32cubeide_1.10.1/stm32cubeide/plugins/com.st.stm32cube.ide.mcu.externaltools.gnu-tools-for-stm32.10.3-2021.10.win32_1.0.0.202111181127/tools/bin/../lib/gcc/arm-none-eabi/10.3.1/../../../../arm-none-eabi/lib/thumb/v7e-m+fp/hard\libc_nano.a(lib_a-nano-freer.o)
                0x0000000008010e50                _free_r
 .text._realloc_r
                0x0000000008010ee8       0x5e c:/st/stm32cubeide_1.10.1/stm32cubeide/plugins/com.st.stm32cube.ide.mcu.externaltools.gnu-tools-for-stm32.10.3-2021.10.win32_1.0.0.202111181127/tools/bin/../lib/gcc/arm-none-eabi/10.3.1/../../../../arm-none-eabi/lib/thumb/v7e-m+fp/hard\libc_nano.a(lib_a-nano-reallocr.o)
                0x0000000008010ee8                _realloc_r
 .text._malloc_usable_size_r
                0x0000000008010f46       0x10 c:/st/stm32cubeide_1.10.1/stm32cubeide/plugins/com.st.stm32cube.ide.mcu.externaltools.gnu-tools-for-stm32.10.3-2021.10.win32_1.0.0.202111181127/tools/bin/../lib/gcc/arm-none-eabi/10.3.1/../../../../arm-none-eabi/lib/thumb/v7e-m+fp/hard\libc_nano.a(lib_a-nano-msizer.o)
                0x0000000008010f46                _malloc_usable_size_r
 *(.glue_7)
 .glue_7        0x0000000008010f56        0x0 linker stubs
 *(.glue_7t)
 .glue_7t       0x0000000008010f56        0x0 linker stubs
 *(.eh_frame)
 *fill*         0x0000000008010f56        0x2 
 .eh_frame      0x0000000008010f58        0x0 c:/st/stm32cubeide_1.10.1/stm32cubeide/plugins/com.st.stm32cube.ide.mcu.externaltools.gnu-tools-for-stm32.10.3-2021.10.win32_1.0.0.202111181127/tools/bin/../lib/gcc/arm-none-eabi/10.3.1/thumb/v7e-m+fp/hard/crtbegin.o
 *(.init)
 .init          0x0000000008010f58        0x4 c:/st/stm32cubeide_1.10.1/stm32cubeide/plugins/com.st.stm32cube.ide.mcu.externaltools.gnu-tools-for-stm32.10.3-2021.10.win32_1.0.0.202111181127/tools/bin/../lib/gcc/arm-none-eabi/10.3.1/thumb/v7e-m+fp/hard/crti.o
                0x0000000008010f58                _init
 .init          0x0000000008010f5c        0x8 c:/st/stm32cubeide_1.10.1/stm32cubeide/plugins/com.st.stm32cube.ide.mcu.externaltools.gnu-tools-for-stm32.10.3-2021.10.win32_1.0.0.202111181127/tools/bin/../lib/gcc/arm-none-eabi/10.3.1/thumb/v7e-m+fp/hard/crtn.o
 *(.fini)
 .fini          0x0000000008010f64        0x4 c:/st/stm32cubeide_1.10.1/stm32cubeide/plugins/com.st.stm32cube.ide.mcu.externaltools.gnu-tools-for-stm32.10.3-2021.10.win32_1.0.0.202111181127/tools/bin/../lib/gcc/arm-none-eabi/10.3.1/thumb/v7e-m+fp/hard/crti.o
                0x0000000008010f64                _fini
 .fini          0x0000000008010f68        0x8 c:/st/stm32cubeide_1.10.1/stm32cubeide/plugins/com.st.stm32cube.ide.mcu.externaltools.gnu-tools-for-stm32.10.3-2021.10.win32_1.0.0.202111181127/tools/bin/../lib/gcc/arm-none-eabi/10.3.1/thumb/v7e-m+fp/hard/crtn.o
                0x0000000008010f70                . = ALIGN (0x4)
                0x0000000008010f70                _etext = .

.vfp11_veneer   0x0000000008010f70        0x0
 .vfp11_veneer  0x0000000008010f70        0x0 linker stubs

.v4_bx          0x0000000008010f70        0x0
 .v4_bx         0x0000000008010f70        0x0 linker stubs

.iplt           0x0000000008010f70        0x0
 .iplt          0x0000000008010f70        0x0 c:/st/stm32cubeide_1.10.1/stm32cubeide/plugins/com.st.stm32cube.ide.mcu.externaltools.gnu-tools-for-stm32.10.3-2021.10.win32_1.0.0.202111181127/tools/bin/../lib/gcc/arm-none-eabi/10.3.1/thumb/v7e-m+fp/hard/crtbegin.o

.rodata         0x0000000008010f70      0x390
                0x0000000008010f70                . = ALIGN (0x4)
 *(.rodata)
 .rodata        0x0000000008010f70        0x5 ./Middlewares/Third_Party/FreeRTOS/Source/tasks.o
 *fill*         0x0000000008010f75        0x3 
 .rodata        0x0000000008010f78       0xe6 ./Src/MorseConversionLayer.o
 *fill*         0x000000000801105e        0x2 
 .rodata        0x0000000008011060       0x95 ./Src/main.o
 *(.rodata*)
 *fill*         0x00000000080110f5        0x3 
 .rodata.UARTPrescTable
                0x00000000080110f8       0x18 ./Drivers/STM32L4xx_HAL_Driver/Src/stm32l4xx_hal_uart.o
                0x00000000080110f8                UARTPrescTable
 .rodata.numerator.1
                0x0000000008011110        0x8 ./Drivers/STM32L4xx_HAL_Driver/Src/stm32l4xx_hal_uart_ex.o
 .rodata.denominator.0
                0x0000000008011118        0x8 ./Drivers/STM32L4xx_HAL_Driver/Src/stm32l4xx_hal_uart_ex.o
 .rodata.AHBPrescTable
                0x0000000008011120       0x10 ./Src/system_stm32l4xx.o
                0x0000000008011120                AHBPrescTable
 .rodata.APBPrescTable
                0x0000000008011130        0x8 ./Src/system_stm32l4xx.o
                0x0000000008011130                APBPrescTable
 .rodata.MSIRangeTable
                0x0000000008011138       0x30 ./Src/system_stm32l4xx.o
                0x0000000008011138                MSIRangeTable
 .rodata._ctype_
                0x0000000008011168      0x101 c:/st/stm32cubeide_1.10.1/stm32cubeide/plugins/com.st.stm32cube.ide.mcu.externaltools.gnu-tools-for-stm32.10.3-2021.10.win32_1.0.0.202111181127/tools/bin/../lib/gcc/arm-none-eabi/10.3.1/../../../../arm-none-eabi/lib/thumb/v7e-m+fp/hard\libc_nano.a(lib_a-ctype_.o)
                0x0000000008011168                _ctype_
 *fill*         0x0000000008011269        0x3 
 .rodata.__sf_fake_stderr
                0x000000000801126c       0x20 c:/st/stm32cubeide_1.10.1/stm32cubeide/plugins/com.st.stm32cube.ide.mcu.externaltools.gnu-tools-for-stm32.10.3-2021.10.win32_1.0.0.202111181127/tools/bin/../lib/gcc/arm-none-eabi/10.3.1/../../../../arm-none-eabi/lib/thumb/v7e-m+fp/hard\libc_nano.a(lib_a-findfp.o)
                0x000000000801126c                __sf_fake_stderr
 .rodata.__sf_fake_stdin
                0x000000000801128c       0x20 c:/st/stm32cubeide_1.10.1/stm32cubeide/plugins/com.st.stm32cube.ide.mcu.externaltools.gnu-tools-for-stm32.10.3-2021.10.win32_1.0.0.202111181127/tools/bin/../lib/gcc/arm-none-eabi/10.3.1/../../../../arm-none-eabi/lib/thumb/v7e-m+fp/hard\libc_nano.a(lib_a-findfp.o)
                0x000000000801128c                __sf_fake_stdin
 .rodata.__sf_fake_stdout
                0x00000000080112ac       0x20 c:/st/stm32cubeide_1.10.1/stm32cubeide/plugins/com.st.stm32cube.ide.mcu.externaltools.gnu-tools-for-stm32.10.3-2021.10.win32_1.0.0.202111181127/tools/bin/../lib/gcc/arm-none-eabi/10.3.1/../../../../arm-none-eabi/lib/thumb/v7e-m+fp/hard\libc_nano.a(lib_a-findfp.o)
                0x00000000080112ac                __sf_fake_stdout
 .rodata._svfprintf_r.str1.1
                0x00000000080112cc       0x11 c:/st/stm32cubeide_1.10.1/stm32cubeide/plugins/com.st.stm32cube.ide.mcu.externaltools.gnu-tools-for-stm32.10.3-2021.10.win32_1.0.0.202111181127/tools/bin/../lib/gcc/arm-none-eabi/10.3.1/../../../../arm-none-eabi/lib/thumb/v7e-m+fp/hard\libc_nano.a(lib_a-nano-svfprintf.o)
 .rodata._printf_i.str1.1
                0x00000000080112dd       0x22 c:/st/stm32cubeide_1.10.1/stm32cubeide/plugins/com.st.stm32cube.ide.mcu.externaltools.gnu-tools-for-stm32.10.3-2021.10.win32_1.0.0.202111181127/tools/bin/../lib/gcc/arm-none-eabi/10.3.1/../../../../arm-none-eabi/lib/thumb/v7e-m+fp/hard\libc_nano.a(lib_a-nano-vfprintf_i.o)
                0x0000000008011300                . = ALIGN (0x4)
 *fill*         0x00000000080112ff        0x1 

.ARM.extab      0x0000000008011300        0x0
                0x0000000008011300                . = ALIGN (0x4)
 *(.ARM.extab* .gnu.linkonce.armextab.*)
                0x0000000008011300                . = ALIGN (0x4)

.ARM            0x0000000008011300        0x8
                0x0000000008011300                . = ALIGN (0x4)
                0x0000000008011300                __exidx_start = .
 *(.ARM.exidx*)
 .ARM.exidx     0x0000000008011300        0x8 c:/st/stm32cubeide_1.10.1/stm32cubeide/plugins/com.st.stm32cube.ide.mcu.externaltools.gnu-tools-for-stm32.10.3-2021.10.win32_1.0.0.202111181127/tools/bin/../lib/gcc/arm-none-eabi/10.3.1/thumb/v7e-m+fp/hard\libgcc.a(_udivmoddi4.o)
                0x0000000008011308                __exidx_end = .
                0x0000000008011308                . = ALIGN (0x4)

.rel.dyn        0x0000000008011308        0x0
 .rel.iplt      0x0000000008011308        0x0 c:/st/stm32cubeide_1.10.1/stm32cubeide/plugins/com.st.stm32cube.ide.mcu.externaltools.gnu-tools-for-stm32.10.3-2021.10.win32_1.0.0.202111181127/tools/bin/../lib/gcc/arm-none-eabi/10.3.1/thumb/v7e-m+fp/hard/crtbegin.o

.preinit_array  0x0000000008011308        0x0
                0x0000000008011308                . = ALIGN (0x4)
                0x0000000008011308                PROVIDE (__preinit_array_start = .)
 *(.preinit_array*)
                0x0000000008011308                PROVIDE (__preinit_array_end = .)
                0x0000000008011308                . = ALIGN (0x4)

.init_array     0x0000000008011308        0x4
                0x0000000008011308                . = ALIGN (0x4)
                0x0000000008011308                PROVIDE (__init_array_start = .)
 *(SORT_BY_NAME(.init_array.*))
 *(.init_array*)
 .init_array    0x0000000008011308        0x4 c:/st/stm32cubeide_1.10.1/stm32cubeide/plugins/com.st.stm32cube.ide.mcu.externaltools.gnu-tools-for-stm32.10.3-2021.10.win32_1.0.0.202111181127/tools/bin/../lib/gcc/arm-none-eabi/10.3.1/thumb/v7e-m+fp/hard/crtbegin.o
                0x000000000801130c                PROVIDE (__init_array_end = .)
                0x000000000801130c                . = ALIGN (0x4)

.fini_array     0x000000000801130c        0x4
                0x000000000801130c                . = ALIGN (0x4)
                [!provide]                        PROVIDE (__fini_array_start = .)
 *(SORT_BY_NAME(.fini_array.*))
 *(.fini_array*)
 .fini_array    0x000000000801130c        0x4 c:/st/stm32cubeide_1.10.1/stm32cubeide/plugins/com.st.stm32cube.ide.mcu.externaltools.gnu-tools-for-stm32.10.3-2021.10.win32_1.0.0.202111181127/tools/bin/../lib/gcc/arm-none-eabi/10.3.1/thumb/v7e-m+fp/hard/crtbegin.o
                [!provide]                        PROVIDE (__fini_array_end = .)
                0x0000000008011310                . = ALIGN (0x4)
                0x0000000008011310                _sidata = LOADADDR (.data)

.data           0x0000000020000000      0x3cc load address 0x0000000008011310
                0x0000000020000000                . = ALIGN (0x4)
                0x0000000020000000                _sdata = .
 *(.data)
 *(.data*)
 .data.uwTickPrio
                0x0000000020000000        0x4 ./Drivers/STM32L4xx_HAL_Driver/Src/stm32l4xx_hal.o
                0x0000000020000000                uwTickPrio
 .data.uwTickFreq
                0x0000000020000004        0x1 ./Drivers/STM32L4xx_HAL_Driver/Src/stm32l4xx_hal.o
                0x0000000020000004                uwTickFreq
 *fill*         0x0000000020000005        0x3 
 .data.uxCriticalNesting
                0x0000000020000008        0x4 ./Middlewares/Third_Party/FreeRTOS/Source/portable/GCC/ARM_CM4F/port.o
 .data.alphabeticalMorse
                0x000000002000000c       0x68 ./Src/MorseConversionLayer.o
                0x000000002000000c                alphabeticalMorse
 .data.numericalMorse
                0x0000000020000074       0x28 ./Src/MorseConversionLayer.o
                0x0000000020000074                numericalMorse
 .data.pMyDevice
                0x000000002000009c        0x4 ./Src/main.o
                0x000000002000009c                pMyDevice
 .data.pRangeData
                0x00000000200000a0        0x4 ./Src/main.o
                0x00000000200000a0                pRangeData
 .data.distance_output
                0x00000000200000a4        0x2 ./Src/main.o
                0x00000000200000a4                distance_output
 *fill*         0x00000000200000a6        0x2 
 .data.SystemCoreClock
                0x00000000200000a8        0x4 ./Src/system_stm32l4xx.o
                0x00000000200000a8                SystemCoreClock
 .data.DefaultTuningSettings
                0x00000000200000ac       0xf3 ./Src/vl53l0x_api.o
                0x00000000200000ac                DefaultTuningSettings
 *fill*         0x000000002000019f        0x1 
 .data.InterruptThresholdSettings
                0x00000000200001a0      0x1b6 ./Src/vl53l0x_api.o
                0x00000000200001a0                InterruptThresholdSettings
 *fill*         0x0000000020000356        0x2 
 .data.refArrayQuadrants
                0x0000000020000358       0x10 ./Src/vl53l0x_api_calibration.o
                0x0000000020000358                refArrayQuadrants
 .data._impure_ptr
                0x0000000020000368        0x4 c:/st/stm32cubeide_1.10.1/stm32cubeide/plugins/com.st.stm32cube.ide.mcu.externaltools.gnu-tools-for-stm32.10.3-2021.10.win32_1.0.0.202111181127/tools/bin/../lib/gcc/arm-none-eabi/10.3.1/../../../../arm-none-eabi/lib/thumb/v7e-m+fp/hard\libc_nano.a(lib_a-impure.o)
                0x0000000020000368                _impure_ptr
 .data.impure_data
                0x000000002000036c       0x60 c:/st/stm32cubeide_1.10.1/stm32cubeide/plugins/com.st.stm32cube.ide.mcu.externaltools.gnu-tools-for-stm32.10.3-2021.10.win32_1.0.0.202111181127/tools/bin/../lib/gcc/arm-none-eabi/10.3.1/../../../../arm-none-eabi/lib/thumb/v7e-m+fp/hard\libc_nano.a(lib_a-impure.o)
 *(.RamFunc)
 *(.RamFunc*)
                0x00000000200003cc                . = ALIGN (0x4)
                0x00000000200003cc                _edata = .

.igot.plt       0x00000000200003cc        0x0 load address 0x00000000080116dc
 .igot.plt      0x00000000200003cc        0x0 c:/st/stm32cubeide_1.10.1/stm32cubeide/plugins/com.st.stm32cube.ide.mcu.externaltools.gnu-tools-for-stm32.10.3-2021.10.win32_1.0.0.202111181127/tools/bin/../lib/gcc/arm-none-eabi/10.3.1/thumb/v7e-m+fp/hard/crtbegin.o
                0x00000000200003cc                . = ALIGN (0x4)

.bss            0x00000000200003cc    0x1a154 load address 0x00000000080116dc
                0x00000000200003cc                _sbss = .
                0x00000000200003cc                __bss_start__ = _sbss
 *(.bss)
 .bss           0x00000000200003cc       0x1c c:/st/stm32cubeide_1.10.1/stm32cubeide/plugins/com.st.stm32cube.ide.mcu.externaltools.gnu-tools-for-stm32.10.3-2021.10.win32_1.0.0.202111181127/tools/bin/../lib/gcc/arm-none-eabi/10.3.1/thumb/v7e-m+fp/hard/crtbegin.o
 *(.bss*)
 .bss.uwTick    0x00000000200003e8        0x4 ./Drivers/STM32L4xx_HAL_Driver/Src/stm32l4xx_hal.o
                0x00000000200003e8                uwTick
 .bss.v_dfsdm1ChannelCounter
                0x00000000200003ec        0x4 ./Drivers/STM32L4xx_HAL_Driver/Src/stm32l4xx_hal_dfsdm.o
 .bss.a_dfsdm1ChannelHandle
                0x00000000200003f0       0x20 ./Drivers/STM32L4xx_HAL_Driver/Src/stm32l4xx_hal_dfsdm.o
 .bss.pxCurrentTCB
                0x0000000020000410        0x4 ./Middlewares/Third_Party/FreeRTOS/Source/tasks.o
                0x0000000020000410                pxCurrentTCB
 .bss.pxReadyTasksLists
                0x0000000020000414       0x8c ./Middlewares/Third_Party/FreeRTOS/Source/tasks.o
 .bss.xDelayedTaskList1
                0x00000000200004a0       0x14 ./Middlewares/Third_Party/FreeRTOS/Source/tasks.o
 .bss.xDelayedTaskList2
                0x00000000200004b4       0x14 ./Middlewares/Third_Party/FreeRTOS/Source/tasks.o