../Src/main.c:132:5:main	112	static
../Src/main.c:268:6:SystemClock_Config	96	static
../Src/main.c:319:13:MX_DAC1_Init	48	static
../Src/main.c:363:13:MX_DFSDM1_Init	8	static
../Src/main.c:416:13:MX_I2C2_Init	8	static
../Src/main.c:464:13:MX_OCTOSPI1_Init	32	static
../Src/main.c:512:13:MX_TIM2_Init	40	static
../Src/main.c:557:13:MX_USART1_UART_Init	8	static
../Src/main.c:603:13:MX_DMA_Init	16	static
../Src/main.c:634:13:MX_GPIO_Init	48	static
../Src/main.c:674:6:print_error	48	static
../Src/main.c:680:6:read_char_morse	24	static
../Src/main.c:722:6:HAL_GPIO_EXTI_Callback	16	static
../Src/main.c:757:6:HAL_UART_RxCpltCallback	16	static
../Src/main.c:763:6:HAL_DFSDM_FilterRegConvCpltCallback	16	static
../Src/main.c:800:6:StartReceivingTerminal	24	static
../Src/main.c:831:6:StartSideTask	40	static
../Src/main.c:1013:6:HAL_TIM_PeriodElapsedCallback	16	static
../Src/main.c:1030:6:Error_Handler	8	static,ignoring_inline_asm
