../Src/main.c:100:5:main	64	static
../Src/main.c:224:6:SystemClock_Config	96	static
../Src/main.c:275:13:MX_I2C2_Init	8	static
../Src/main.c:323:13:MX_TIM2_Init	40	static
../Src/main.c:368:13:MX_USART1_UART_Init	8	static
../Src/main.c:414:13:MX_DMA_Init	16	static
../Src/main.c:436:13:MX_GPIO_Init	40	static
../Src/main.c:468:6:print_error	48	static
../Src/main.c:474:6:read_char_morse	24	static
../Src/main.c:513:6:HAL_GPIO_EXTI_Callback	16	static
../Src/main.c:523:6:HAL_UART_RxCpltCallback	24	static
../Src/main.c:536:6:HAL_UART_TxCpltCallback	16	static
../Src/main.c:540:6:demo	16	static
../Src/main.c:557:6:Error_Handler	4	static,ignoring_inline_asm
